Circuit: * C:\Users\Leon\Desktop\E-BIKE\Spice\VoltageMeasurment\VoltageMeasurment.asc

WARNING: Specified period is not longer than the sum of Trise, Tfall, and Ton for v1.  Increasing period to 0.6
WARNING: Less than two connections to node n002.  This node is used by v3.
Direct Newton iteration for .op point succeeded.

Date: Fri Feb 21 18:01:12 2025
Total elapsed time: 0.062 seconds.

tnom = 27
temp = 27
method = modified trap
totiter = 2532
traniter = 2507
tranpoints = 1151
accept = 1119
rejected = 32
matrix size = 13
fillins = 2
solver = Normal
Avg thread counts: 1.6/2.2/2.2/1.6
Matrix Compiler1: 634 bytes object code size  0.3/0.2/[0.2]
Matrix Compiler2: 1.03 KB object code size  0.2/0.3/[0.2]

