Circuit: * F:\C&D\Team\Reeh\3_Diverses\1_Eagle Projekte\Drive\Spice\CurrentMeasurment\CurrentMeasurment.asc

WARNING: Specified period is not longer than the sum of Trise, Tfall, and Ton for v1.  Increasing period to 1.4
Direct Newton iteration failed to find .op point.  (Use ".option noopiter" to skip.)
Starting Gmin stepping
Gmin = 10
Gmin = 1.07374
Gmin = 0.115292
Gmin = 0.0123794
Gmin = 0.00132923
Gmin = 0.000142725
Gmin = 1.5325e-005
Gmin = 1.6455e-006
Gmin = 1.76685e-007
Gmin = 1.89714e-008
Gmin = 2.03704e-009
Gmin = 2.18725e-010
Gmin = 2.34854e-011
Gmin = 2.52173e-012
Gmin = 2.70769e-013
Gmin = 0
Gmin stepping succeeded in finding the operating point.


Date: Mon Sep 18 13:18:50 2023
Total elapsed time: 0.191 seconds.

tnom = 27
temp = 27
method = modified trap
totiter = 2827
traniter = 2417
tranpoints = 1110
accept = 1092
rejected = 18
matrix size = 21
fillins = 10
solver = Normal
Thread vector: 6.9/5.7[2] 1.6/1.1[2] 1.2/0.9[2] 0.1/0.5[1]  2592/500
Matrix Compiler1: 1.67 KB object code size  0.4/0.2/[0.1]
Matrix Compiler2: 2.20 KB object code size  0.3/0.2/[0.1]

