Circuit: * C:\Users\Leon\Desktop\E-BIKE\Spice\FaultOR\FaultOR.asc

Warning: Multiple definitions of model "2scr375p" Type: BJT
Warning: Multiple definitions of model "bc857b" Type: BJT
Warning: Multiple definitions of model "bc847c" Type: BJT
Warning: Multiple definitions of model "bc847b" Type: BJT
Limiting rise time of source v1 to 0.01
Limiting fall time of source v1 to 0.01
Limiting rise time of source v3 to 0.01
Limiting fall time of source v3 to 0.01
Limiting rise time of source v4 to 0.01
Limiting fall time of source v4 to 0.01
Direct Newton iteration for .op point succeeded.

Date: Wed Dec 25 13:58:29 2024
Total elapsed time: 0.062 seconds.

tnom = 27
temp = 27
method = modified trap
totiter = 2789
traniter = 2776
tranpoints = 1227
accept = 1166
rejected = 61
matrix size = 17
fillins = 0
solver = Normal
Avg thread counts: 1.5/2.1/2.1/1.5
Matrix Compiler1:      45 opcodes  0.2/[0.1]/0.2
Matrix Compiler2: off  [0.1]/0.2/0.2

