Archive member included to satisfy reference by file (symbol)

E:/ST/STM32CubeIDE_1.16.1/STM32CubeIDE/plugins/com.st.stm32cube.ide.mcu.externaltools.gnu-tools-for-stm32.12.3.rel1.win32_1.0.200.202406191623/tools/bin/../lib/gcc/arm-none-eabi/12.3.1/../../../../arm-none-eabi/lib/thumb/v7e-m+fp/hard\libc_nano.a(libc_a-exit.o)
                              E:/ST/STM32CubeIDE_1.16.1/STM32CubeIDE/plugins/com.st.stm32cube.ide.mcu.externaltools.gnu-tools-for-stm32.12.3.rel1.win32_1.0.200.202406191623/tools/bin/../lib/gcc/arm-none-eabi/12.3.1/../../../../arm-none-eabi/lib/thumb/v7e-m+fp/hard/crt0.o (exit)
E:/ST/STM32CubeIDE_1.16.1/STM32CubeIDE/plugins/com.st.stm32cube.ide.mcu.externaltools.gnu-tools-for-stm32.12.3.rel1.win32_1.0.200.202406191623/tools/bin/../lib/gcc/arm-none-eabi/12.3.1/../../../../arm-none-eabi/lib/thumb/v7e-m+fp/hard\libc_nano.a(libc_a-nano-vfprintf_float.o)
                              (_printf_float)
E:/ST/STM32CubeIDE_1.16.1/STM32CubeIDE/plugins/com.st.stm32cube.ide.mcu.externaltools.gnu-tools-for-stm32.12.3.rel1.win32_1.0.200.202406191623/tools/bin/../lib/gcc/arm-none-eabi/12.3.1/../../../../arm-none-eabi/lib/thumb/v7e-m+fp/hard\libc_nano.a(libc_a-nano-vfprintf_i.o)
                              E:/ST/STM32CubeIDE_1.16.1/STM32CubeIDE/plugins/com.st.stm32cube.ide.mcu.externaltools.gnu-tools-for-stm32.12.3.rel1.win32_1.0.200.202406191623/tools/bin/../lib/gcc/arm-none-eabi/12.3.1/../../../../arm-none-eabi/lib/thumb/v7e-m+fp/hard\libc_nano.a(libc_a-nano-vfprintf_float.o) (_printf_common)
E:/ST/STM32CubeIDE_1.16.1/STM32CubeIDE/plugins/com.st.stm32cube.ide.mcu.externaltools.gnu-tools-for-stm32.12.3.rel1.win32_1.0.200.202406191623/tools/bin/../lib/gcc/arm-none-eabi/12.3.1/../../../../arm-none-eabi/lib/thumb/v7e-m+fp/hard\libc_nano.a(libc_a-findfp.o)
                              E:/ST/STM32CubeIDE_1.16.1/STM32CubeIDE/plugins/com.st.stm32cube.ide.mcu.externaltools.gnu-tools-for-stm32.12.3.rel1.win32_1.0.200.202406191623/tools/bin/../lib/gcc/arm-none-eabi/12.3.1/../../../../arm-none-eabi/lib/thumb/v7e-m+fp/hard\libc_nano.a(libc_a-exit.o) (__stdio_exit_handler)
E:/ST/STM32CubeIDE_1.16.1/STM32CubeIDE/plugins/com.st.stm32cube.ide.mcu.externaltools.gnu-tools-for-stm32.12.3.rel1.win32_1.0.200.202406191623/tools/bin/../lib/gcc/arm-none-eabi/12.3.1/../../../../arm-none-eabi/lib/thumb/v7e-m+fp/hard\libc_nano.a(libc_a-fwalk.o)
                              E:/ST/STM32CubeIDE_1.16.1/STM32CubeIDE/plugins/com.st.stm32cube.ide.mcu.externaltools.gnu-tools-for-stm32.12.3.rel1.win32_1.0.200.202406191623/tools/bin/../lib/gcc/arm-none-eabi/12.3.1/../../../../arm-none-eabi/lib/thumb/v7e-m+fp/hard\libc_nano.a(libc_a-findfp.o) (_fwalk_sglue)
E:/ST/STM32CubeIDE_1.16.1/STM32CubeIDE/plugins/com.st.stm32cube.ide.mcu.externaltools.gnu-tools-for-stm32.12.3.rel1.win32_1.0.200.202406191623/tools/bin/../lib/gcc/arm-none-eabi/12.3.1/../../../../arm-none-eabi/lib/thumb/v7e-m+fp/hard\libc_nano.a(libc_a-snprintf.o)
                              ./Core/Src/liquidcrystal_i2c.o (snprintf)
E:/ST/STM32CubeIDE_1.16.1/STM32CubeIDE/plugins/com.st.stm32cube.ide.mcu.externaltools.gnu-tools-for-stm32.12.3.rel1.win32_1.0.200.202406191623/tools/bin/../lib/gcc/arm-none-eabi/12.3.1/../../../../arm-none-eabi/lib/thumb/v7e-m+fp/hard\libc_nano.a(libc_a-sprintf.o)
                              ./Core/Src/USB.o (sprintf)
E:/ST/STM32CubeIDE_1.16.1/STM32CubeIDE/plugins/com.st.stm32cube.ide.mcu.externaltools.gnu-tools-for-stm32.12.3.rel1.win32_1.0.200.202406191623/tools/bin/../lib/gcc/arm-none-eabi/12.3.1/../../../../arm-none-eabi/lib/thumb/v7e-m+fp/hard\libc_nano.a(libc_a-stdio.o)
                              E:/ST/STM32CubeIDE_1.16.1/STM32CubeIDE/plugins/com.st.stm32cube.ide.mcu.externaltools.gnu-tools-for-stm32.12.3.rel1.win32_1.0.200.202406191623/tools/bin/../lib/gcc/arm-none-eabi/12.3.1/../../../../arm-none-eabi/lib/thumb/v7e-m+fp/hard\libc_nano.a(libc_a-findfp.o) (__sread)
E:/ST/STM32CubeIDE_1.16.1/STM32CubeIDE/plugins/com.st.stm32cube.ide.mcu.externaltools.gnu-tools-for-stm32.12.3.rel1.win32_1.0.200.202406191623/tools/bin/../lib/gcc/arm-none-eabi/12.3.1/../../../../arm-none-eabi/lib/thumb/v7e-m+fp/hard\libc_nano.a(libc_a-memset.o)
                              E:/ST/STM32CubeIDE_1.16.1/STM32CubeIDE/plugins/com.st.stm32cube.ide.mcu.externaltools.gnu-tools-for-stm32.12.3.rel1.win32_1.0.200.202406191623/tools/bin/../lib/gcc/arm-none-eabi/12.3.1/../../../../arm-none-eabi/lib/thumb/v7e-m+fp/hard/crt0.o (memset)
E:/ST/STM32CubeIDE_1.16.1/STM32CubeIDE/plugins/com.st.stm32cube.ide.mcu.externaltools.gnu-tools-for-stm32.12.3.rel1.win32_1.0.200.202406191623/tools/bin/../lib/gcc/arm-none-eabi/12.3.1/../../../../arm-none-eabi/lib/thumb/v7e-m+fp/hard\libc_nano.a(libc_a-localeconv.o)
[...]
Memory Configuration

Name             Origin             Length             Attributes
CCMRAM           0x10000000         0x00010000         xrw
RAM              0x20000000         0x00020000         xrw
FLASH            0x08000000         0x00100000         xr
*default*        0x00000000         0xffffffff

Linker script and memory map

LOAD E:/ST/STM32CubeIDE_1.16.1/STM32CubeIDE/plugins/com.st.stm32cube.ide.mcu.externaltools.gnu-tools-for-stm32.12.3.rel1.win32_1.0.200.202406191623/tools/bin/../lib/gcc/arm-none-eabi/12.3.1/thumb/v7e-m+fp/hard/crti.o
LOAD E:/ST/STM32CubeIDE_1.16.1/STM32CubeIDE/plugins/com.st.stm32cube.ide.mcu.externaltools.gnu-tools-for-stm32.12.3.rel1.win32_1.0.200.202406191623/tools/bin/../lib/gcc/arm-none-eabi/12.3.1/thumb/v7e-m+fp/hard/crtbegin.o
LOAD E:/ST/STM32CubeIDE_1.16.1/STM32CubeIDE/plugins/com.st.stm32cube.ide.mcu.externaltools.gnu-tools-for-stm32.12.3.rel1.win32_1.0.200.202406191623/tools/bin/../lib/gcc/arm-none-eabi/12.3.1/../../../../arm-none-eabi/lib/thumb/v7e-m+fp/hard/crt0.o
LOAD ./Core/Src/BLDC.o
LOAD ./Core/Src/FOC.o
LOAD ./Core/Src/Mymath.o
LOAD ./Core/Src/USB.o
LOAD ./Core/Src/liquidcrystal_i2c.o
LOAD ./Core/Src/main.o
LOAD ./Core/Src/stm32f4xx_hal_msp.o
LOAD ./Core/Src/stm32f4xx_it.o
LOAD ./Core/Src/syscalls.o
LOAD ./Core/Src/sysmem.o
LOAD ./Core/Src/system_stm32f4xx.o
LOAD ./Core/Startup/startup_stm32f405rgtx.o
LOAD ./Drivers/STM32F4xx_HAL_Driver/Src/stm32f4xx_hal.o
LOAD ./Drivers/STM32F4xx_HAL_Driver/Src/stm32f4xx_hal_adc.o
LOAD ./Drivers/STM32F4xx_HAL_Driver/Src/stm32f4xx_hal_adc_ex.o
LOAD ./Drivers/STM32F4xx_HAL_Driver/Src/stm32f4xx_hal_cortex.o
LOAD ./Drivers/STM32F4xx_HAL_Driver/Src/stm32f4xx_hal_dma.o
LOAD ./Drivers/STM32F4xx_HAL_Driver/Src/stm32f4xx_hal_dma_ex.o
LOAD ./Drivers/STM32F4xx_HAL_Driver/Src/stm32f4xx_hal_exti.o
LOAD ./Drivers/STM32F4xx_HAL_Driver/Src/stm32f4xx_hal_flash.o
LOAD ./Drivers/STM32F4xx_HAL_Driver/Src/stm32f4xx_hal_flash_ex.o
LOAD ./Drivers/STM32F4xx_HAL_Driver/Src/stm32f4xx_hal_flash_ramfunc.o
LOAD ./Drivers/STM32F4xx_HAL_Driver/Src/stm32f4xx_hal_gpio.o
LOAD ./Drivers/STM32F4xx_HAL_Driver/Src/stm32f4xx_hal_i2c.o
LOAD ./Drivers/STM32F4xx_HAL_Driver/Src/stm32f4xx_hal_i2c_ex.o
LOAD ./Drivers/STM32F4xx_HAL_Driver/Src/stm32f4xx_hal_pcd.o
LOAD ./Drivers/STM32F4xx_HAL_Driver/Src/stm32f4xx_hal_pcd_ex.o
LOAD ./Drivers/STM32F4xx_HAL_Driver/Src/stm32f4xx_hal_pwr.o
LOAD ./Drivers/STM32F4xx_HAL_Driver/Src/stm32f4xx_hal_pwr_ex.o
LOAD ./Drivers/STM32F4xx_HAL_Driver/Src/stm32f4xx_hal_rcc.o
LOAD ./Drivers/STM32F4xx_HAL_Driver/Src/stm32f4xx_hal_rcc_ex.o
LOAD ./Drivers/STM32F4xx_HAL_Driver/Src/stm32f4xx_hal_tim.o
LOAD ./Drivers/STM32F4xx_HAL_Driver/Src/stm32f4xx_hal_tim_ex.o
LOAD ./Drivers/STM32F4xx_HAL_Driver/Src/stm32f4xx_hal_uart.o
LOAD ./Drivers/STM32F4xx_HAL_Driver/Src/stm32f4xx_ll_adc.o
LOAD ./Drivers/STM32F4xx_HAL_Driver/Src/stm32f4xx_ll_usb.o
LOAD ./Middlewares/ST/STM32_USB_Device_Library/Class/CDC/Src/usbd_cdc.o
LOAD ./Middlewares/ST/STM32_USB_Device_Library/Core/Src/usbd_core.o
LOAD ./Middlewares/ST/STM32_USB_Device_Library/Core/Src/usbd_ctlreq.o
LOAD ./Middlewares/ST/STM32_USB_Device_Library/Core/Src/usbd_ioreq.o
LOAD ./USB_DEVICE/App/usb_device.o
LOAD ./USB_DEVICE/App/usbd_cdc_if.o
LOAD ./USB_DEVICE/App/usbd_desc.o
LOAD ./USB_DEVICE/Target/usbd_conf.o
START GROUP
LOAD E:/ST/STM32CubeIDE_1.16.1/STM32CubeIDE/plugins/com.st.stm32cube.ide.mcu.externaltools.gnu-tools-for-stm32.12.3.rel1.win32_1.0.200.202406191623/tools/bin/../lib/gcc/arm-none-eabi/12.3.1/../../../../arm-none-eabi/lib/thumb/v7e-m+fp/hard\libc_nano.a
LOAD E:/ST/STM32CubeIDE_1.16.1/STM32CubeIDE/plugins/com.st.stm32cube.ide.mcu.externaltools.gnu-tools-for-stm32.12.3.rel1.win32_1.0.200.202406191623/tools/bin/../lib/gcc/arm-none-eabi/12.3.1/../../../../arm-none-eabi/lib/thumb/v7e-m+fp/hard\libm.a
END GROUP
START GROUP
LOAD E:/ST/STM32CubeIDE_1.16.1/STM32CubeIDE/plugins/com.st.stm32cube.ide.mcu.externaltools.gnu-tools-for-stm32.12.3.rel1.win32_1.0.200.202406191623/tools/bin/../lib/gcc/arm-none-eabi/12.3.1/thumb/v7e-m+fp/hard\libgcc.a
LOAD E:/ST/STM32CubeIDE_1.16.1/STM32CubeIDE/plugins/com.st.stm32cube.ide.mcu.externaltools.gnu-tools-for-stm32.12.3.rel1.win32_1.0.200.202406191623/tools/bin/../lib/gcc/arm-none-eabi/12.3.1/../../../../arm-none-eabi/lib/thumb/v7e-m+fp/hard\libc_nano.a
END GROUP
START GROUP
LOAD E:/ST/STM32CubeIDE_1.16.1/STM32CubeIDE/plugins/com.st.stm32cube.ide.mcu.externaltools.gnu-tools-for-stm32.12.3.rel1.win32_1.0.200.202406191623/tools/bin/../lib/gcc/arm-none-eabi/12.3.1/thumb/v7e-m+fp/hard\libgcc.a
LOAD E:/ST/STM32CubeIDE_1.16.1/STM32CubeIDE/plugins/com.st.stm32cube.ide.mcu.externaltools.gnu-tools-for-stm32.12.3.rel1.win32_1.0.200.202406191623/tools/bin/../lib/gcc/arm-none-eabi/12.3.1/../../../../arm-none-eabi/lib/thumb/v7e-m+fp/hard\libc_nano.a
LOAD E:/ST/STM32CubeIDE_1.16.1/STM32CubeIDE/plugins/com.st.stm32cube.ide.mcu.externaltools.gnu-tools-for-stm32.12.3.rel1.win32_1.0.200.202406191623/tools/bin/../lib/gcc/arm-none-eabi/12.3.1/../../../../arm-none-eabi/lib/thumb/v7e-m+fp/hard\libnosys.a
END GROUP
START GROUP
LOAD E:/ST/STM32CubeIDE_1.16.1/STM32CubeIDE/plugins/com.st.stm32cube.ide.mcu.externaltools.gnu-tools-for-stm32.12.3.rel1.win32_1.0.200.202406191623/tools/bin/../lib/gcc/arm-none-eabi/12.3.1/thumb/v7e-m+fp/hard\libgcc.a
LOAD E:/ST/STM32CubeIDE_1.16.1/STM32CubeIDE/plugins/com.st.stm32cube.ide.mcu.externaltools.gnu-tools-for-stm32.12.3.rel1.win32_1.0.200.202406191623/tools/bin/../lib/gcc/arm-none-eabi/12.3.1/../../../../arm-none-eabi/lib/thumb/v7e-m+fp/hard\libc_nano.a
LOAD E:/ST/STM32CubeIDE_1.16.1/STM32CubeIDE/plugins/com.st.stm32cube.ide.mcu.externaltools.gnu-tools-for-stm32.12.3.rel1.win32_1.0.200.202406191623/tools/bin/../lib/gcc/arm-none-eabi/12.3.1/../../../../arm-none-eabi/lib/thumb/v7e-m+fp/hard\libnosys.a
END GROUP
LOAD E:/ST/STM32CubeIDE_1.16.1/STM32CubeIDE/plugins/com.st.stm32cube.ide.mcu.externaltools.gnu-tools-for-stm32.12.3.rel1.win32_1.0.200.202406191623/tools/bin/../lib/gcc/arm-none-eabi/12.3.1/thumb/v7e-m+fp/hard/crtend.o
LOAD E:/ST/STM32CubeIDE_1.16.1/STM32CubeIDE/plugins/com.st.stm32cube.ide.mcu.externaltools.gnu-tools-for-stm32.12.3.rel1.win32_1.0.200.202406191623/tools/bin/../lib/gcc/arm-none-eabi/12.3.1/thumb/v7e-m+fp/hard/crtn.o
                0x20020000                        _estack = (ORIGIN (RAM) + LENGTH (RAM))
                0x00000200                        _Min_Heap_Size = 0x200
                0x00000400                        _Min_Stack_Size = 0x400

.isr_vector     0x08000000      0x188
                0x08000000                        . = ALIGN (0x4)
 *(.isr_vector)
 .isr_vector    0x08000000      0x188 ./Core/Startup/startup_stm32f405rgtx.o
                0x08000000                g_pfnVectors
                0x08000188                        . = ALIGN (0x4)

.text           0x08000190     0xfe4c
                0x08000190                        . = ALIGN (0x4)
 *(.text)
 .text          0x08000190       0x40 E:/ST/STM32CubeIDE_1.16.1/STM32CubeIDE/plugins/com.st.stm32cube.ide.mcu.externaltools.gnu-tools-for-stm32.12.3.rel1.win32_1.0.200.202406191623/tools/bin/../lib/gcc/arm-none-eabi/12.3.1/thumb/v7e-m+fp/hard/crtbegin.o
 .text          0x080001d0       0xa0 E:/ST/STM32CubeIDE_1.16.1/STM32CubeIDE/plugins/com.st.stm32cube.ide.mcu.externaltools.gnu-tools-for-stm32.12.3.rel1.win32_1.0.200.202406191623/tools/bin/../lib/gcc/arm-none-eabi/12.3.1/../../../../arm-none-eabi/lib/thumb/v7e-m+fp/hard\libc_nano.a(libc_a-memchr.o)
                0x080001d0                memchr
 .text          0x08000270       0x10 E:/ST/STM32CubeIDE_1.16.1/STM32CubeIDE/plugins/com.st.stm32cube.ide.mcu.externaltools.gnu-tools-for-stm32.12.3.rel1.win32_1.0.200.202406191623/tools/bin/../lib/gcc/arm-none-eabi/12.3.1/../../../../arm-none-eabi/lib/thumb/v7e-m+fp/hard\libc_nano.a(libc_a-strlen.o)
                0x08000270                strlen
 .text          0x08000280      0x378 E:/ST/STM32CubeIDE_1.16.1/STM32CubeIDE/plugins/com.st.stm32cube.ide.mcu.externaltools.gnu-tools-for-stm32.12.3.rel1.win32_1.0.200.202406191623/tools/bin/../lib/gcc/arm-none-eabi/12.3.1/thumb/v7e-m+fp/hard\libgcc.a(_arm_addsubdf3.o)
                0x08000280                __aeabi_drsub
                0x08000288                __aeabi_dsub
                0x08000288                __subdf3
                0x0800028c                __aeabi_dadd
                0x0800028c                __adddf3
                0x08000504                __floatunsidf
                0x08000504                __aeabi_ui2d
                0x08000524                __floatsidf
                0x08000524                __aeabi_i2d
                0x08000548                __aeabi_f2d
                0x08000548                __extendsfdf2
                0x0800058c                __floatundidf
                0x0800058c                __aeabi_ul2d
                0x0800059c                __floatdidf
                0x0800059c                __aeabi_l2d
 .text          0x080005f8      0x424 E:/ST/STM32CubeIDE_1.16.1/STM32CubeIDE/plugins/com.st.stm32cube.ide.mcu.externaltools.gnu-tools-for-stm32.12.3.rel1.win32_1.0.200.202406191623/tools/bin/../lib/gcc/arm-none-eabi/12.3.1/thumb/v7e-m+fp/hard\libgcc.a(_arm_muldivdf3.o)
                0x080005f8                __aeabi_dmul
                0x080005f8                __muldf3
                0x0800084c                __divdf3
                0x0800084c                __aeabi_ddiv
 .text          0x08000a1c      0x110 E:/ST/STM32CubeIDE_1.16.1/STM32CubeIDE/plugins/com.st.stm32cube.ide.mcu.externaltools.gnu-tools-for-stm32.12.3.rel1.win32_1.0.200.202406191623/tools/bin/../lib/gcc/arm-none-eabi/12.3.1/thumb/v7e-m+fp/hard\libgcc.a(_arm_cmpdf2.o)
                0x08000a1c                __gtdf2
                0x08000a1c                __gedf2
                0x08000a24                __ltdf2
                0x08000a24                __ledf2
                0x08000a2c                __nedf2
                0x08000a2c                __eqdf2
                0x08000a2c                __cmpdf2
                0x08000aa8                __aeabi_cdrcmple
                0x08000ab8                __aeabi_cdcmpeq
                0x08000ab8                __aeabi_cdcmple
                0x08000ac8                __aeabi_dcmpeq
                0x08000adc                __aeabi_dcmplt
                0x08000af0                __aeabi_dcmple
                0x08000b04                __aeabi_dcmpge
                0x08000b18                __aeabi_dcmpgt
 .text          0x08000b2c       0x2c E:/ST/STM32CubeIDE_1.16.1/STM32CubeIDE/plugins/com.st.stm32cube.ide.mcu.externaltools.gnu-tools-for-stm32.12.3.rel1.win32_1.0.200.202406191623/tools/bin/../lib/gcc/arm-none-eabi/12.3.1/thumb/v7e-m+fp/hard\libgcc.a(_arm_unorddf2.o)
                0x08000b2c                __unorddf2
                0x08000b2c                __aeabi_dcmpun
 .text          0x08000b58       0x50 E:/ST/STM32CubeIDE_1.16.1/STM32CubeIDE/plugins/com.st.stm32cube.ide.mcu.externaltools.gnu-tools-for-stm32.12.3.rel1.win32_1.0.200.202406191623/tools/bin/../lib/gcc/arm-none-eabi/12.3.1/thumb/v7e-m+fp/hard\libgcc.a(_arm_fixdfsi.o)
                0x08000b58                __aeabi_d2iz
                0x08000b58                __fixdfsi
 .text          0x08000ba8       0xa0 E:/ST/STM32CubeIDE_1.16.1/STM32CubeIDE/plugins/com.st.stm32cube.ide.mcu.externaltools.gnu-tools-for-stm32.12.3.rel1.win32_1.0.200.202406191623/tools/bin/../lib/gcc/arm-none-eabi/12.3.1/thumb/v7e-m+fp/hard\libgcc.a(_arm_truncdfsf2.o)
                0x08000ba8                __truncdfsf2
                0x08000ba8                __aeabi_d2f
 .text          0x08000c48       0x30 E:/ST/STM32CubeIDE_1.16.1/STM32CubeIDE/plugins/com.st.stm32cube.ide.mcu.externaltools.gnu-tools-for-stm32.12.3.rel1.win32_1.0.200.202406191623/tools/bin/../lib/gcc/arm-none-eabi/12.3.1/thumb/v7e-m+fp/hard\libgcc.a(_aeabi_uldivmod.o)
                0x08000c48                __aeabi_uldivmod
 .text          0x08000c78      0x2bc E:/ST/STM32CubeIDE_1.16.1/STM32CubeIDE/plugins/com.st.stm32cube.ide.mcu.externaltools.gnu-tools-for-stm32.12.3.rel1.win32_1.0.200.202406191623/tools/bin/../lib/gcc/arm-none-eabi/12.3.1/thumb/v7e-m+fp/hard\libgcc.a(_udivmoddi4.o)
                0x08000c78                __udivmoddi4
 .text          0x08000f34        0x4 E:/ST/STM32CubeIDE_1.16.1/STM32CubeIDE/plugins/com.st.stm32cube.ide.mcu.externaltools.gnu-tools-for-stm32.12.3.rel1.win32_1.0.200.202406191623/tools/bin/../lib/gcc/arm-none-eabi/12.3.1/thumb/v7e-m+fp/hard\libgcc.a(_dvmd_tls.o)
                0x08000f34                __aeabi_idiv0
                0x08000f34                __aeabi_ldiv0
 *(.text*)
 .text.hallState
                0x08000f38       0xe6 ./Core/Src/BLDC.o
                0x08000f38                hallState
 *fill*         0x0800101e        0x2 
 .text.commutator
                0x08001020      0x210 ./Core/Src/BLDC.o
                0x08001020                commutator
 .text.initBLDC
                0x08001230       0x64 ./Core/Src/BLDC.o
                0x08001230                initBLDC
 .text.map      0x08001294       0x4a ./Core/Src/Mymath.o
                0x08001294                map
 *fill*         0x080012de        0x2 
 .text.adc_volt
                0x080012e0       0x9c ./Core/Src/Mymath.o
                0x080012e0                adc_volt
 *fill*         0x0800137c        0x4 
 .text.adc_cur  0x08001380       0xbc ./Core/Src/Mymath.o
                0x08001380                adc_cur
 *fill*         0x0800143c        0x4 
 .text.adc_temp
                0x08001440      0x184 ./Core/Src/Mymath.o
                0x08001440                adc_temp
 .text.rpm_tokmh
                0x080015c4       0x58 ./Core/Src/Mymath.o
                0x080015c4                rpm_tokmh
 .text.HD44780_Init
                0x0800161c      0x108 ./Core/Src/liquidcrystal_i2c.o
                0x0800161c                HD44780_Init
 .text.HD44780_Clear
                0x08001724       0x16 ./Core/Src/liquidcrystal_i2c.o
                0x08001724                HD44780_Clear
 .text.HD44780_Home
                0x0800173a       0x16 ./Core/Src/liquidcrystal_i2c.o
                0x0800173a                HD44780_Home
 .text.HD44780_SetCursor
                0x08001750       0x64 ./Core/Src/liquidcrystal_i2c.o
                0x08001750                HD44780_SetCursor
 .text.HD44780_Display
                0x080017b4       0x2c ./Core/Src/liquidcrystal_i2c.o
                0x080017b4                HD44780_Display
 .text.HD44780_CreateSpecialChar
                0x080017e0       0x52 ./Core/Src/liquidcrystal_i2c.o
                0x080017e0                HD44780_CreateSpecialChar
 .text.HD44780_PrintStr
                0x08001832       0x2a ./Core/Src/liquidcrystal_i2c.o
                0x08001832                HD44780_PrintStr
 .text.SendCommand
                0x0800185c       0x1c ./Core/Src/liquidcrystal_i2c.o
 .text.SendChar
                0x08001878       0x1c ./Core/Src/liquidcrystal_i2c.o
 .text.Send     0x08001894       0x42 ./Core/Src/liquidcrystal_i2c.o
 .text.Write4Bits
                0x080018d6       0x22 ./Core/Src/liquidcrystal_i2c.o
 .text.ExpanderWrite
                0x080018f8       0x38 ./Core/Src/liquidcrystal_i2c.o
 .text.PulseEnable
                0x08001930       0x3a ./Core/Src/liquidcrystal_i2c.o
 *fill*         0x0800196a        0x2 
 .text.DelayInit
                0x0800196c       0x54 ./Core/Src/liquidcrystal_i2c.o
 .text.DelayUS  0x080019c0       0x50 ./Core/Src/liquidcrystal_i2c.o
 .text.Init_lcd_ar
                0x08001a10       0xb4 ./Core/Src/liquidcrystal_i2c.o
                0x08001a10                Init_lcd_ar
 .text.update_lcd_val
                0x08001ac4      0x150 ./Core/Src/liquidcrystal_i2c.o
                0x08001ac4                update_lcd_val
 .text.main     0x08001c14      0x1ac ./Core/Src/main.o
                0x08001c14                main
 .text.SystemClock_Config
                0x08001dc0       0xd8 ./Core/Src/main.o
                0x08001dc0                SystemClock_Config
 .text.MX_ADC1_Init
                0x08001e98       0xa4 ./Core/Src/main.o
 .text.MX_ADC2_Init
                0x08001f3c       0xa4 ./Core/Src/main.o
 .text.MX_ADC3_Init
                0x08001fe0       0xdc ./Core/Src/main.o
 .text.MX_I2C1_Init
                0x080020bc       0x5c ./Core/Src/main.o
 .text.MX_TIM1_Init
                0x08002118      0x170 ./Core/Src/main.o
 .text.MX_TIM2_Init
                0x08002288       0x98 ./Core/Src/main.o
 .text.MX_TIM3_Init
                0x08002320      0x104 ./Core/Src/main.o
 .text.MX_USART2_UART_Init
                0x08002424       0x54 ./Core/Src/main.o
 .text.MX_GPIO_Init
                0x08002478      0x150 ./Core/Src/main.o
 .text.HAL_GPIO_EXTI_Callback
                0x080025c8       0x64 ./Core/Src/main.o
                0x080025c8                HAL_GPIO_EXTI_Callback
 .text.handleBreakInterrupt
                0x0800262c       0x6c ./Core/Src/main.o
                0x0800262c                handleBreakInterrupt
 .text.handleHardwareFaultInterrupt
                0x08002698        0xe ./Core/Src/main.o
                0x08002698                handleHardwareFaultInterrupt
 *fill*         0x080026a6        0x2 
 .text.handleHallSensorInterrupt
                0x080026a8       0x88 ./Core/Src/main.o
                0x080026a8                handleHallSensorInterrupt
 .text.readADCs
                0x08002730       0xbc ./Core/Src/main.o
                0x08002730                readADCs
 .text.doADCs   0x080027ec      0x14c ./Core/Src/main.o
                0x080027ec                doADCs
 .text.setFaultState
                0x08002938       0x28 ./Core/Src/main.o
                0x08002938                setFaultState
 .text.readDI   0x08002960       0x94 ./Core/Src/main.o
                0x08002960                readDI
 .text.setDO    0x080029f4       0x78 ./Core/Src/main.o
                0x080029f4                setDO
 .text.ready    0x08002a6c       0x9c ./Core/Src/main.o
                0x08002a6c                ready
 .text.drive    0x08002b08       0x70 ./Core/Src/main.o
                0x08002b08                drive
 .text.breaking
                0x08002b78       0x6c ./Core/Src/main.o
                0x08002b78                breaking
 .text.swfault  0x08002be4       0x24 ./Core/Src/main.o
                0x08002be4                swfault
 .text.hwfault  0x08002c08       0x2c ./Core/Src/main.o
                0x08002c08                hwfault
 .text.debug    0x08002c34       0x6c ./Core/Src/main.o
                0x08002c34                debug
 .text.ADC3_Select_CH
                0x08002ca0       0x9c ./Core/Src/main.o
                0x08002ca0                ADC3_Select_CH
 .text.Error_Handler
                0x08002d3c        0xc ./Core/Src/main.o
                0x08002d3c                Error_Handler
 .text.HAL_MspInit
                0x08002d48       0x50 ./Core/Src/stm32f4xx_hal_msp.o
                0x08002d48                HAL_MspInit
 .text.HAL_ADC_MspInit
                0x08002d98      0x1b0 ./Core/Src/stm32f4xx_hal_msp.o
                0x08002d98                HAL_ADC_MspInit
 .text.HAL_I2C_MspInit
                0x08002f48       0x90 ./Core/Src/stm32f4xx_hal_msp.o
                0x08002f48                HAL_I2C_MspInit
 .text.HAL_TIM_Base_MspInit
                0x08002fd8       0xa4 ./Core/Src/stm32f4xx_hal_msp.o
                0x08002fd8                HAL_TIM_Base_MspInit
 .text.HAL_TIM_MspPostInit
                0x0800307c       0xc0 ./Core/Src/stm32f4xx_hal_msp.o
                0x0800307c                HAL_TIM_MspPostInit
 .text.HAL_UART_MspInit
                0x0800313c       0xa0 ./Core/Src/stm32f4xx_hal_msp.o
                0x0800313c                HAL_UART_MspInit
 .text.NMI_Handler
                0x080031dc        0x8 ./Core/Src/stm32f4xx_it.o
                0x080031dc                NMI_Handler
 .text.HardFault_Handler
                0x080031e4        0x8 ./Core/Src/stm32f4xx_it.o
                0x080031e4                HardFault_Handler
 .text.MemManage_Handler
                0x080031ec        0x8 ./Core/Src/stm32f4xx_it.o
                0x080031ec                MemManage_Handler
 .text.BusFault_Handler
                0x080031f4        0x8 ./Core/Src/stm32f4xx_it.o
                0x080031f4                BusFault_Handler
 .text.UsageFault_Handler
                0x080031fc        0x8 ./Core/Src/stm32f4xx_it.o
                0x080031fc                UsageFault_Handler
 .text.SVC_Handler
                0x08003204        0xe ./Core/Src/stm32f4xx_it.o
                0x08003204                SVC_Handler
 .text.DebugMon_Handler
                0x08003212        0xe ./Core/Src/stm32f4xx_it.o
                0x08003212                DebugMon_Handler
 .text.PendSV_Handler
                0x08003220        0xe ./Core/Src/stm32f4xx_it.o
                0x08003220                PendSV_Handler
 .text.SysTick_Handler
                0x0800322e        0xc ./Core/Src/stm32f4xx_it.o
                0x0800322e                SysTick_Handler
 *fill*         0x0800323a        0x2 
 .text.ADC_IRQHandler
                0x0800323c       0x28 ./Core/Src/stm32f4xx_it.o
                0x0800323c                ADC_IRQHandler
 .text.EXTI9_5_IRQHandler
                0x08003264       0x2a ./Core/Src/stm32f4xx_it.o
                0x08003264                EXTI9_5_IRQHandler
 *fill*         0x0800328e        0x2 
 .text.TIM2_IRQHandler
                0x08003290       0xc4 ./Core/Src/stm32f4xx_it.o
                0x08003290                TIM2_IRQHandler
 .text.USART2_IRQHandler
                0x08003354       0x14 ./Core/Src/stm32f4xx_it.o
                0x08003354                USART2_IRQHandler
 .text.OTG_FS_IRQHandler
                0x08003368       0x14 ./Core/Src/stm32f4xx_it.o
                0x08003368                OTG_FS_IRQHandler
 .text._getpid  0x0800337c       0x10 ./Core/Src/syscalls.o
                0x0800337c                _getpid
 .text._kill    0x0800338c       0x20 ./Core/Src/syscalls.o
                0x0800338c                _kill
 .text._exit    0x080033ac       0x16 ./Core/Src/syscalls.o
                0x080033ac                _exit
 .text._read    0x080033c2       0x3a ./Core/Src/syscalls.o
                0x080033c2                _read
 .text._write   0x080033fc       0x38 ./Core/Src/syscalls.o
                0x080033fc                _write
 .text._close   0x08003434       0x18 ./Core/Src/syscalls.o
                0x08003434                _close
 .text._fstat   0x0800344c       0x20 ./Core/Src/syscalls.o
                0x0800344c                _fstat
 .text._isatty  0x0800346c       0x16 ./Core/Src/syscalls.o
                0x0800346c                _isatty
 .text._lseek   0x08003482       0x1a ./Core/Src/syscalls.o
                0x08003482                _lseek
 .text._sbrk    0x0800349c       0x6c ./Core/Src/sysmem.o
                0x0800349c                _sbrk
 .text.SystemInit
                0x08003508       0x24 ./Core/Src/system_stm32f4xx.o
                0x08003508                SystemInit
 .text.Reset_Handler
                0x0800352c       0x50 ./Core/Startup/startup_stm32f405rgtx.o
                0x0800352c                Reset_Handler
 .text.Default_Handler
                0x0800357c        0x2 ./Core/Startup/startup_stm32f405rgtx.o
                0x0800357c                RTC_Alarm_IRQHandler
                0x0800357c                HASH_RNG_IRQHandler
                0x0800357c                EXTI2_IRQHandler
                0x0800357c                TIM8_CC_IRQHandler
                0x0800357c                TIM1_CC_IRQHandler
                0x0800357c                DMA2_Stream5_IRQHandler
                0x0800357c                DMA1_Stream5_IRQHandler
                0x0800357c                PVD_IRQHandler
                0x0800357c                SDIO_IRQHandler
                0x0800357c                TAMP_STAMP_IRQHandler
                0x0800357c                CAN2_RX1_IRQHandler
                0x0800357c                EXTI3_IRQHandler
                0x0800357c                TIM8_TRG_COM_TIM14_IRQHandler
                0x0800357c                TIM1_UP_TIM10_IRQHandler
                0x0800357c                TIM8_UP_TIM13_IRQHandler
                0x0800357c                I2C3_ER_IRQHandler
                0x0800357c                EXTI0_IRQHandler
                0x0800357c                I2C2_EV_IRQHandler
                0x0800357c                DMA1_Stream2_IRQHandler
                0x0800357c                CAN1_RX0_IRQHandler
                0x0800357c                FPU_IRQHandler
                0x0800357c                OTG_HS_WKUP_IRQHandler
                0x0800357c                CAN2_SCE_IRQHandler
                0x0800357c                DMA2_Stream2_IRQHandler
                0x0800357c                SPI1_IRQHandler
                0x0800357c                TIM6_DAC_IRQHandler
                0x0800357c                TIM1_BRK_TIM9_IRQHandler
                0x0800357c                CAN2_RX0_IRQHandler
                0x0800357c                DMA2_Stream3_IRQHandler
                0x0800357c                USART6_IRQHandler
                0x0800357c                USART3_IRQHandler
                0x0800357c                CAN1_RX1_IRQHandler
                0x0800357c                UART5_IRQHandler
                0x0800357c                DMA2_Stream0_IRQHandler
                0x0800357c                TIM4_IRQHandler
                0x0800357c                I2C1_EV_IRQHandler
                0x0800357c                DMA1_Stream6_IRQHandler
                0x0800357c                DMA1_Stream1_IRQHandler
                0x0800357c                UART4_IRQHandler
                0x0800357c                TIM3_IRQHandler
                0x0800357c                RCC_IRQHandler
                0x0800357c                TIM8_BRK_TIM12_IRQHandler
                0x0800357c                Default_Handler
                0x0800357c                EXTI15_10_IRQHandler
                0x0800357c                DMA1_Stream7_IRQHandler
                0x0800357c                TIM7_IRQHandler
                0x0800357c                CAN2_TX_IRQHandler
                0x0800357c                TIM5_IRQHandler
                0x0800357c                DMA2_Stream7_IRQHandler
                0x0800357c                I2C3_EV_IRQHandler
                0x0800357c                RTC_WKUP_IRQHandler
                0x0800357c                SPI2_IRQHandler
                0x0800357c                OTG_HS_EP1_IN_IRQHandler
                0x0800357c                DMA1_Stream0_IRQHandler
                0x0800357c                CAN1_TX_IRQHandler
                0x0800357c                EXTI4_IRQHandler
                0x0800357c                FSMC_IRQHandler
                0x0800357c                OTG_HS_EP1_OUT_IRQHandler
                0x0800357c                WWDG_IRQHandler
                0x0800357c                OTG_FS_WKUP_IRQHandler
                0x0800357c                TIM1_TRG_COM_TIM11_IRQHandler
                0x0800357c                OTG_HS_IRQHandler
                0x0800357c                EXTI1_IRQHandler
                0x0800357c                I2C2_ER_IRQHandler
                0x0800357c                DMA2_Stream1_IRQHandler
                0x0800357c                CAN1_SCE_IRQHandler
                0x0800357c                FLASH_IRQHandler
                0x0800357c                DMA2_Stream4_IRQHandler
                0x0800357c                USART1_IRQHandler
                0x0800357c                SPI3_IRQHandler
                0x0800357c                DMA1_Stream4_IRQHandler
                0x0800357c                I2C1_ER_IRQHandler
                0x0800357c                DMA2_Stream6_IRQHandler
                0x0800357c                DMA1_Stream3_IRQHandler
 *fill*         0x0800357e        0x2 
 .text.HAL_Init
                0x08003580       0x44 ./Drivers/STM32F4xx_HAL_Driver/Src/stm32f4xx_hal.o
                0x08003580                HAL_Init
 .text.HAL_InitTick
                0x080035c4       0x60 ./Drivers/STM32F4xx_HAL_Driver/Src/stm32f4xx_hal.o
                0x080035c4                HAL_InitTick
 .text.HAL_IncTick
                0x08003624       0x28 ./Drivers/STM32F4xx_HAL_Driver/Src/stm32f4xx_hal.o
                0x08003624                HAL_IncTick
 .text.HAL_GetTick
                0x0800364c       0x18 ./Drivers/STM32F4xx_HAL_Driver/Src/stm32f4xx_hal.o
                0x0800364c                HAL_GetTick
 .text.HAL_Delay
                0x08003664       0x48 ./Drivers/STM32F4xx_HAL_Driver/Src/stm32f4xx_hal.o
                0x08003664                HAL_Delay
 .text.HAL_ADC_Init
                0x080036ac       0x86 ./Drivers/STM32F4xx_HAL_Driver/Src/stm32f4xx_hal_adc.o
                0x080036ac                HAL_ADC_Init
 *fill*         0x08003732        0x2 
 .text.HAL_ADC_Start
                0x08003734      0x1a4 ./Drivers/STM32F4xx_HAL_Driver/Src/stm32f4xx_hal_adc.o
                0x08003734                HAL_ADC_Start
 .text.HAL_ADC_Stop
                0x080038d8       0x66 ./Drivers/STM32F4xx_HAL_Driver/Src/stm32f4xx_hal_adc.o
                0x080038d8                HAL_ADC_Stop
 .text.HAL_ADC_PollForConversion
                0x0800393e      0x116 ./Drivers/STM32F4xx_HAL_Driver/Src/stm32f4xx_hal_adc.o
                0x0800393e                HAL_ADC_PollForConversion
 .text.HAL_ADC_IRQHandler
                0x08003a54      0x220 ./Drivers/STM32F4xx_HAL_Driver/Src/stm32f4xx_hal_adc.o
                0x08003a54                HAL_ADC_IRQHandler
 .text.HAL_ADC_GetValue
                0x08003c74       0x1a ./Drivers/STM32F4xx_HAL_Driver/Src/stm32f4xx_hal_adc.o
                0x08003c74                HAL_ADC_GetValue
 .text.HAL_ADC_ConvCpltCallback
                0x08003c8e       0x14 ./Drivers/STM32F4xx_HAL_Driver/Src/stm32f4xx_hal_adc.o
                0x08003c8e                HAL_ADC_ConvCpltCallback
 .text.HAL_ADC_LevelOutOfWindowCallback
                0x08003ca2       0x14 ./Drivers/STM32F4xx_HAL_Driver/Src/stm32f4xx_hal_adc.o
                0x08003ca2                HAL_ADC_LevelOutOfWindowCallback
 .text.HAL_ADC_ErrorCallback
                0x08003cb6       0x14 ./Drivers/STM32F4xx_HAL_Driver/Src/stm32f4xx_hal_adc.o
                0x08003cb6                HAL_ADC_ErrorCallback
 *fill*         0x08003cca        0x2 
 .text.HAL_ADC_ConfigChannel
                0x08003ccc      0x244 ./Drivers/STM32F4xx_HAL_Driver/Src/stm32f4xx_hal_adc.o
                0x08003ccc                HAL_ADC_ConfigChannel
 .text.ADC_Init
                0x08003f10      0x1f8 ./Drivers/STM32F4xx_HAL_Driver/Src/stm32f4xx_hal_adc.o
 .text.HAL_ADCEx_InjectedConvCpltCallback
                0x08004108       0x14 ./Drivers/STM32F4xx_HAL_Driver/Src/stm32f4xx_hal_adc_ex.o
                0x08004108                HAL_ADCEx_InjectedConvCpltCallback
 .text.__NVIC_SetPriorityGrouping
                0x0800411c       0x48 ./Drivers/STM32F4xx_HAL_Driver/Src/stm32f4xx_hal_cortex.o
 .text.__NVIC_GetPriorityGrouping
                0x08004164       0x1c ./Drivers/STM32F4xx_HAL_Driver/Src/stm32f4xx_hal_cortex.o
 .text.__NVIC_EnableIRQ
                0x08004180       0x3c ./Drivers/STM32F4xx_HAL_Driver/Src/stm32f4xx_hal_cortex.o
 .text.__NVIC_SetPriority
                0x080041bc       0x54 ./Drivers/STM32F4xx_HAL_Driver/Src/stm32f4xx_hal_cortex.o
 .text.NVIC_EncodePriority
                0x08004210       0x66 ./Drivers/STM32F4xx_HAL_Driver/Src/stm32f4xx_hal_cortex.o
 *fill*         0x08004276        0x2 
 .text.SysTick_Config
                0x08004278       0x44 ./Drivers/STM32F4xx_HAL_Driver/Src/stm32f4xx_hal_cortex.o
 .text.HAL_NVIC_SetPriorityGrouping
                0x080042bc       0x16 ./Drivers/STM32F4xx_HAL_Driver/Src/stm32f4xx_hal_cortex.o
                0x080042bc                HAL_NVIC_SetPriorityGrouping
 .text.HAL_NVIC_SetPriority
                0x080042d2       0x38 ./Drivers/STM32F4xx_HAL_Driver/Src/stm32f4xx_hal_cortex.o
                0x080042d2                HAL_NVIC_SetPriority
 .text.HAL_NVIC_EnableIRQ
                0x0800430a       0x1c ./Drivers/STM32F4xx_HAL_Driver/Src/stm32f4xx_hal_cortex.o
                0x0800430a                HAL_NVIC_EnableIRQ
 .text.HAL_SYSTICK_Config
                0x08004326       0x18 ./Drivers/STM32F4xx_HAL_Driver/Src/stm32f4xx_hal_cortex.o
                0x08004326                HAL_SYSTICK_Config
 .text.HAL_DMA_Abort
                0x0800433e       0xe0 ./Drivers/STM32F4xx_HAL_Driver/Src/stm32f4xx_hal_dma.o
                0x0800433e                HAL_DMA_Abort
 .text.HAL_DMA_Abort_IT
                0x0800441e       0x44 ./Drivers/STM32F4xx_HAL_Driver/Src/stm32f4xx_hal_dma.o
                0x0800441e                HAL_DMA_Abort_IT
 *fill*         0x08004462        0x2 
 .text.HAL_GPIO_Init
                0x08004464      0x338 ./Drivers/STM32F4xx_HAL_Driver/Src/stm32f4xx_hal_gpio.o
                0x08004464                HAL_GPIO_Init
 .text.HAL_GPIO_WritePin
                0x0800479c       0x32 ./Drivers/STM32F4xx_HAL_Driver/Src/stm32f4xx_hal_gpio.o
                0x0800479c                HAL_GPIO_WritePin
 .text.HAL_GPIO_TogglePin
                0x080047ce       0x34 ./Drivers/STM32F4xx_HAL_Driver/Src/stm32f4xx_hal_gpio.o
                0x080047ce                HAL_GPIO_TogglePin
 *fill*         0x08004802        0x2 
 .text.HAL_GPIO_EXTI_IRQHandler
                0x08004804       0x30 ./Drivers/STM32F4xx_HAL_Driver/Src/stm32f4xx_hal_gpio.o
                0x08004804                HAL_GPIO_EXTI_IRQHandler
 .text.HAL_I2C_Init
                0x08004834      0x288 ./Drivers/STM32F4xx_HAL_Driver/Src/stm32f4xx_hal_i2c.o
                0x08004834                HAL_I2C_Init
 .text.HAL_I2C_Master_Transmit
                0x08004abc      0x1fc ./Drivers/STM32F4xx_HAL_Driver/Src/stm32f4xx_hal_i2c.o
                0x08004abc                HAL_I2C_Master_Transmit
 .text.I2C_MasterRequestWrite
                0x08004cb8      0x104 ./Drivers/STM32F4xx_HAL_Driver/Src/stm32f4xx_hal_i2c.o
 .text.I2C_WaitOnFlagUntilTimeout
                0x08004dbc       0xf4 ./Drivers/STM32F4xx_HAL_Driver/Src/stm32f4xx_hal_i2c.o
 .text.I2C_WaitOnMasterAddressFlagUntilTimeout
                0x08004eb0      0x140 ./Drivers/STM32F4xx_HAL_Driver/Src/stm32f4xx_hal_i2c.o
 .text.I2C_WaitOnTXEFlagUntilTimeout
                0x08004ff0       0x90 ./Drivers/STM32F4xx_HAL_Driver/Src/stm32f4xx_hal_i2c.o
 .text.I2C_WaitOnBTFFlagUntilTimeout
                0x08005080       0x90 ./Drivers/STM32F4xx_HAL_Driver/Src/stm32f4xx_hal_i2c.o
 .text.I2C_IsAcknowledgeFailed
                0x08005110       0x5e ./Drivers/STM32F4xx_HAL_Driver/Src/stm32f4xx_hal_i2c.o
 .text.HAL_PCD_Init
                0x0800516e      0x21e ./Drivers/STM32F4xx_HAL_Driver/Src/stm32f4xx_hal_pcd.o
                0x0800516e                HAL_PCD_Init
 .text.HAL_PCD_Start
                0x0800538c       0x6a ./Drivers/STM32F4xx_HAL_Driver/Src/stm32f4xx_hal_pcd.o
                0x0800538c                HAL_PCD_Start
 .text.HAL_PCD_IRQHandler
                0x080053f6      0x942 ./Drivers/STM32F4xx_HAL_Driver/Src/stm32f4xx_hal_pcd.o
                0x080053f6                HAL_PCD_IRQHandler
 .text.HAL_PCD_SetAddress
                0x08005d38       0x48 ./Drivers/STM32F4xx_HAL_Driver/Src/stm32f4xx_hal_pcd.o
                0x08005d38                HAL_PCD_SetAddress
 .text.HAL_PCD_EP_Open
                0x08005d80       0xd4 ./Drivers/STM32F4xx_HAL_Driver/Src/stm32f4xx_hal_pcd.o
                0x08005d80                HAL_PCD_EP_Open
 .text.HAL_PCD_EP_Close
                0x08005e54       0x94 ./Drivers/STM32F4xx_HAL_Driver/Src/stm32f4xx_hal_pcd.o
                0x08005e54                HAL_PCD_EP_Close
 .text.HAL_PCD_EP_Receive
                0x08005ee8       0x76 ./Drivers/STM32F4xx_HAL_Driver/Src/stm32f4xx_hal_pcd.o
                0x08005ee8                HAL_PCD_EP_Receive
 .text.HAL_PCD_EP_GetRxCount
                0x08005f5e       0x30 ./Drivers/STM32F4xx_HAL_Driver/Src/stm32f4xx_hal_pcd.o
                0x08005f5e                HAL_PCD_EP_GetRxCount
 .text.HAL_PCD_EP_Transmit
                0x08005f8e       0x74 ./Drivers/STM32F4xx_HAL_Driver/Src/stm32f4xx_hal_pcd.o
                0x08005f8e                HAL_PCD_EP_Transmit
 .text.HAL_PCD_EP_SetStall
                0x08006002       0xc6 ./Drivers/STM32F4xx_HAL_Driver/Src/stm32f4xx_hal_pcd.o
                0x08006002                HAL_PCD_EP_SetStall
 .text.HAL_PCD_EP_ClrStall
                0x080060c8       0xac ./Drivers/STM32F4xx_HAL_Driver/Src/stm32f4xx_hal_pcd.o
                0x080060c8                HAL_PCD_EP_ClrStall
 .text.HAL_PCD_EP_Abort
                0x08006174       0x62 ./Drivers/STM32F4xx_HAL_Driver/Src/stm32f4xx_hal_pcd.o
                0x08006174                HAL_PCD_EP_Abort
 .text.PCD_WriteEmptyTxFifo
                0x080061d6      0x118 ./Drivers/STM32F4xx_HAL_Driver/Src/stm32f4xx_hal_pcd.o
 *fill*         0x080062ee        0x2 
 .text.PCD_EP_OutXfrComplete_int
                0x080062f0      0x1d0 ./Drivers/STM32F4xx_HAL_Driver/Src/stm32f4xx_hal_pcd.o
 .text.PCD_EP_OutSetupPacket_int
                0x080064c0       0x8c ./Drivers/STM32F4xx_HAL_Driver/Src/stm32f4xx_hal_pcd.o
 .text.HAL_PCDEx_SetTxFiFo
                0x0800654c       0x8e ./Drivers/STM32F4xx_HAL_Driver/Src/stm32f4xx_hal_pcd_ex.o
                0x0800654c                HAL_PCDEx_SetTxFiFo
 .text.HAL_PCDEx_SetRxFiFo
                0x080065da       0x22 ./Drivers/STM32F4xx_HAL_Driver/Src/stm32f4xx_hal_pcd_ex.o
                0x080065da                HAL_PCDEx_SetRxFiFo
 .text.HAL_PCDEx_LPM_Callback
                0x080065fc       0x18 ./Drivers/STM32F4xx_HAL_Driver/Src/stm32f4xx_hal_pcd_ex.o
                0x080065fc                HAL_PCDEx_LPM_Callback
 .text.HAL_RCC_OscConfig
                0x08006614      0x4f0 ./Drivers/STM32F4xx_HAL_Driver/Src/stm32f4xx_hal_rcc.o
                0x08006614                HAL_RCC_OscConfig
 .text.HAL_RCC_ClockConfig
                0x08006b04      0x1cc ./Drivers/STM32F4xx_HAL_Driver/Src/stm32f4xx_hal_rcc.o
                0x08006b04                HAL_RCC_ClockConfig
 .text.HAL_RCC_GetSysClockFreq
                0x08006cd0      0x20c ./Drivers/STM32F4xx_HAL_Driver/Src/stm32f4xx_hal_rcc.o
                0x08006cd0                HAL_RCC_GetSysClockFreq
 .text.HAL_RCC_GetHCLKFreq
                0x08006edc       0x18 ./Drivers/STM32F4xx_HAL_Driver/Src/stm32f4xx_hal_rcc.o
                0x08006edc                HAL_RCC_GetHCLKFreq
 .text.HAL_RCC_GetPCLK1Freq
                0x08006ef4       0x28 ./Drivers/STM32F4xx_HAL_Driver/Src/stm32f4xx_hal_rcc.o
                0x08006ef4                HAL_RCC_GetPCLK1Freq
 .text.HAL_RCC_GetPCLK2Freq
                0x08006f1c       0x28 ./Drivers/STM32F4xx_HAL_Driver/Src/stm32f4xx_hal_rcc.o
                0x08006f1c                HAL_RCC_GetPCLK2Freq
 .text.HAL_TIM_Base_Init
                0x08006f44       0x9e ./Drivers/STM32F4xx_HAL_Driver/Src/stm32f4xx_hal_tim.o
                0x08006f44                HAL_TIM_Base_Init
 *fill*         0x08006fe2        0x2 
 .text.HAL_TIM_Base_Start_IT
                0x08006fe4       0xe0 ./Drivers/STM32F4xx_HAL_Driver/Src/stm32f4xx_hal_tim.o
                0x08006fe4                HAL_TIM_Base_Start_IT
 .text.HAL_TIM_PWM_Init
                0x080070c4       0x9e ./Drivers/STM32F4xx_HAL_Driver/Src/stm32f4xx_hal_tim.o
                0x080070c4                HAL_TIM_PWM_Init
 .text.HAL_TIM_PWM_MspInit
                0x08007162       0x14 ./Drivers/STM32F4xx_HAL_Driver/Src/stm32f4xx_hal_tim.o
                0x08007162                HAL_TIM_PWM_MspInit
 *fill*         0x08007176        0x2 
 .text.HAL_TIM_PWM_Start
                0x08007178      0x190 ./Drivers/STM32F4xx_HAL_Driver/Src/stm32f4xx_hal_tim.o
                0x08007178                HAL_TIM_PWM_Start
 .text.HAL_TIM_PWM_Stop
                0x08007308       0xe0 ./Drivers/STM32F4xx_HAL_Driver/Src/stm32f4xx_hal_tim.o
                0x08007308                HAL_TIM_PWM_Stop
 .text.HAL_TIM_IRQHandler
                0x080073e8      0x1e0 ./Drivers/STM32F4xx_HAL_Driver/Src/stm32f4xx_hal_tim.o
                0x080073e8                HAL_TIM_IRQHandler
 .text.HAL_TIM_PWM_ConfigChannel
                0x080075c8      0x184 ./Drivers/STM32F4xx_HAL_Driver/Src/stm32f4xx_hal_tim.o
                0x080075c8                HAL_TIM_PWM_ConfigChannel
 .text.HAL_TIM_ConfigClockSource
                0x0800774c      0x18e ./Drivers/STM32F4xx_HAL_Driver/Src/stm32f4xx_hal_tim.o
                0x0800774c                HAL_TIM_ConfigClockSource
 .text.HAL_TIM_PeriodElapsedCallback
                0x080078da       0x14 ./Drivers/STM32F4xx_HAL_Driver/Src/stm32f4xx_hal_tim.o
                0x080078da                HAL_TIM_PeriodElapsedCallback
 .text.HAL_TIM_OC_DelayElapsedCallback
                0x080078ee       0x14 ./Drivers/STM32F4xx_HAL_Driver/Src/stm32f4xx_hal_tim.o
                0x080078ee                HAL_TIM_OC_DelayElapsedCallback
 .text.HAL_TIM_IC_CaptureCallback
                0x08007902       0x14 ./Drivers/STM32F4xx_HAL_Driver/Src/stm32f4xx_hal_tim.o
                0x08007902                HAL_TIM_IC_CaptureCallback
 .text.HAL_TIM_PWM_PulseFinishedCallback
                0x08007916       0x14 ./Drivers/STM32F4xx_HAL_Driver/Src/stm32f4xx_hal_tim.o
                0x08007916                HAL_TIM_PWM_PulseFinishedCallback
 .text.HAL_TIM_TriggerCallback
                0x0800792a       0x14 ./Drivers/STM32F4xx_HAL_Driver/Src/stm32f4xx_hal_tim.o
                0x0800792a                HAL_TIM_TriggerCallback
 *fill*         0x0800793e        0x2 
 .text.TIM_Base_SetConfig
                0x08007940      0x158 ./Drivers/STM32F4xx_HAL_Driver/Src/stm32f4xx_hal_tim.o
                0x08007940                TIM_Base_SetConfig
 .text.TIM_OC1_SetConfig
                0x08007a98       0xe0 ./Drivers/STM32F4xx_HAL_Driver/Src/stm32f4xx_hal_tim.o
 .text.TIM_OC2_SetConfig
                0x08007b78       0xec ./Drivers/STM32F4xx_HAL_Driver/Src/stm32f4xx_hal_tim.o
                0x08007b78                TIM_OC2_SetConfig
 .text.TIM_OC3_SetConfig
                0x08007c64       0xe8 ./Drivers/STM32F4xx_HAL_Driver/Src/stm32f4xx_hal_tim.o
 .text.TIM_OC4_SetConfig
                0x08007d4c       0xac ./Drivers/STM32F4xx_HAL_Driver/Src/stm32f4xx_hal_tim.o
 .text.TIM_TI1_ConfigInputStage
                0x08007df8       0x5e ./Drivers/STM32F4xx_HAL_Driver/Src/stm32f4xx_hal_tim.o
 .text.TIM_TI2_ConfigInputStage
                0x08007e56       0x60 ./Drivers/STM32F4xx_HAL_Driver/Src/stm32f4xx_hal_tim.o
 .text.TIM_ITRx_SetConfig
                0x08007eb6       0x36 ./Drivers/STM32F4xx_HAL_Driver/Src/stm32f4xx_hal_tim.o
 .text.TIM_ETR_SetConfig
                0x08007eec       0x40 ./Drivers/STM32F4xx_HAL_Driver/Src/stm32f4xx_hal_tim.o
                0x08007eec                TIM_ETR_SetConfig
 .text.TIM_CCxChannelCmd
                0x08007f2c       0x4a ./Drivers/STM32F4xx_HAL_Driver/Src/stm32f4xx_hal_tim.o
                0x08007f2c                TIM_CCxChannelCmd
 *fill*         0x08007f76        0x2 
 .text.HAL_TIMEx_MasterConfigSynchronization
                0x08007f78       0xf8 ./Drivers/STM32F4xx_HAL_Driver/Src/stm32f4xx_hal_tim_ex.o
                0x08007f78                HAL_TIMEx_MasterConfigSynchronization
 .text.HAL_TIMEx_ConfigBreakDeadTime
                0x08008070       0xa4 ./Drivers/STM32F4xx_HAL_Driver/Src/stm32f4xx_hal_tim_ex.o
                0x08008070                HAL_TIMEx_ConfigBreakDeadTime
 .text.HAL_TIMEx_CommutCallback
                0x08008114       0x14 ./Drivers/STM32F4xx_HAL_Driver/Src/stm32f4xx_hal_tim_ex.o
                0x08008114                HAL_TIMEx_CommutCallback
 .text.HAL_TIMEx_BreakCallback
                0x08008128       0x14 ./Drivers/STM32F4xx_HAL_Driver/Src/stm32f4xx_hal_tim_ex.o
                0x08008128                HAL_TIMEx_BreakCallback
 .text.HAL_UART_Init
                0x0800813c       0xa0 ./Drivers/STM32F4xx_HAL_Driver/Src/stm32f4xx_hal_uart.o
                0x0800813c                HAL_UART_Init
 .text.HAL_UART_IRQHandler
                0x080081dc      0x524 ./Drivers/STM32F4xx_HAL_Driver/Src/stm32f4xx_hal_uart.o
                0x080081dc                HAL_UART_IRQHandler
 .text.HAL_UART_TxCpltCallback
                0x08008700       0x14 ./Drivers/STM32F4xx_HAL_Driver/Src/stm32f4xx_hal_uart.o
                0x08008700                HAL_UART_TxCpltCallback
 .text.HAL_UART_RxCpltCallback
                0x08008714       0x14 ./Drivers/STM32F4xx_HAL_Driver/Src/stm32f4xx_hal_uart.o
                0x08008714                HAL_UART_RxCpltCallback
 .text.HAL_UART_ErrorCallback
                0x08008728       0x14 ./Drivers/STM32F4xx_HAL_Driver/Src/stm32f4xx_hal_uart.o
                0x08008728                HAL_UART_ErrorCallback
 .text.HAL_UARTEx_RxEventCallback
                0x0800873c       0x18 ./Drivers/STM32F4xx_HAL_Driver/Src/stm32f4xx_hal_uart.o
                0x0800873c                HAL_UARTEx_RxEventCallback
 .text.UART_EndRxTransfer
                0x08008754       0xc6 ./Drivers/STM32F4xx_HAL_Driver/Src/stm32f4xx_hal_uart.o
 .text.UART_DMAAbortOnError
                0x0800881a       0x28 ./Drivers/STM32F4xx_HAL_Driver/Src/stm32f4xx_hal_uart.o
 .text.UART_Transmit_IT
                0x08008842       0xa0 ./Drivers/STM32F4xx_HAL_Driver/Src/stm32f4xx_hal_uart.o
 .text.UART_EndTransmit_IT
                0x080088e2       0x30 ./Drivers/STM32F4xx_HAL_Driver/Src/stm32f4xx_hal_uart.o
 .text.UART_Receive_IT
                0x08008912      0x17c ./Drivers/STM32F4xx_HAL_Driver/Src/stm32f4xx_hal_uart.o
 *fill*         0x08008a8e        0x2 
 .text.UART_SetConfig
                0x08008a90      0x4e8 ./Drivers/STM32F4xx_HAL_Driver/Src/stm32f4xx_hal_uart.o
 .text.USB_CoreInit
                0x08008f78       0xc8 ./Drivers/STM32F4xx_HAL_Driver/Src/stm32f4xx_ll_usb.o
                0x08008f78                USB_CoreInit
 .text.USB_SetTurnaroundTime
                0x08009040      0x144 ./Drivers/STM32F4xx_HAL_Driver/Src/stm32f4xx_ll_usb.o
                0x08009040                USB_SetTurnaroundTime
 .text.USB_EnableGlobalInt
                0x08009184       0x22 ./Drivers/STM32F4xx_HAL_Driver/Src/stm32f4xx_ll_usb.o
                0x08009184                USB_EnableGlobalInt
 .text.USB_DisableGlobalInt
                0x080091a6       0x22 ./Drivers/STM32F4xx_HAL_Driver/Src/stm32f4xx_ll_usb.o
                0x080091a6                USB_DisableGlobalInt
 .text.USB_SetCurrentMode
                0x080091c8       0x98 ./Drivers/STM32F4xx_HAL_Driver/Src/stm32f4xx_ll_usb.o
                0x080091c8                USB_SetCurrentMode
 .text.USB_DevInit
                0x08009260      0x2c8 ./Drivers/STM32F4xx_HAL_Driver/Src/stm32f4xx_ll_usb.o
                0x08009260                USB_DevInit
 .text.USB_FlushTxFifo
                0x08009528       0x64 ./Drivers/STM32F4xx_HAL_Driver/Src/stm32f4xx_ll_usb.o
                0x08009528                USB_FlushTxFifo
 .text.USB_FlushRxFifo
                0x0800958c       0x5c ./Drivers/STM32F4xx_HAL_Driver/Src/stm32f4xx_ll_usb.o
                0x0800958c                USB_FlushRxFifo
 .text.USB_SetDevSpeed
                0x080095e8       0x32 ./Drivers/STM32F4xx_HAL_Driver/Src/stm32f4xx_ll_usb.o
                0x080095e8                USB_SetDevSpeed
 .text.USB_GetDevSpeed
                0x0800961a       0x4a ./Drivers/STM32F4xx_HAL_Driver/Src/stm32f4xx_ll_usb.o
                0x0800961a                USB_GetDevSpeed
 .text.USB_ActivateEndpoint
                0x08009664      0x10e ./Drivers/STM32F4xx_HAL_Driver/Src/stm32f4xx_ll_usb.o
                0x08009664                USB_ActivateEndpoint
 *fill*         0x08009772        0x2 
 .text.USB_DeactivateEndpoint
                0x08009774      0x1b8 ./Drivers/STM32F4xx_HAL_Driver/Src/stm32f4xx_ll_usb.o
                0x08009774                USB_DeactivateEndpoint
 .text.USB_EPStartXfer
                0x0800992c      0x53c ./Drivers/STM32F4xx_HAL_Driver/Src/stm32f4xx_ll_usb.o
                0x0800992c                USB_EPStartXfer
 .text.USB_EPStopXfer
                0x08009e68      0x154 ./Drivers/STM32F4xx_HAL_Driver/Src/stm32f4xx_ll_usb.o
                0x08009e68                USB_EPStopXfer
 .text.USB_WritePacket
                0x08009fbc       0x7c ./Drivers/STM32F4xx_HAL_Driver/Src/stm32f4xx_ll_usb.o
                0x08009fbc                USB_WritePacket
 .text.USB_ReadPacket
                0x0800a038       0xb0 ./Drivers/STM32F4xx_HAL_Driver/Src/stm32f4xx_ll_usb.o
                0x0800a038                USB_ReadPacket
 .text.USB_EPSetStall
                0x0800a0e8       0xdc ./Drivers/STM32F4xx_HAL_Driver/Src/stm32f4xx_ll_usb.o
                0x0800a0e8                USB_EPSetStall
 .text.USB_EPClearStall
                0x0800a1c4       0xcc ./Drivers/STM32F4xx_HAL_Driver/Src/stm32f4xx_ll_usb.o
                0x0800a1c4                USB_EPClearStall
 .text.USB_SetDevAddress
                0x0800a290       0x4c ./Drivers/STM32F4xx_HAL_Driver/Src/stm32f4xx_ll_usb.o
                0x0800a290                USB_SetDevAddress
 .text.USB_DevConnect
                0x0800a2dc       0x42 ./Drivers/STM32F4xx_HAL_Driver/Src/stm32f4xx_ll_usb.o
                0x0800a2dc                USB_DevConnect
 .text.USB_DevDisconnect
                0x0800a31e       0x42 ./Drivers/STM32F4xx_HAL_Driver/Src/stm32f4xx_ll_usb.o
                0x0800a31e                USB_DevDisconnect
 .text.USB_ReadInterrupts
                0x0800a360       0x26 ./Drivers/STM32F4xx_HAL_Driver/Src/stm32f4xx_ll_usb.o
                0x0800a360                USB_ReadInterrupts
 .text.USB_ReadDevAllOutEpInterrupt
                0x0800a386       0x34 ./Drivers/STM32F4xx_HAL_Driver/Src/stm32f4xx_ll_usb.o
                0x0800a386                USB_ReadDevAllOutEpInterrupt
 .text.USB_ReadDevAllInEpInterrupt
                0x0800a3ba       0x34 ./Drivers/STM32F4xx_HAL_Driver/Src/stm32f4xx_ll_usb.o
                0x0800a3ba                USB_ReadDevAllInEpInterrupt
 .text.USB_ReadDevOutEPInterrupt
                0x0800a3ee       0x3c ./Drivers/STM32F4xx_HAL_Driver/Src/stm32f4xx_ll_usb.o
                0x0800a3ee                USB_ReadDevOutEPInterrupt
 .text.USB_ReadDevInEPInterrupt
                0x0800a42a       0x5c ./Drivers/STM32F4xx_HAL_Driver/Src/stm32f4xx_ll_usb.o
                0x0800a42a                USB_ReadDevInEPInterrupt
 .text.USB_GetMode
                0x0800a486       0x1c ./Drivers/STM32F4xx_HAL_Driver/Src/stm32f4xx_ll_usb.o
                0x0800a486                USB_GetMode
 .text.USB_ActivateSetup
                0x0800a4a2       0x46 ./Drivers/STM32F4xx_HAL_Driver/Src/stm32f4xx_ll_usb.o
                0x0800a4a2                USB_ActivateSetup
 .text.USB_EP0_OutStart
                0x0800a4e8       0xbc ./Drivers/STM32F4xx_HAL_Driver/Src/stm32f4xx_ll_usb.o
                0x0800a4e8                USB_EP0_OutStart
 .text.USB_CoreReset
                0x0800a5a4       0x62 ./Drivers/STM32F4xx_HAL_Driver/Src/stm32f4xx_ll_usb.o
 *fill*         0x0800a606        0x2 
 .text.USBD_CDC_Init
                0x0800a608      0x1f0 ./Middlewares/ST/STM32_USB_Device_Library/Class/CDC/Src/usbd_cdc.o
 .text.USBD_CDC_DeInit
                0x0800a7f8      0x104 ./Middlewares/ST/STM32_USB_Device_Library/Class/CDC/Src/usbd_cdc.o
 .text.USBD_CDC_Setup
                0x0800a8fc      0x1b8 ./Middlewares/ST/STM32_USB_Device_Library/Class/CDC/Src/usbd_cdc.o
 .text.USBD_CDC_DataIn
                0x0800aab4       0xfe ./Middlewares/ST/STM32_USB_Device_Library/Class/CDC/Src/usbd_cdc.o
 .text.USBD_CDC_DataOut
                0x0800abb2       0x70 ./Middlewares/ST/STM32_USB_Device_Library/Class/CDC/Src/usbd_cdc.o
 .text.USBD_CDC_EP0_RxReady
                0x0800ac22       0x74 ./Middlewares/ST/STM32_USB_Device_Library/Class/CDC/Src/usbd_cdc.o
 *fill*         0x0800ac96        0x2 
 .text.USBD_CDC_GetFSCfgDesc
                0x0800ac98       0x70 ./Middlewares/ST/STM32_USB_Device_Library/Class/CDC/Src/usbd_cdc.o
 .text.USBD_CDC_GetHSCfgDesc
                0x0800ad08       0x70 ./Middlewares/ST/STM32_USB_Device_Library/Class/CDC/Src/usbd_cdc.o
 .text.USBD_CDC_GetOtherSpeedCfgDesc
                0x0800ad78       0x70 ./Middlewares/ST/STM32_USB_Device_Library/Class/CDC/Src/usbd_cdc.o
 .text.USBD_CDC_GetDeviceQualifierDescriptor
                0x0800ade8       0x20 ./Middlewares/ST/STM32_USB_Device_Library/Class/CDC/Src/usbd_cdc.o
                0x0800ade8                USBD_CDC_GetDeviceQualifierDescriptor
 .text.USBD_CDC_RegisterInterface
                0x0800ae08       0x34 ./Middlewares/ST/STM32_USB_Device_Library/Class/CDC/Src/usbd_cdc.o
                0x0800ae08                USBD_CDC_RegisterInterface
 .text.USBD_CDC_SetTxBuffer
                0x0800ae3c       0x44 ./Middlewares/ST/STM32_USB_Device_Library/Class/CDC/Src/usbd_cdc.o
                0x0800ae3c                USBD_CDC_SetTxBuffer
 .text.USBD_CDC_SetRxBuffer
                0x0800ae80       0x3a ./Middlewares/ST/STM32_USB_Device_Library/Class/CDC/Src/usbd_cdc.o
                0x0800ae80                USBD_CDC_SetRxBuffer
 *fill*         0x0800aeba        0x2 
 .text.USBD_CDC_ReceivePacket
                0x0800aebc       0x6c ./Middlewares/ST/STM32_USB_Device_Library/Class/CDC/Src/usbd_cdc.o
                0x0800aebc                USBD_CDC_ReceivePacket
 .text.USBD_Init
                0x0800af28       0x60 ./Middlewares/ST/STM32_USB_Device_Library/Core/Src/usbd_core.o
                0x0800af28                USBD_Init
 .text.USBD_RegisterClass
                0x0800af88       0x6c ./Middlewares/ST/STM32_USB_Device_Library/Core/Src/usbd_core.o
                0x0800af88                USBD_RegisterClass
 .text.USBD_Start
                0x0800aff4       0x18 ./Middlewares/ST/STM32_USB_Device_Library/Core/Src/usbd_core.o
                0x0800aff4                USBD_Start
 .text.USBD_RunTestMode
                0x0800b00c       0x16 ./Middlewares/ST/STM32_USB_Device_Library/Core/Src/usbd_core.o
                0x0800b00c                USBD_RunTestMode
 .text.USBD_SetClassConfig
                0x0800b022       0x38 ./Middlewares/ST/STM32_USB_Device_Library/Core/Src/usbd_core.o
                0x0800b022                USBD_SetClassConfig
 .text.USBD_ClrClassConfig
                0x0800b05a       0x34 ./Middlewares/ST/STM32_USB_Device_Library/Core/Src/usbd_core.o
                0x0800b05a                USBD_ClrClassConfig
 .text.USBD_LL_SetupStage
                0x0800b08e       0xaa ./Middlewares/ST/STM32_USB_Device_Library/Core/Src/usbd_core.o
                0x0800b08e                USBD_LL_SetupStage
 .text.USBD_LL_DataOutStage
                0x0800b138      0x166 ./Middlewares/ST/STM32_USB_Device_Library/Core/Src/usbd_core.o
                0x0800b138                USBD_LL_DataOutStage
 .text.USBD_LL_DataInStage
                0x0800b29e      0x164 ./Middlewares/ST/STM32_USB_Device_Library/Core/Src/usbd_core.o
                0x0800b29e                USBD_LL_DataInStage
 .text.USBD_LL_Reset
                0x0800b402       0xa4 ./Middlewares/ST/STM32_USB_Device_Library/Core/Src/usbd_core.o
                0x0800b402                USBD_LL_Reset
 .text.USBD_LL_SetSpeed
                0x0800b4a6       0x20 ./Middlewares/ST/STM32_USB_Device_Library/Core/Src/usbd_core.o
                0x0800b4a6                USBD_LL_SetSpeed
 .text.USBD_LL_Suspend
                0x0800b4c6       0x38 ./Middlewares/ST/STM32_USB_Device_Library/Core/Src/usbd_core.o
                0x0800b4c6                USBD_LL_Suspend
 .text.USBD_LL_Resume
                0x0800b4fe       0x30 ./Middlewares/ST/STM32_USB_Device_Library/Core/Src/usbd_core.o
                0x0800b4fe                USBD_LL_Resume
 .text.USBD_LL_SOF
                0x0800b52e       0x40 ./Middlewares/ST/STM32_USB_Device_Library/Core/Src/usbd_core.o
                0x0800b52e                USBD_LL_SOF
 .text.USBD_LL_IsoINIncomplete
                0x0800b56e       0x64 ./Middlewares/ST/STM32_USB_Device_Library/Core/Src/usbd_core.o
                0x0800b56e                USBD_LL_IsoINIncomplete
 .text.USBD_LL_IsoOUTIncomplete
                0x0800b5d2       0x64 ./Middlewares/ST/STM32_USB_Device_Library/Core/Src/usbd_core.o
                0x0800b5d2                USBD_LL_IsoOUTIncomplete
 .text.USBD_LL_DevConnected
                0x0800b636       0x16 ./Middlewares/ST/STM32_USB_Device_Library/Core/Src/usbd_core.o
                0x0800b636                USBD_LL_DevConnected
 .text.USBD_LL_DevDisconnected
                0x0800b64c       0x46 ./Middlewares/ST/STM32_USB_Device_Library/Core/Src/usbd_core.o
                0x0800b64c                USBD_LL_DevDisconnected
 .text.USBD_CoreFindIF
                0x0800b692       0x1a ./Middlewares/ST/STM32_USB_Device_Library/Core/Src/usbd_core.o
                0x0800b692                USBD_CoreFindIF
 .text.USBD_CoreFindEP
                0x0800b6ac       0x1a ./Middlewares/ST/STM32_USB_Device_Library/Core/Src/usbd_core.o
                0x0800b6ac                USBD_CoreFindEP
 .text.USBD_GetEpDesc
                0x0800b6c6       0x70 ./Middlewares/ST/STM32_USB_Device_Library/Core/Src/usbd_core.o
                0x0800b6c6                USBD_GetEpDesc
 .text.USBD_GetNextDesc
                0x0800b736       0x38 ./Middlewares/ST/STM32_USB_Device_Library/Core/Src/usbd_core.o
                0x0800b736                USBD_GetNextDesc
 .text.SWAPBYTE
                0x0800b76e       0x3c ./Middlewares/ST/STM32_USB_Device_Library/Core/Src/usbd_ctlreq.o
 *fill*         0x0800b7aa        0x2 
 .text.USBD_StdDevReq
                0x0800b7ac       0xe4 ./Middlewares/ST/STM32_USB_Device_Library/Core/Src/usbd_ctlreq.o
                0x0800b7ac                USBD_StdDevReq
 .text.USBD_StdItfReq
                0x0800b890       0xd8 ./Middlewares/ST/STM32_USB_Device_Library/Core/Src/usbd_ctlreq.o
                0x0800b890                USBD_StdItfReq
 .text.USBD_StdEPReq
                0x0800b968      0x33a ./Middlewares/ST/STM32_USB_Device_Library/Core/Src/usbd_ctlreq.o
                0x0800b968                USBD_StdEPReq
 *fill*         0x0800bca2        0x2 
 .text.USBD_GetDescriptor
                0x0800bca4      0x2d4 ./Middlewares/ST/STM32_USB_Device_Library/Core/Src/usbd_ctlreq.o
 .text.USBD_SetAddress
                0x0800bf78       0x88 ./Middlewares/ST/STM32_USB_Device_Library/Core/Src/usbd_ctlreq.o
 .text.USBD_SetConfig
                0x0800c000      0x154 ./Middlewares/ST/STM32_USB_Device_Library/Core/Src/usbd_ctlreq.o
 .text.USBD_GetConfig
                0x0800c154       0x6c ./Middlewares/ST/STM32_USB_Device_Library/Core/Src/usbd_ctlreq.o
 .text.USBD_GetStatus
                0x0800c1c0       0x68 ./Middlewares/ST/STM32_USB_Device_Library/Core/Src/usbd_ctlreq.o
 .text.USBD_SetFeature
                0x0800c228       0x52 ./Middlewares/ST/STM32_USB_Device_Library/Core/Src/usbd_ctlreq.o
 .text.USBD_ClrFeature
                0x0800c27a       0x44 ./Middlewares/ST/STM32_USB_Device_Library/Core/Src/usbd_ctlreq.o
 .text.USBD_ParseSetupRequest
                0x0800c2be       0x74 ./Middlewares/ST/STM32_USB_Device_Library/Core/Src/usbd_ctlreq.o
                0x0800c2be                USBD_ParseSetupRequest
 .text.USBD_CtlError
                0x0800c332       0x22 ./Middlewares/ST/STM32_USB_Device_Library/Core/Src/usbd_ctlreq.o
                0x0800c332                USBD_CtlError
 .text.USBD_GetString
                0x0800c354       0xa4 ./Middlewares/ST/STM32_USB_Device_Library/Core/Src/usbd_ctlreq.o
                0x0800c354                USBD_GetString
 .text.USBD_GetLen
                0x0800c3f8       0x34 ./Middlewares/ST/STM32_USB_Device_Library/Core/Src/usbd_ctlreq.o
 .text.USBD_CtlSendData
                0x0800c42c       0x36 ./Middlewares/ST/STM32_USB_Device_Library/Core/Src/usbd_ioreq.o
                0x0800c42c                USBD_CtlSendData
 .text.USBD_CtlContinueSendData
                0x0800c462       0x22 ./Middlewares/ST/STM32_USB_Device_Library/Core/Src/usbd_ioreq.o
                0x0800c462                USBD_CtlContinueSendData
 .text.USBD_CtlPrepareRx
                0x0800c484       0x3a ./Middlewares/ST/STM32_USB_Device_Library/Core/Src/usbd_ioreq.o
                0x0800c484                USBD_CtlPrepareRx
 .text.USBD_CtlContinueRx
                0x0800c4be       0x22 ./Middlewares/ST/STM32_USB_Device_Library/Core/Src/usbd_ioreq.o
                0x0800c4be                USBD_CtlContinueRx
 .text.USBD_CtlSendStatus
                0x0800c4e0       0x26 ./Middlewares/ST/STM32_USB_Device_Library/Core/Src/usbd_ioreq.o
                0x0800c4e0                USBD_CtlSendStatus
 .text.USBD_CtlReceiveStatus
                0x0800c506       0x26 ./Middlewares/ST/STM32_USB_Device_Library/Core/Src/usbd_ioreq.o
                0x0800c506                USBD_CtlReceiveStatus
 .text.MX_USB_DEVICE_Init
                0x0800c52c       0x60 ./USB_DEVICE/App/usb_device.o
                0x0800c52c                MX_USB_DEVICE_Init
 .text.CDC_Init_FS
                0x0800c58c       0x28 ./USB_DEVICE/App/usbd_cdc_if.o
 .text.CDC_DeInit_FS
                0x0800c5b4       0x10 ./USB_DEVICE/App/usbd_cdc_if.o
 .text.CDC_Control_FS
                0x0800c5c4       0xbc ./USB_DEVICE/App/usbd_cdc_if.o
 .text.CDC_Receive_FS
                0x0800c680       0x28 ./USB_DEVICE/App/usbd_cdc_if.o
 .text.CDC_TransmitCplt_FS
                0x0800c6a8       0x22 ./USB_DEVICE/App/usbd_cdc_if.o
 *fill*         0x0800c6ca        0x2 
 .text.USBD_FS_DeviceDescriptor
                0x0800c6cc       0x24 ./USB_DEVICE/App/usbd_desc.o
                0x0800c6cc                USBD_FS_DeviceDescriptor
 .text.USBD_FS_LangIDStrDescriptor
                0x0800c6f0       0x24 ./USB_DEVICE/App/usbd_desc.o
                0x0800c6f0                USBD_FS_LangIDStrDescriptor
 .text.USBD_FS_ProductStrDescriptor
                0x0800c714       0x3c ./USB_DEVICE/App/usbd_desc.o
                0x0800c714                USBD_FS_ProductStrDescriptor
 .text.USBD_FS_ManufacturerStrDescriptor
                0x0800c750       0x28 ./USB_DEVICE/App/usbd_desc.o
                0x0800c750                USBD_FS_ManufacturerStrDescriptor
 .text.USBD_FS_SerialStrDescriptor
                0x0800c778       0x24 ./USB_DEVICE/App/usbd_desc.o
                0x0800c778                USBD_FS_SerialStrDescriptor
 .text.USBD_FS_ConfigStrDescriptor
                0x0800c79c       0x3c ./USB_DEVICE/App/usbd_desc.o
                0x0800c79c                USBD_FS_ConfigStrDescriptor
 .text.USBD_FS_InterfaceStrDescriptor
                0x0800c7d8       0x3c ./USB_DEVICE/App/usbd_desc.o
                0x0800c7d8                USBD_FS_InterfaceStrDescriptor
 .text.Get_SerialNum
                0x0800c814       0x58 ./USB_DEVICE/App/usbd_desc.o
 .text.IntToUnicode
                0x0800c86c       0x7e ./USB_DEVICE/App/usbd_desc.o
 *fill*         0x0800c8ea        0x2 
 .text.HAL_PCD_MspInit
                0x0800c8ec       0xa8 ./USB_DEVICE/Target/usbd_conf.o
                0x0800c8ec                HAL_PCD_MspInit
 .text.HAL_PCD_SetupStageCallback
                0x0800c994       0x24 ./USB_DEVICE/Target/usbd_conf.o
                0x0800c994                HAL_PCD_SetupStageCallback
 .text.HAL_PCD_DataOutStageCallback
                0x0800c9b8       0x36 ./USB_DEVICE/Target/usbd_conf.o
                0x0800c9b8                HAL_PCD_DataOutStageCallback
 .text.HAL_PCD_DataInStageCallback
                0x0800c9ee       0x34 ./USB_DEVICE/Target/usbd_conf.o
                0x0800c9ee                HAL_PCD_DataInStageCallback
 .text.HAL_PCD_SOFCallback
                0x0800ca22       0x1c ./USB_DEVICE/Target/usbd_conf.o
                0x0800ca22                HAL_PCD_SOFCallback
 .text.HAL_PCD_ResetCallback
                0x0800ca3e       0x50 ./USB_DEVICE/Target/usbd_conf.o
                0x0800ca3e                HAL_PCD_ResetCallback
 *fill*         0x0800ca8e        0x2 
 .text.HAL_PCD_SuspendCallback
                0x0800ca90       0x4c ./USB_DEVICE/Target/usbd_conf.o
                0x0800ca90                HAL_PCD_SuspendCallback
 .text.HAL_PCD_ResumeCallback
                0x0800cadc       0x1c ./USB_DEVICE/Target/usbd_conf.o
                0x0800cadc                HAL_PCD_ResumeCallback
 .text.HAL_PCD_ISOOUTIncompleteCallback
                0x0800caf8       0x24 ./USB_DEVICE/Target/usbd_conf.o
                0x0800caf8                HAL_PCD_ISOOUTIncompleteCallback
 .text.HAL_PCD_ISOINIncompleteCallback
                0x0800cb1c       0x24 ./USB_DEVICE/Target/usbd_conf.o
                0x0800cb1c                HAL_PCD_ISOINIncompleteCallback
 .text.HAL_PCD_ConnectCallback
                0x0800cb40       0x1c ./USB_DEVICE/Target/usbd_conf.o
                0x0800cb40                HAL_PCD_ConnectCallback
 .text.HAL_PCD_DisconnectCallback
                0x0800cb5c       0x1c ./USB_DEVICE/Target/usbd_conf.o
                0x0800cb5c                HAL_PCD_DisconnectCallback
 .text.USBD_LL_Init
                0x0800cb78       0x98 ./USB_DEVICE/Target/usbd_conf.o
                0x0800cb78                USBD_LL_Init
 .text.USBD_LL_Start
                0x0800cc10       0x36 ./USB_DEVICE/Target/usbd_conf.o
                0x0800cc10                USBD_LL_Start
 .text.USBD_LL_OpenEP
                0x0800cc46       0x4c ./USB_DEVICE/Target/usbd_conf.o
                0x0800cc46                USBD_LL_OpenEP
 .text.USBD_LL_CloseEP
                0x0800cc92       0x3e ./USB_DEVICE/Target/usbd_conf.o
                0x0800cc92                USBD_LL_CloseEP
 .text.USBD_LL_StallEP
                0x0800ccd0       0x3e ./USB_DEVICE/Target/usbd_conf.o
                0x0800ccd0                USBD_LL_StallEP
 .text.USBD_LL_ClearStallEP
                0x0800cd0e       0x3e ./USB_DEVICE/Target/usbd_conf.o
                0x0800cd0e                USBD_LL_ClearStallEP
 .text.USBD_LL_IsStallEP
                0x0800cd4c       0x58 ./USB_DEVICE/Target/usbd_conf.o
                0x0800cd4c                USBD_LL_IsStallEP
 .text.USBD_LL_SetUSBAddress
                0x0800cda4       0x3e ./USB_DEVICE/Target/usbd_conf.o
                0x0800cda4                USBD_LL_SetUSBAddress
 .text.USBD_LL_Transmit
                0x0800cde2       0x42 ./USB_DEVICE/Target/usbd_conf.o
                0x0800cde2                USBD_LL_Transmit
 .text.USBD_LL_PrepareReceive
                0x0800ce24       0x42 ./USB_DEVICE/Target/usbd_conf.o
                0x0800ce24                USBD_LL_PrepareReceive
 .text.USBD_LL_GetRxDataSize
                0x0800ce66       0x26 ./USB_DEVICE/Target/usbd_conf.o
                0x0800ce66                USBD_LL_GetRxDataSize
 .text.USBD_static_malloc
                0x0800ce8c       0x1c ./USB_DEVICE/Target/usbd_conf.o
                0x0800ce8c                USBD_static_malloc
 .text.USBD_static_free
                0x0800cea8       0x14 ./USB_DEVICE/Target/usbd_conf.o
                0x0800cea8                USBD_static_free
 .text.USBD_Get_USB_Status
                0x0800cebc       0x58 ./USB_DEVICE/Target/usbd_conf.o
                0x0800cebc                USBD_Get_USB_Status
 .text.__cvt    0x0800cf14       0xca E:/ST/STM32CubeIDE_1.16.1/STM32CubeIDE/plugins/com.st.stm32cube.ide.mcu.externaltools.gnu-tools-for-stm32.12.3.rel1.win32_1.0.200.202406191623/tools/bin/../lib/gcc/arm-none-eabi/12.3.1/../../../../arm-none-eabi/lib/thumb/v7e-m+fp/hard\libc_nano.a(libc_a-nano-vfprintf_float.o)
                0x0800cf14                __cvt
 .text.__exponent
                0x0800cfde       0x74 E:/ST/STM32CubeIDE_1.16.1/STM32CubeIDE/plugins/com.st.stm32cube.ide.mcu.externaltools.gnu-tools-for-stm32.12.3.rel1.win32_1.0.200.202406191623/tools/bin/../lib/gcc/arm-none-eabi/12.3.1/../../../../arm-none-eabi/lib/thumb/v7e-m+fp/hard\libc_nano.a(libc_a-nano-vfprintf_float.o)
                0x0800cfde                __exponent
 *fill*         0x0800d052        0x2 
 .text._printf_float
                0x0800d054      0x454 E:/ST/STM32CubeIDE_1.16.1/STM32CubeIDE/plugins/com.st.stm32cube.ide.mcu.externaltools.gnu-tools-for-stm32.12.3.rel1.win32_1.0.200.202406191623/tools/bin/../lib/gcc/arm-none-eabi/12.3.1/../../../../arm-none-eabi/lib/thumb/v7e-m+fp/hard\libc_nano.a(libc_a-nano-vfprintf_float.o)
                0x0800d054                _printf_float
 .text._printf_common
                0x0800d4a8       0xda E:/ST/STM32CubeIDE_1.16.1/STM32CubeIDE/plugins/com.st.stm32cube.ide.mcu.externaltools.gnu-tools-for-stm32.12.3.rel1.win32_1.0.200.202406191623/tools/bin/../lib/gcc/arm-none-eabi/12.3.1/../../../../arm-none-eabi/lib/thumb/v7e-m+fp/hard\libc_nano.a(libc_a-nano-vfprintf_i.o)
                0x0800d4a8                _printf_common
 *fill*         0x0800d582        0x2 
 .text._printf_i
                0x0800d584      0x240 E:/ST/STM32CubeIDE_1.16.1/STM32CubeIDE/plugins/com.st.stm32cube.ide.mcu.externaltools.gnu-tools-for-stm32.12.3.rel1.win32_1.0.200.202406191623/tools/bin/../lib/gcc/arm-none-eabi/12.3.1/../../../../arm-none-eabi/lib/thumb/v7e-m+fp/hard\libc_nano.a(libc_a-nano-vfprintf_i.o)
                0x0800d584                _printf_i
 .text.std      0x0800d7c4       0x6c E:/ST/STM32CubeIDE_1.16.1/STM32CubeIDE/plugins/com.st.stm32cube.ide.mcu.externaltools.gnu-tools-for-stm32.12.3.rel1.win32_1.0.200.202406191623/tools/bin/../lib/gcc/arm-none-eabi/12.3.1/../../../../arm-none-eabi/lib/thumb/v7e-m+fp/hard\libc_nano.a(libc_a-findfp.o)
 .text.stdio_exit_handler
                0x0800d830       0x18 E:/ST/STM32CubeIDE_1.16.1/STM32CubeIDE/plugins/com.st.stm32cube.ide.mcu.externaltools.gnu-tools-for-stm32.12.3.rel1.win32_1.0.200.202406191623/tools/bin/../lib/gcc/arm-none-eabi/12.3.1/../../../../arm-none-eabi/lib/thumb/v7e-m+fp/hard\libc_nano.a(libc_a-findfp.o)
 .text.cleanup_stdio
                0x0800d848       0x40 E:/ST/STM32CubeIDE_1.16.1/STM32CubeIDE/plugins/com.st.stm32cube.ide.mcu.externaltools.gnu-tools-for-stm32.12.3.rel1.win32_1.0.200.202406191623/tools/bin/../lib/gcc/arm-none-eabi/12.3.1/../../../../arm-none-eabi/lib/thumb/v7e-m+fp/hard\libc_nano.a(libc_a-findfp.o)
 .text.global_stdio_init.part.0
                0x0800d888       0x3c E:/ST/STM32CubeIDE_1.16.1/STM32CubeIDE/plugins/com.st.stm32cube.ide.mcu.externaltools.gnu-tools-for-stm32.12.3.rel1.win32_1.0.200.202406191623/tools/bin/../lib/gcc/arm-none-eabi/12.3.1/../../../../arm-none-eabi/lib/thumb/v7e-m+fp/hard\libc_nano.a(libc_a-findfp.o)
 .text.__sfp_lock_acquire
                0x0800d8c4        0xc E:/ST/STM32CubeIDE_1.16.1/STM32CubeIDE/plugins/com.st.stm32cube.ide.mcu.externaltools.gnu-tools-for-stm32.12.3.rel1.win32_1.0.200.202406191623/tools/bin/../lib/gcc/arm-none-eabi/12.3.1/../../../../arm-none-eabi/lib/thumb/v7e-m+fp/hard\libc_nano.a(libc_a-findfp.o)
                0x0800d8c4                __sfp_lock_acquire
 .text.__sfp_lock_release
                0x0800d8d0        0xc E:/ST/STM32CubeIDE_1.16.1/STM32CubeIDE/plugins/com.st.stm32cube.ide.mcu.externaltools.gnu-tools-for-stm32.12.3.rel1.win32_1.0.200.202406191623/tools/bin/../lib/gcc/arm-none-eabi/12.3.1/../../../../arm-none-eabi/lib/thumb/v7e-m+fp/hard\libc_nano.a(libc_a-findfp.o)
                0x0800d8d0                __sfp_lock_release
 .text.__sinit  0x0800d8dc       0x30 E:/ST/STM32CubeIDE_1.16.1/STM32CubeIDE/plugins/com.st.stm32cube.ide.mcu.externaltools.gnu-tools-for-stm32.12.3.rel1.win32_1.0.200.202406191623/tools/bin/../lib/gcc/arm-none-eabi/12.3.1/../../../../arm-none-eabi/lib/thumb/v7e-m+fp/hard\libc_nano.a(libc_a-findfp.o)
                0x0800d8dc                __sinit
 .text._fwalk_sglue
                0x0800d90c       0x3c E:/ST/STM32CubeIDE_1.16.1/STM32CubeIDE/plugins/com.st.stm32cube.ide.mcu.externaltools.gnu-tools-for-stm32.12.3.rel1.win32_1.0.200.202406191623/tools/bin/../lib/gcc/arm-none-eabi/12.3.1/../../../../arm-none-eabi/lib/thumb/v7e-m+fp/hard\libc_nano.a(libc_a-fwalk.o)
                0x0800d90c                _fwalk_sglue
 .text.snprintf
                0x0800d948       0x68 E:/ST/STM32CubeIDE_1.16.1/STM32CubeIDE/plugins/com.st.stm32cube.ide.mcu.externaltools.gnu-tools-for-stm32.12.3.rel1.win32_1.0.200.202406191623/tools/bin/../lib/gcc/arm-none-eabi/12.3.1/../../../../arm-none-eabi/lib/thumb/v7e-m+fp/hard\libc_nano.a(libc_a-snprintf.o)
                0x0800d948                sniprintf
                0x0800d948                snprintf
 .text.__sread  0x0800d9b0       0x22 E:/ST/STM32CubeIDE_1.16.1/STM32CubeIDE/plugins/com.st.stm32cube.ide.mcu.externaltools.gnu-tools-for-stm32.12.3.rel1.win32_1.0.200.202406191623/tools/bin/../lib/gcc/arm-none-eabi/12.3.1/../../../../arm-none-eabi/lib/thumb/v7e-m+fp/hard\libc_nano.a(libc_a-stdio.o)
                0x0800d9b0                __sread
 .text.__swrite
                0x0800d9d2       0x38 E:/ST/STM32CubeIDE_1.16.1/STM32CubeIDE/plugins/com.st.stm32cube.ide.mcu.externaltools.gnu-tools-for-stm32.12.3.rel1.win32_1.0.200.202406191623/tools/bin/../lib/gcc/arm-none-eabi/12.3.1/../../../../arm-none-eabi/lib/thumb/v7e-m+fp/hard\libc_nano.a(libc_a-stdio.o)
                0x0800d9d2                __swrite
 .text.__sseek  0x0800da0a       0x24 E:/ST/STM32CubeIDE_1.16.1/STM32CubeIDE/plugins/com.st.stm32cube.ide.mcu.externaltools.gnu-tools-for-stm32.12.3.rel1.win32_1.0.200.202406191623/tools/bin/../lib/gcc/arm-none-eabi/12.3.1/../../../../arm-none-eabi/lib/thumb/v7e-m+fp/hard\libc_nano.a(libc_a-stdio.o)
                0x0800da0a                __sseek
 .text.__sclose
                0x0800da2e        0x8 E:/ST/STM32CubeIDE_1.16.1/STM32CubeIDE/plugins/com.st.stm32cube.ide.mcu.externaltools.gnu-tools-for-stm32.12.3.rel1.win32_1.0.200.202406191623/tools/bin/../lib/gcc/arm-none-eabi/12.3.1/../../../../arm-none-eabi/lib/thumb/v7e-m+fp/hard\libc_nano.a(libc_a-stdio.o)
                0x0800da2e                __sclose
 .text.memset   0x0800da36       0x10 E:/ST/STM32CubeIDE_1.16.1/STM32CubeIDE/plugins/com.st.stm32cube.ide.mcu.externaltools.gnu-tools-for-stm32.12.3.rel1.win32_1.0.200.202406191623/tools/bin/../lib/gcc/arm-none-eabi/12.3.1/../../../../arm-none-eabi/lib/thumb/v7e-m+fp/hard\libc_nano.a(libc_a-memset.o)
                0x0800da36                memset
 *fill*         0x0800da46        0x2 
 .text._localeconv_r
                0x0800da48        0x8 E:/ST/STM32CubeIDE_1.16.1/STM32CubeIDE/plugins/com.st.stm32cube.ide.mcu.externaltools.gnu-tools-for-stm32.12.3.rel1.win32_1.0.200.202406191623/tools/bin/../lib/gcc/arm-none-eabi/12.3.1/../../../../arm-none-eabi/lib/thumb/v7e-m+fp/hard\libc_nano.a(libc_a-localeconv.o)
                0x0800da48                _localeconv_r
 .text._close_r
                0x0800da50       0x20 E:/ST/STM32CubeIDE_1.16.1/STM32CubeIDE/plugins/com.st.stm32cube.ide.mcu.externaltools.gnu-tools-for-stm32.12.3.rel1.win32_1.0.200.202406191623/tools/bin/../lib/gcc/arm-none-eabi/12.3.1/../../../../arm-none-eabi/lib/thumb/v7e-m+fp/hard\libc_nano.a(libc_a-closer.o)
                0x0800da50                _close_r
 .text._lseek_r
                0x0800da70       0x24 E:/ST/STM32CubeIDE_1.16.1/STM32CubeIDE/plugins/com.st.stm32cube.ide.mcu.externaltools.gnu-tools-for-stm32.12.3.rel1.win32_1.0.200.202406191623/tools/bin/../lib/gcc/arm-none-eabi/12.3.1/../../../../arm-none-eabi/lib/thumb/v7e-m+fp/hard\libc_nano.a(libc_a-lseekr.o)
                0x0800da70                _lseek_r
 .text._read_r  0x0800da94       0x24 E:/ST/STM32CubeIDE_1.16.1/STM32CubeIDE/plugins/com.st.stm32cube.ide.mcu.externaltools.gnu-tools-for-stm32.12.3.rel1.win32_1.0.200.202406191623/tools/bin/../lib/gcc/arm-none-eabi/12.3.1/../../../../arm-none-eabi/lib/thumb/v7e-m+fp/hard\libc_nano.a(libc_a-readr.o)
                0x0800da94                _read_r
 .text._write_r
                0x0800dab8       0x24 E:/ST/STM32CubeIDE_1.16.1/STM32CubeIDE/plugins/com.st.stm32cube.ide.mcu.externaltools.gnu-tools-for-stm32.12.3.rel1.win32_1.0.200.202406191623/tools/bin/../lib/gcc/arm-none-eabi/12.3.1/../../../../arm-none-eabi/lib/thumb/v7e-m+fp/hard\libc_nano.a(libc_a-writer.o)
                0x0800dab8                _write_r
 .text.__errno  0x0800dadc        0xc E:/ST/STM32CubeIDE_1.16.1/STM32CubeIDE/plugins/com.st.stm32cube.ide.mcu.externaltools.gnu-tools-for-stm32.12.3.rel1.win32_1.0.200.202406191623/tools/bin/../lib/gcc/arm-none-eabi/12.3.1/../../../../arm-none-eabi/lib/thumb/v7e-m+fp/hard\libc_nano.a(libc_a-errno.o)
                0x0800dadc                __errno
 .text.__libc_init_array
                0x0800dae8       0x48 E:/ST/STM32CubeIDE_1.16.1/STM32CubeIDE/plugins/com.st.stm32cube.ide.mcu.externaltools.gnu-tools-for-stm32.12.3.rel1.win32_1.0.200.202406191623/tools/bin/../lib/gcc/arm-none-eabi/12.3.1/../../../../arm-none-eabi/lib/thumb/v7e-m+fp/hard\libc_nano.a(libc_a-init.o)
                0x0800dae8                __libc_init_array
 .text.__retarget_lock_init_recursive
                0x0800db30        0x2 E:/ST/STM32CubeIDE_1.16.1/STM32CubeIDE/plugins/com.st.stm32cube.ide.mcu.externaltools.gnu-tools-for-stm32.12.3.rel1.win32_1.0.200.202406191623/tools/bin/../lib/gcc/arm-none-eabi/12.3.1/../../../../arm-none-eabi/lib/thumb/v7e-m+fp/hard\libc_nano.a(libc_a-lock.o)
                0x0800db30                __retarget_lock_init_recursive
 .text.__retarget_lock_acquire_recursive
                0x0800db32        0x2 E:/ST/STM32CubeIDE_1.16.1/STM32CubeIDE/plugins/com.st.stm32cube.ide.mcu.externaltools.gnu-tools-for-stm32.12.3.rel1.win32_1.0.200.202406191623/tools/bin/../lib/gcc/arm-none-eabi/12.3.1/../../../../arm-none-eabi/lib/thumb/v7e-m+fp/hard\libc_nano.a(libc_a-lock.o)
                0x0800db32                __retarget_lock_acquire_recursive
 .text.__retarget_lock_release_recursive
                0x0800db34        0x2 E:/ST/STM32CubeIDE_1.16.1/STM32CubeIDE/plugins/com.st.stm32cube.ide.mcu.externaltools.gnu-tools-for-stm32.12.3.rel1.win32_1.0.200.202406191623/tools/bin/../lib/gcc/arm-none-eabi/12.3.1/../../../../arm-none-eabi/lib/thumb/v7e-m+fp/hard\libc_nano.a(libc_a-lock.o)
                0x0800db34                __retarget_lock_release_recursive
 .text.quorem   0x0800db36      0x110 E:/ST/STM32CubeIDE_1.16.1/STM32CubeIDE/plugins/com.st.stm32cube.ide.mcu.externaltools.gnu-tools-for-stm32.12.3.rel1.win32_1.0.200.202406191623/tools/bin/../lib/gcc/arm-none-eabi/12.3.1/../../../../arm-none-eabi/lib/thumb/v7e-m+fp/hard\libc_nano.a(libc_a-dtoa.o)
 *fill*         0x0800dc46        0x2 
 .text._dtoa_r  0x0800dc48      0xb88 E:/ST/STM32CubeIDE_1.16.1/STM32CubeIDE/plugins/com.st.stm32cube.ide.mcu.externaltools.gnu-tools-for-stm32.12.3.rel1.win32_1.0.200.202406191623/tools/bin/../lib/gcc/arm-none-eabi/12.3.1/../../../../arm-none-eabi/lib/thumb/v7e-m+fp/hard\libc_nano.a(libc_a-dtoa.o)
                0x0800dc48                _dtoa_r
 .text._free_r  0x0800e7d0       0x94 E:/ST/STM32CubeIDE_1.16.1/STM32CubeIDE/plugins/com.st.stm32cube.ide.mcu.externaltools.gnu-tools-for-stm32.12.3.rel1.win32_1.0.200.202406191623/tools/bin/../lib/gcc/arm-none-eabi/12.3.1/../../../../arm-none-eabi/lib/thumb/v7e-m+fp/hard\libc_nano.a(libc_a-freer.o)
                0x0800e7d0                _free_r
 .text.malloc   0x0800e864       0x10 E:/ST/STM32CubeIDE_1.16.1/STM32CubeIDE/plugins/com.st.stm32cube.ide.mcu.externaltools.gnu-tools-for-stm32.12.3.rel1.win32_1.0.200.202406191623/tools/bin/../lib/gcc/arm-none-eabi/12.3.1/../../../../arm-none-eabi/lib/thumb/v7e-m+fp/hard\libc_nano.a(libc_a-malloc.o)
                0x0800e864                malloc
 .text.sbrk_aligned
                0x0800e874       0x44 E:/ST/STM32CubeIDE_1.16.1/STM32CubeIDE/plugins/com.st.stm32cube.ide.mcu.externaltools.gnu-tools-for-stm32.12.3.rel1.win32_1.0.200.202406191623/tools/bin/../lib/gcc/arm-none-eabi/12.3.1/../../../../arm-none-eabi/lib/thumb/v7e-m+fp/hard\libc_nano.a(libc_a-mallocr.o)
 .text._malloc_r
                0x0800e8b8      0x100 E:/ST/STM32CubeIDE_1.16.1/STM32CubeIDE/plugins/com.st.stm32cube.ide.mcu.externaltools.gnu-tools-for-stm32.12.3.rel1.win32_1.0.200.202406191623/tools/bin/../lib/gcc/arm-none-eabi/12.3.1/../../../../arm-none-eabi/lib/thumb/v7e-m+fp/hard\libc_nano.a(libc_a-mallocr.o)
                0x0800e8b8                _malloc_r
 .text.__malloc_lock
                0x0800e9b8        0xc E:/ST/STM32CubeIDE_1.16.1/STM32CubeIDE/plugins/com.st.stm32cube.ide.mcu.externaltools.gnu-tools-for-stm32.12.3.rel1.win32_1.0.200.202406191623/tools/bin/../lib/gcc/arm-none-eabi/12.3.1/../../../../arm-none-eabi/lib/thumb/v7e-m+fp/hard\libc_nano.a(libc_a-mlock.o)
                0x0800e9b8                __malloc_lock
 .text.__malloc_unlock
                0x0800e9c4        0xc E:/ST/STM32CubeIDE_1.16.1/STM32CubeIDE/plugins/com.st.stm32cube.ide.mcu.externaltools.gnu-tools-for-stm32.12.3.rel1.win32_1.0.200.202406191623/tools/bin/../lib/gcc/arm-none-eabi/12.3.1/../../../../arm-none-eabi/lib/thumb/v7e-m+fp/hard\libc_nano.a(libc_a-mlock.o)
                0x0800e9c4                __malloc_unlock
 .text._Balloc  0x0800e9d0       0x80 E:/ST/STM32CubeIDE_1.16.1/STM32CubeIDE/plugins/com.st.stm32cube.ide.mcu.externaltools.gnu-tools-for-stm32.12.3.rel1.win32_1.0.200.202406191623/tools/bin/../lib/gcc/arm-none-eabi/12.3.1/../../../../arm-none-eabi/lib/thumb/v7e-m+fp/hard\libc_nano.a(libc_a-mprec.o)
                0x0800e9d0                _Balloc
 .text._Bfree   0x0800ea50       0x44 E:/ST/STM32CubeIDE_1.16.1/STM32CubeIDE/plugins/com.st.stm32cube.ide.mcu.externaltools.gnu-tools-for-stm32.12.3.rel1.win32_1.0.200.202406191623/tools/bin/../lib/gcc/arm-none-eabi/12.3.1/../../../../arm-none-eabi/lib/thumb/v7e-m+fp/hard\libc_nano.a(libc_a-mprec.o)
                0x0800ea50                _Bfree
 .text.__multadd
                0x0800ea94       0x8c E:/ST/STM32CubeIDE_1.16.1/STM32CubeIDE/plugins/com.st.stm32cube.ide.mcu.externaltools.gnu-tools-for-stm32.12.3.rel1.win32_1.0.200.202406191623/tools/bin/../lib/gcc/arm-none-eabi/12.3.1/../../../../arm-none-eabi/lib/thumb/v7e-m+fp/hard\libc_nano.a(libc_a-mprec.o)
                0x0800ea94                __multadd
 .text.__hi0bits
                0x0800eb20       0x3e E:/ST/STM32CubeIDE_1.16.1/STM32CubeIDE/plugins/com.st.stm32cube.ide.mcu.externaltools.gnu-tools-for-stm32.12.3.rel1.win32_1.0.200.202406191623/tools/bin/../lib/gcc/arm-none-eabi/12.3.1/../../../../arm-none-eabi/lib/thumb/v7e-m+fp/hard\libc_nano.a(libc_a-mprec.o)
                0x0800eb20                __hi0bits
 .text.__lo0bits
                0x0800eb5e       0x5a E:/ST/STM32CubeIDE_1.16.1/STM32CubeIDE/plugins/com.st.stm32cube.ide.mcu.externaltools.gnu-tools-for-stm32.12.3.rel1.win32_1.0.200.202406191623/tools/bin/../lib/gcc/arm-none-eabi/12.3.1/../../../../arm-none-eabi/lib/thumb/v7e-m+fp/hard\libc_nano.a(libc_a-mprec.o)
                0x0800eb5e                __lo0bits
 .text.__i2b    0x0800ebb8       0x2c E:/ST/STM32CubeIDE_1.16.1/STM32CubeIDE/plugins/com.st.stm32cube.ide.mcu.externaltools.gnu-tools-for-stm32.12.3.rel1.win32_1.0.200.202406191623/tools/bin/../lib/gcc/arm-none-eabi/12.3.1/../../../../arm-none-eabi/lib/thumb/v7e-m+fp/hard\libc_nano.a(libc_a-mprec.o)
                0x0800ebb8                __i2b
 .text.__multiply
                0x0800ebe4      0x154 E:/ST/STM32CubeIDE_1.16.1/STM32CubeIDE/plugins/com.st.stm32cube.ide.mcu.externaltools.gnu-tools-for-stm32.12.3.rel1.win32_1.0.200.202406191623/tools/bin/../lib/gcc/arm-none-eabi/12.3.1/../../../../arm-none-eabi/lib/thumb/v7e-m+fp/hard\libc_nano.a(libc_a-mprec.o)
                0x0800ebe4                __multiply
 .text.__pow5mult
                0x0800ed38       0xb4 E:/ST/STM32CubeIDE_1.16.1/STM32CubeIDE/plugins/com.st.stm32cube.ide.mcu.externaltools.gnu-tools-for-stm32.12.3.rel1.win32_1.0.200.202406191623/tools/bin/../lib/gcc/arm-none-eabi/12.3.1/../../../../arm-none-eabi/lib/thumb/v7e-m+fp/hard\libc_nano.a(libc_a-mprec.o)
                0x0800ed38                __pow5mult
 .text.__lshift
                0x0800edec       0xd8 E:/ST/STM32CubeIDE_1.16.1/STM32CubeIDE/plugins/com.st.stm32cube.ide.mcu.externaltools.gnu-tools-for-stm32.12.3.rel1.win32_1.0.200.202406191623/tools/bin/../lib/gcc/arm-none-eabi/12.3.1/../../../../arm-none-eabi/lib/thumb/v7e-m+fp/hard\libc_nano.a(libc_a-mprec.o)
                0x0800edec                __lshift
 .text.__mcmp   0x0800eec4       0x36 E:/ST/STM32CubeIDE_1.16.1/STM32CubeIDE/plugins/com.st.stm32cube.ide.mcu.externaltools.gnu-tools-for-stm32.12.3.rel1.win32_1.0.200.202406191623/tools/bin/../lib/gcc/arm-none-eabi/12.3.1/../../../../arm-none-eabi/lib/thumb/v7e-m+fp/hard\libc_nano.a(libc_a-mprec.o)
                0x0800eec4                __mcmp
 *fill*         0x0800eefa        0x2 
 .text.__mdiff  0x0800eefc      0x128 E:/ST/STM32CubeIDE_1.16.1/STM32CubeIDE/plugins/com.st.stm32cube.ide.mcu.externaltools.gnu-tools-for-stm32.12.3.rel1.win32_1.0.200.202406191623/tools/bin/../lib/gcc/arm-none-eabi/12.3.1/../../../../arm-none-eabi/lib/thumb/v7e-m+fp/hard\libc_nano.a(libc_a-mprec.o)
                0x0800eefc                __mdiff
 .text.__d2b    0x0800f024       0xb0 E:/ST/STM32CubeIDE_1.16.1/STM32CubeIDE/plugins/com.st.stm32cube.ide.mcu.externaltools.gnu-tools-for-stm32.12.3.rel1.win32_1.0.200.202406191623/tools/bin/../lib/gcc/arm-none-eabi/12.3.1/../../../../arm-none-eabi/lib/thumb/v7e-m+fp/hard\libc_nano.a(libc_a-mprec.o)
                0x0800f024                __d2b
 .text.__ssputs_r
                0x0800f0d4       0xb6 E:/ST/STM32CubeIDE_1.16.1/STM32CubeIDE/plugins/com.st.stm32cube.ide.mcu.externaltools.gnu-tools-for-stm32.12.3.rel1.win32_1.0.200.202406191623/tools/bin/../lib/gcc/arm-none-eabi/12.3.1/../../../../arm-none-eabi/lib/thumb/v7e-m+fp/hard\libc_nano.a(libc_a-nano-svfprintf.o)
                0x0800f0d4                __ssputs_r
 *fill*         0x0800f18a        0x2 
 .text._svfprintf_r
                0x0800f18c      0x1f8 E:/ST/STM32CubeIDE_1.16.1/STM32CubeIDE/plugins/com.st.stm32cube.ide.mcu.externaltools.gnu-tools-for-stm32.12.3.rel1.win32_1.0.200.202406191623/tools/bin/../lib/gcc/arm-none-eabi/12.3.1/../../../../arm-none-eabi/lib/thumb/v7e-m+fp/hard\libc_nano.a(libc_a-nano-svfprintf.o)
                0x0800f18c                _svfiprintf_r
                0x0800f18c                _svfprintf_r
 .text.__sflush_r
                0x0800f384      0x108 E:/ST/STM32CubeIDE_1.16.1/STM32CubeIDE/plugins/com.st.stm32cube.ide.mcu.externaltools.gnu-tools-for-stm32.12.3.rel1.win32_1.0.200.202406191623/tools/bin/../lib/gcc/arm-none-eabi/12.3.1/../../../../arm-none-eabi/lib/thumb/v7e-m+fp/hard\libc_nano.a(libc_a-fflush.o)
                0x0800f384                __sflush_r
 .text._fflush_r
                0x0800f48c       0x50 E:/ST/STM32CubeIDE_1.16.1/STM32CubeIDE/plugins/com.st.stm32cube.ide.mcu.externaltools.gnu-tools-for-stm32.12.3.rel1.win32_1.0.200.202406191623/tools/bin/../lib/gcc/arm-none-eabi/12.3.1/../../../../arm-none-eabi/lib/thumb/v7e-m+fp/hard\libc_nano.a(libc_a-fflush.o)
                0x0800f48c                _fflush_r
 .text.memmove  0x0800f4dc       0x34 E:/ST/STM32CubeIDE_1.16.1/STM32CubeIDE/plugins/com.st.stm32cube.ide.mcu.externaltools.gnu-tools-for-stm32.12.3.rel1.win32_1.0.200.202406191623/tools/bin/../lib/gcc/arm-none-eabi/12.3.1/../../../../arm-none-eabi/lib/thumb/v7e-m+fp/hard\libc_nano.a(libc_a-memmove.o)
                0x0800f4dc                memmove
 .text._sbrk_r  0x0800f510       0x20 E:/ST/STM32CubeIDE_1.16.1/STM32CubeIDE/plugins/com.st.stm32cube.ide.mcu.externaltools.gnu-tools-for-stm32.12.3.rel1.win32_1.0.200.202406191623/tools/bin/../lib/gcc/arm-none-eabi/12.3.1/../../../../arm-none-eabi/lib/thumb/v7e-m+fp/hard\libc_nano.a(libc_a-sbrkr.o)
                0x0800f510                _sbrk_r
 .text.memcpy   0x0800f530       0x1c E:/ST/STM32CubeIDE_1.16.1/STM32CubeIDE/plugins/com.st.stm32cube.ide.mcu.externaltools.gnu-tools-for-stm32.12.3.rel1.win32_1.0.200.202406191623/tools/bin/../lib/gcc/arm-none-eabi/12.3.1/../../../../arm-none-eabi/lib/thumb/v7e-m+fp/hard\libc_nano.a(libc_a-memcpy-stub.o)
                0x0800f530                memcpy
 .text.__assert_func
                0x0800f54c       0x3c E:/ST/STM32CubeIDE_1.16.1/STM32CubeIDE/plugins/com.st.stm32cube.ide.mcu.externaltools.gnu-tools-for-stm32.12.3.rel1.win32_1.0.200.202406191623/tools/bin/../lib/gcc/arm-none-eabi/12.3.1/../../../../arm-none-eabi/lib/thumb/v7e-m+fp/hard\libc_nano.a(libc_a-assert.o)
                0x0800f54c                __assert_func
 .text._calloc_r
                0x0800f588       0x28 E:/ST/STM32CubeIDE_1.16.1/STM32CubeIDE/plugins/com.st.stm32cube.ide.mcu.externaltools.gnu-tools-for-stm32.12.3.rel1.win32_1.0.200.202406191623/tools/bin/../lib/gcc/arm-none-eabi/12.3.1/../../../../arm-none-eabi/lib/thumb/v7e-m+fp/hard\libc_nano.a(libc_a-callocr.o)
                0x0800f588                _calloc_r
 .text.__ascii_mbtowc
                0x0800f5b0       0x24 E:/ST/STM32CubeIDE_1.16.1/STM32CubeIDE/plugins/com.st.stm32cube.ide.mcu.externaltools.gnu-tools-for-stm32.12.3.rel1.win32_1.0.200.202406191623/tools/bin/../lib/gcc/arm-none-eabi/12.3.1/../../../../arm-none-eabi/lib/thumb/v7e-m+fp/hard\libc_nano.a(libc_a-mbtowc_r.o)
                0x0800f5b0                __ascii_mbtowc
 .text._realloc_r
                0x0800f5d4       0x5c E:/ST/STM32CubeIDE_1.16.1/STM32CubeIDE/plugins/com.st.stm32cube.ide.mcu.externaltools.gnu-tools-for-stm32.12.3.rel1.win32_1.0.200.202406191623/tools/bin/../lib/gcc/arm-none-eabi/12.3.1/../../../../arm-none-eabi/lib/thumb/v7e-m+fp/hard\libc_nano.a(libc_a-reallocr.o)
                0x0800f5d4                _realloc_r
 .text.__ascii_wctomb
                0x0800f630       0x1a E:/ST/STM32CubeIDE_1.16.1/STM32CubeIDE/plugins/com.st.stm32cube.ide.mcu.externaltools.gnu-tools-for-stm32.12.3.rel1.win32_1.0.200.202406191623/tools/bin/../lib/gcc/arm-none-eabi/12.3.1/../../../../arm-none-eabi/lib/thumb/v7e-m+fp/hard\libc_nano.a(libc_a-wctomb_r.o)
                0x0800f630                __ascii_wctomb
 *fill*         0x0800f64a        0x2 
 .text.fprintf  0x0800f64c       0x24 E:/ST/STM32CubeIDE_1.16.1/STM32CubeIDE/plugins/com.st.stm32cube.ide.mcu.externaltools.gnu-tools-for-stm32.12.3.rel1.win32_1.0.200.202406191623/tools/bin/../lib/gcc/arm-none-eabi/12.3.1/../../../../arm-none-eabi/lib/thumb/v7e-m+fp/hard\libc_nano.a(libc_a-fprintf.o)
                0x0800f64c                fiprintf
                0x0800f64c                fprintf
 .text.abort    0x0800f670        0xe E:/ST/STM32CubeIDE_1.16.1/STM32CubeIDE/plugins/com.st.stm32cube.ide.mcu.externaltools.gnu-tools-for-stm32.12.3.rel1.win32_1.0.200.202406191623/tools/bin/../lib/gcc/arm-none-eabi/12.3.1/../../../../arm-none-eabi/lib/thumb/v7e-m+fp/hard\libc_nano.a(libc_a-abort.o)
                0x0800f670                abort
 .text._malloc_usable_size_r
                0x0800f67e       0x10 E:/ST/STM32CubeIDE_1.16.1/STM32CubeIDE/plugins/com.st.stm32cube.ide.mcu.externaltools.gnu-tools-for-stm32.12.3.rel1.win32_1.0.200.202406191623/tools/bin/../lib/gcc/arm-none-eabi/12.3.1/../../../../arm-none-eabi/lib/thumb/v7e-m+fp/hard\libc_nano.a(libc_a-msizer.o)
                0x0800f67e                _malloc_usable_size_r
 .text.__sfputc_r
                0x0800f68e       0x2e E:/ST/STM32CubeIDE_1.16.1/STM32CubeIDE/plugins/com.st.stm32cube.ide.mcu.externaltools.gnu-tools-for-stm32.12.3.rel1.win32_1.0.200.202406191623/tools/bin/../lib/gcc/arm-none-eabi/12.3.1/../../../../arm-none-eabi/lib/thumb/v7e-m+fp/hard\libc_nano.a(libc_a-nano-vfprintf.o)
 .text.__sfputs_r
                0x0800f6bc       0x24 E:/ST/STM32CubeIDE_1.16.1/STM32CubeIDE/plugins/com.st.stm32cube.ide.mcu.externaltools.gnu-tools-for-stm32.12.3.rel1.win32_1.0.200.202406191623/tools/bin/../lib/gcc/arm-none-eabi/12.3.1/../../../../arm-none-eabi/lib/thumb/v7e-m+fp/hard\libc_nano.a(libc_a-nano-vfprintf.o)
                0x0800f6bc                __sfputs_r
 .text._vfprintf_r
                0x0800f6e0      0x230 E:/ST/STM32CubeIDE_1.16.1/STM32CubeIDE/plugins/com.st.stm32cube.ide.mcu.externaltools.gnu-tools-for-stm32.12.3.rel1.win32_1.0.200.202406191623/tools/bin/../lib/gcc/arm-none-eabi/12.3.1/../../../../arm-none-eabi/lib/thumb/v7e-m+fp/hard\libc_nano.a(libc_a-nano-vfprintf.o)
                0x0800f6e0                _vfprintf_r
                0x0800f6e0                _vfiprintf_r
 .text.__swbuf_r
                0x0800f910       0x7c E:/ST/STM32CubeIDE_1.16.1/STM32CubeIDE/plugins/com.st.stm32cube.ide.mcu.externaltools.gnu-tools-for-stm32.12.3.rel1.win32_1.0.200.202406191623/tools/bin/../lib/gcc/arm-none-eabi/12.3.1/../../../../arm-none-eabi/lib/thumb/v7e-m+fp/hard\libc_nano.a(libc_a-wbuf.o)
                0x0800f910                __swbuf_r
 .text.__swsetup_r
                0x0800f98c       0xac E:/ST/STM32CubeIDE_1.16.1/STM32CubeIDE/plugins/com.st.stm32cube.ide.mcu.externaltools.gnu-tools-for-stm32.12.3.rel1.win32_1.0.200.202406191623/tools/bin/../lib/gcc/arm-none-eabi/12.3.1/../../../../arm-none-eabi/lib/thumb/v7e-m+fp/hard\libc_nano.a(libc_a-wsetup.o)
                0x0800f98c                __swsetup_r
 .text._raise_r
                0x0800fa38       0x50 E:/ST/STM32CubeIDE_1.16.1/STM32CubeIDE/plugins/com.st.stm32cube.ide.mcu.externaltools.gnu-tools-for-stm32.12.3.rel1.win32_1.0.200.202406191623/tools/bin/../lib/gcc/arm-none-eabi/12.3.1/../../../../arm-none-eabi/lib/thumb/v7e-m+fp/hard\libc_nano.a(libc_a-signal.o)
                0x0800fa38                _raise_r