Archive member included to satisfy reference by file (symbol)

E:/ST/STM32CubeIDE_1.16.1/STM32CubeIDE/plugins/com.st.stm32cube.ide.mcu.externaltools.gnu-tools-for-stm32.12.3.rel1.win32_1.0.200.202406191623/tools/bin/../lib/gcc/arm-none-eabi/12.3.1/../../../../arm-none-eabi/lib/thumb/v7e-m+fp/hard\libc_nano.a(libc_a-exit.o)
                              E:/ST/STM32CubeIDE_1.16.1/STM32CubeIDE/plugins/com.st.stm32cube.ide.mcu.externaltools.gnu-tools-for-stm32.12.3.rel1.win32_1.0.200.202406191623/tools/bin/../lib/gcc/arm-none-eabi/12.3.1/../../../../arm-none-eabi/lib/thumb/v7e-m+fp/hard/crt0.o (exit)
E:/ST/STM32CubeIDE_1.16.1/STM32CubeIDE/plugins/com.st.stm32cube.ide.mcu.externaltools.gnu-tools-for-stm32.12.3.rel1.win32_1.0.200.202406191623/tools/bin/../lib/gcc/arm-none-eabi/12.3.1/../../../../arm-none-eabi/lib/thumb/v7e-m+fp/hard\libc_nano.a(libc_a-nano-vfprintf_float.o)
                              (_printf_float)
E:/ST/STM32CubeIDE_1.16.1/STM32CubeIDE/plugins/com.st.stm32cube.ide.mcu.externaltools.gnu-tools-for-stm32.12.3.rel1.win32_1.0.200.202406191623/tools/bin/../lib/gcc/arm-none-eabi/12.3.1/../../../../arm-none-eabi/lib/thumb/v7e-m+fp/hard\libc_nano.a(libc_a-nano-vfprintf_i.o)
                              E:/ST/STM32CubeIDE_1.16.1/STM32CubeIDE/plugins/com.st.stm32cube.ide.mcu.externaltools.gnu-tools-for-stm32.12.3.rel1.win32_1.0.200.202406191623/tools/bin/../lib/gcc/arm-none-eabi/12.3.1/../../../../arm-none-eabi/lib/thumb/v7e-m+fp/hard\libc_nano.a(libc_a-nano-vfprintf_float.o) (_printf_common)
E:/ST/STM32CubeIDE_1.16.1/STM32CubeIDE/plugins/com.st.stm32cube.ide.mcu.externaltools.gnu-tools-for-stm32.12.3.rel1.win32_1.0.200.202406191623/tools/bin/../lib/gcc/arm-none-eabi/12.3.1/../../../../arm-none-eabi/lib/thumb/v7e-m+fp/hard\libc_nano.a(libc_a-findfp.o)
                              E:/ST/STM32CubeIDE_1.16.1/STM32CubeIDE/plugins/com.st.stm32cube.ide.mcu.externaltools.gnu-tools-for-stm32.12.3.rel1.win32_1.0.200.202406191623/tools/bin/../lib/gcc/arm-none-eabi/12.3.1/../../../../arm-none-eabi/lib/thumb/v7e-m+fp/hard\libc_nano.a(libc_a-exit.o) (__stdio_exit_handler)
E:/ST/STM32CubeIDE_1.16.1/STM32CubeIDE/plugins/com.st.stm32cube.ide.mcu.externaltools.gnu-tools-for-stm32.12.3.rel1.win32_1.0.200.202406191623/tools/bin/../lib/gcc/arm-none-eabi/12.3.1/../../../../arm-none-eabi/lib/thumb/v7e-m+fp/hard\libc_nano.a(libc_a-fwalk.o)
                              E:/ST/STM32CubeIDE_1.16.1/STM32CubeIDE/plugins/com.st.stm32cube.ide.mcu.externaltools.gnu-tools-for-stm32.12.3.rel1.win32_1.0.200.202406191623/tools/bin/../lib/gcc/arm-none-eabi/12.3.1/../../../../arm-none-eabi/lib/thumb/v7e-m+fp/hard\libc_nano.a(libc_a-findfp.o) (_fwalk_sglue)
E:/ST/STM32CubeIDE_1.16.1/STM32CubeIDE/plugins/com.st.stm32cube.ide.mcu.externaltools.gnu-tools-for-stm32.12.3.rel1.win32_1.0.200.202406191623/tools/bin/../lib/gcc/arm-none-eabi/12.3.1/../../../../arm-none-eabi/lib/thumb/v7e-m+fp/hard\libc_nano.a(libc_a-snprintf.o)
                              ./Core/Src/liquidcrystal_i2c.o (snprintf)
E:/ST/STM32CubeIDE_1.16.1/STM32CubeIDE/plugins/com.st.stm32cube.ide.mcu.externaltools.gnu-tools-for-stm32.12.3.rel1.win32_1.0.200.202406191623/tools/bin/../lib/gcc/arm-none-eabi/12.3.1/../../../../arm-none-eabi/lib/thumb/v7e-m+fp/hard\libc_nano.a(libc_a-sprintf.o)
                              ./Core/Src/USB.o (sprintf)
E:/ST/STM32CubeIDE_1.16.1/STM32CubeIDE/plugins/com.st.stm32cube.ide.mcu.externaltools.gnu-tools-for-stm32.12.3.rel1.win32_1.0.200.202406191623/tools/bin/../lib/gcc/arm-none-eabi/12.3.1/../../../../arm-none-eabi/lib/thumb/v7e-m+fp/hard\libc_nano.a(libc_a-stdio.o)
                              E:/ST/STM32CubeIDE_1.16.1/STM32CubeIDE/plugins/com.st.stm32cube.ide.mcu.externaltools.gnu-tools-for-stm32.12.3.rel1.win32_1.0.200.202406191623/tools/bin/../lib/gcc/arm-none-eabi/12.3.1/../../../../arm-none-eabi/lib/thumb/v7e-m+fp/hard\libc_nano.a(libc_a-findfp.o) (__sread)
E:/ST/STM32CubeIDE_1.16.1/STM32CubeIDE/plugins/com.st.stm32cube.ide.mcu.externaltools.gnu-tools-for-stm32.12.3.rel1.win32_1.0.200.202406191623/tools/bin/../lib/gcc/arm-none-eabi/12.3.1/../../../../arm-none-eabi/lib/thumb/v7e-m+fp/hard\libc_nano.a(libc_a-memset.o)
                              E:/ST/STM32CubeIDE_1.16.1/STM32CubeIDE/plugins/com.st.stm32cube.ide.mcu.externaltools.gnu-tools-for-stm32.12.3.rel1.win32_1.0.200.202406191623/tools/bin/../lib/gcc/arm-none-eabi/12.3.1/../../../../arm-none-eabi/lib/thumb/v7e-m+fp/hard/crt0.o (memset)
E:/ST/STM32CubeIDE_1.16.1/STM32CubeIDE/plugins/com.st.stm32cube.ide.mcu.externaltools.gnu-tools-for-stm32.12.3.rel1.win32_1.0.200.202406191623/tools/bin/../lib/gcc/arm-none-eabi/12.3.1/../../../../arm-none-eabi/lib/thumb/v7e-m+fp/hard\libc_nano.a(libc_a-localeconv.o)
[...]
Memory Configuration

Name             Origin             Length             Attributes
CCMRAM           0x10000000         0x00010000         xrw
RAM              0x20000000         0x00020000         xrw
FLASH            0x08000000         0x00100000         xr
*default*        0x00000000         0xffffffff

Linker script and memory map

LOAD E:/ST/STM32CubeIDE_1.16.1/STM32CubeIDE/plugins/com.st.stm32cube.ide.mcu.externaltools.gnu-tools-for-stm32.12.3.rel1.win32_1.0.200.202406191623/tools/bin/../lib/gcc/arm-none-eabi/12.3.1/thumb/v7e-m+fp/hard/crti.o
LOAD E:/ST/STM32CubeIDE_1.16.1/STM32CubeIDE/plugins/com.st.stm32cube.ide.mcu.externaltools.gnu-tools-for-stm32.12.3.rel1.win32_1.0.200.202406191623/tools/bin/../lib/gcc/arm-none-eabi/12.3.1/thumb/v7e-m+fp/hard/crtbegin.o
LOAD E:/ST/STM32CubeIDE_1.16.1/STM32CubeIDE/plugins/com.st.stm32cube.ide.mcu.externaltools.gnu-tools-for-stm32.12.3.rel1.win32_1.0.200.202406191623/tools/bin/../lib/gcc/arm-none-eabi/12.3.1/../../../../arm-none-eabi/lib/thumb/v7e-m+fp/hard/crt0.o
LOAD ./Core/Src/BLDC.o
LOAD ./Core/Src/FOC.o
LOAD ./Core/Src/Mymath.o
LOAD ./Core/Src/USB.o
LOAD ./Core/Src/liquidcrystal_i2c.o
LOAD ./Core/Src/main.o
LOAD ./Core/Src/stm32f4xx_hal_msp.o
LOAD ./Core/Src/stm32f4xx_it.o
LOAD ./Core/Src/syscalls.o
LOAD ./Core/Src/sysmem.o
LOAD ./Core/Src/system_stm32f4xx.o
LOAD ./Core/Startup/startup_stm32f405rgtx.o
LOAD ./Drivers/STM32F4xx_HAL_Driver/Src/stm32f4xx_hal.o
LOAD ./Drivers/STM32F4xx_HAL_Driver/Src/stm32f4xx_hal_adc.o
LOAD ./Drivers/STM32F4xx_HAL_Driver/Src/stm32f4xx_hal_adc_ex.o
LOAD ./Drivers/STM32F4xx_HAL_Driver/Src/stm32f4xx_hal_cortex.o
LOAD ./Drivers/STM32F4xx_HAL_Driver/Src/stm32f4xx_hal_dma.o
LOAD ./Drivers/STM32F4xx_HAL_Driver/Src/stm32f4xx_hal_dma_ex.o
LOAD ./Drivers/STM32F4xx_HAL_Driver/Src/stm32f4xx_hal_exti.o
LOAD ./Drivers/STM32F4xx_HAL_Driver/Src/stm32f4xx_hal_flash.o
LOAD ./Drivers/STM32F4xx_HAL_Driver/Src/stm32f4xx_hal_flash_ex.o
LOAD ./Drivers/STM32F4xx_HAL_Driver/Src/stm32f4xx_hal_flash_ramfunc.o
LOAD ./Drivers/STM32F4xx_HAL_Driver/Src/stm32f4xx_hal_gpio.o
LOAD ./Drivers/STM32F4xx_HAL_Driver/Src/stm32f4xx_hal_i2c.o
LOAD ./Drivers/STM32F4xx_HAL_Driver/Src/stm32f4xx_hal_i2c_ex.o
LOAD ./Drivers/STM32F4xx_HAL_Driver/Src/stm32f4xx_hal_pcd.o
LOAD ./Drivers/STM32F4xx_HAL_Driver/Src/stm32f4xx_hal_pcd_ex.o
LOAD ./Drivers/STM32F4xx_HAL_Driver/Src/stm32f4xx_hal_pwr.o
LOAD ./Drivers/STM32F4xx_HAL_Driver/Src/stm32f4xx_hal_pwr_ex.o
LOAD ./Drivers/STM32F4xx_HAL_Driver/Src/stm32f4xx_hal_rcc.o
LOAD ./Drivers/STM32F4xx_HAL_Driver/Src/stm32f4xx_hal_rcc_ex.o
LOAD ./Drivers/STM32F4xx_HAL_Driver/Src/stm32f4xx_hal_tim.o
LOAD ./Drivers/STM32F4xx_HAL_Driver/Src/stm32f4xx_hal_tim_ex.o
LOAD ./Drivers/STM32F4xx_HAL_Driver/Src/stm32f4xx_hal_uart.o
LOAD ./Drivers/STM32F4xx_HAL_Driver/Src/stm32f4xx_ll_adc.o
LOAD ./Drivers/STM32F4xx_HAL_Driver/Src/stm32f4xx_ll_usb.o
LOAD ./Middlewares/ST/STM32_USB_Device_Library/Class/CDC/Src/usbd_cdc.o
LOAD ./Middlewares/ST/STM32_USB_Device_Library/Core/Src/usbd_core.o
LOAD ./Middlewares/ST/STM32_USB_Device_Library/Core/Src/usbd_ctlreq.o
LOAD ./Middlewares/ST/STM32_USB_Device_Library/Core/Src/usbd_ioreq.o
LOAD ./USB_DEVICE/App/usb_device.o
LOAD ./USB_DEVICE/App/usbd_cdc_if.o
LOAD ./USB_DEVICE/App/usbd_desc.o
LOAD ./USB_DEVICE/Target/usbd_conf.o
START GROUP
LOAD E:/ST/STM32CubeIDE_1.16.1/STM32CubeIDE/plugins/com.st.stm32cube.ide.mcu.externaltools.gnu-tools-for-stm32.12.3.rel1.win32_1.0.200.202406191623/tools/bin/../lib/gcc/arm-none-eabi/12.3.1/../../../../arm-none-eabi/lib/thumb/v7e-m+fp/hard\libc_nano.a
LOAD E:/ST/STM32CubeIDE_1.16.1/STM32CubeIDE/plugins/com.st.stm32cube.ide.mcu.externaltools.gnu-tools-for-stm32.12.3.rel1.win32_1.0.200.202406191623/tools/bin/../lib/gcc/arm-none-eabi/12.3.1/../../../../arm-none-eabi/lib/thumb/v7e-m+fp/hard\libm.a
END GROUP
START GROUP
LOAD E:/ST/STM32CubeIDE_1.16.1/STM32CubeIDE/plugins/com.st.stm32cube.ide.mcu.externaltools.gnu-tools-for-stm32.12.3.rel1.win32_1.0.200.202406191623/tools/bin/../lib/gcc/arm-none-eabi/12.3.1/thumb/v7e-m+fp/hard\libgcc.a
LOAD E:/ST/STM32CubeIDE_1.16.1/STM32CubeIDE/plugins/com.st.stm32cube.ide.mcu.externaltools.gnu-tools-for-stm32.12.3.rel1.win32_1.0.200.202406191623/tools/bin/../lib/gcc/arm-none-eabi/12.3.1/../../../../arm-none-eabi/lib/thumb/v7e-m+fp/hard\libc_nano.a
END GROUP
START GROUP
LOAD E:/ST/STM32CubeIDE_1.16.1/STM32CubeIDE/plugins/com.st.stm32cube.ide.mcu.externaltools.gnu-tools-for-stm32.12.3.rel1.win32_1.0.200.202406191623/tools/bin/../lib/gcc/arm-none-eabi/12.3.1/thumb/v7e-m+fp/hard\libgcc.a
LOAD E:/ST/STM32CubeIDE_1.16.1/STM32CubeIDE/plugins/com.st.stm32cube.ide.mcu.externaltools.gnu-tools-for-stm32.12.3.rel1.win32_1.0.200.202406191623/tools/bin/../lib/gcc/arm-none-eabi/12.3.1/../../../../arm-none-eabi/lib/thumb/v7e-m+fp/hard\libc_nano.a
LOAD E:/ST/STM32CubeIDE_1.16.1/STM32CubeIDE/plugins/com.st.stm32cube.ide.mcu.externaltools.gnu-tools-for-stm32.12.3.rel1.win32_1.0.200.202406191623/tools/bin/../lib/gcc/arm-none-eabi/12.3.1/../../../../arm-none-eabi/lib/thumb/v7e-m+fp/hard\libnosys.a
END GROUP
START GROUP
LOAD E:/ST/STM32CubeIDE_1.16.1/STM32CubeIDE/plugins/com.st.stm32cube.ide.mcu.externaltools.gnu-tools-for-stm32.12.3.rel1.win32_1.0.200.202406191623/tools/bin/../lib/gcc/arm-none-eabi/12.3.1/thumb/v7e-m+fp/hard\libgcc.a
LOAD E:/ST/STM32CubeIDE_1.16.1/STM32CubeIDE/plugins/com.st.stm32cube.ide.mcu.externaltools.gnu-tools-for-stm32.12.3.rel1.win32_1.0.200.202406191623/tools/bin/../lib/gcc/arm-none-eabi/12.3.1/../../../../arm-none-eabi/lib/thumb/v7e-m+fp/hard\libc_nano.a
LOAD E:/ST/STM32CubeIDE_1.16.1/STM32CubeIDE/plugins/com.st.stm32cube.ide.mcu.externaltools.gnu-tools-for-stm32.12.3.rel1.win32_1.0.200.202406191623/tools/bin/../lib/gcc/arm-none-eabi/12.3.1/../../../../arm-none-eabi/lib/thumb/v7e-m+fp/hard\libnosys.a
END GROUP
LOAD E:/ST/STM32CubeIDE_1.16.1/STM32CubeIDE/plugins/com.st.stm32cube.ide.mcu.externaltools.gnu-tools-for-stm32.12.3.rel1.win32_1.0.200.202406191623/tools/bin/../lib/gcc/arm-none-eabi/12.3.1/thumb/v7e-m+fp/hard/crtend.o
LOAD E:/ST/STM32CubeIDE_1.16.1/STM32CubeIDE/plugins/com.st.stm32cube.ide.mcu.externaltools.gnu-tools-for-stm32.12.3.rel1.win32_1.0.200.202406191623/tools/bin/../lib/gcc/arm-none-eabi/12.3.1/thumb/v7e-m+fp/hard/crtn.o
                0x20020000                        _estack = (ORIGIN (RAM) + LENGTH (RAM))
                0x00000200                        _Min_Heap_Size = 0x200
                0x00000400                        _Min_Stack_Size = 0x400

.isr_vector     0x08000000      0x188
                0x08000000                        . = ALIGN (0x4)
 *(.isr_vector)
 .isr_vector    0x08000000      0x188 ./Core/Startup/startup_stm32f405rgtx.o
                0x08000000                g_pfnVectors
                0x08000188                        . = ALIGN (0x4)

.text           0x08000190     0xf9e8
                0x08000190                        . = ALIGN (0x4)
 *(.text)
 .text          0x08000190       0x40 E:/ST/STM32CubeIDE_1.16.1/STM32CubeIDE/plugins/com.st.stm32cube.ide.mcu.externaltools.gnu-tools-for-stm32.12.3.rel1.win32_1.0.200.202406191623/tools/bin/../lib/gcc/arm-none-eabi/12.3.1/thumb/v7e-m+fp/hard/crtbegin.o
 .text          0x080001d0       0xa0 E:/ST/STM32CubeIDE_1.16.1/STM32CubeIDE/plugins/com.st.stm32cube.ide.mcu.externaltools.gnu-tools-for-stm32.12.3.rel1.win32_1.0.200.202406191623/tools/bin/../lib/gcc/arm-none-eabi/12.3.1/../../../../arm-none-eabi/lib/thumb/v7e-m+fp/hard\libc_nano.a(libc_a-memchr.o)
                0x080001d0                memchr
 .text          0x08000270       0x10 E:/ST/STM32CubeIDE_1.16.1/STM32CubeIDE/plugins/com.st.stm32cube.ide.mcu.externaltools.gnu-tools-for-stm32.12.3.rel1.win32_1.0.200.202406191623/tools/bin/../lib/gcc/arm-none-eabi/12.3.1/../../../../arm-none-eabi/lib/thumb/v7e-m+fp/hard\libc_nano.a(libc_a-strlen.o)
                0x08000270                strlen
 .text          0x08000280      0x378 E:/ST/STM32CubeIDE_1.16.1/STM32CubeIDE/plugins/com.st.stm32cube.ide.mcu.externaltools.gnu-tools-for-stm32.12.3.rel1.win32_1.0.200.202406191623/tools/bin/../lib/gcc/arm-none-eabi/12.3.1/thumb/v7e-m+fp/hard\libgcc.a(_arm_addsubdf3.o)
                0x08000280                __aeabi_drsub
                0x08000288                __aeabi_dsub
                0x08000288                __subdf3
                0x0800028c                __aeabi_dadd
                0x0800028c                __adddf3
                0x08000504                __floatunsidf
                0x08000504                __aeabi_ui2d
                0x08000524                __floatsidf
                0x08000524                __aeabi_i2d
                0x08000548                __aeabi_f2d
                0x08000548                __extendsfdf2
                0x0800058c                __floatundidf
                0x0800058c                __aeabi_ul2d
                0x0800059c                __floatdidf
                0x0800059c                __aeabi_l2d
 .text          0x080005f8      0x424 E:/ST/STM32CubeIDE_1.16.1/STM32CubeIDE/plugins/com.st.stm32cube.ide.mcu.externaltools.gnu-tools-for-stm32.12.3.rel1.win32_1.0.200.202406191623/tools/bin/../lib/gcc/arm-none-eabi/12.3.1/thumb/v7e-m+fp/hard\libgcc.a(_arm_muldivdf3.o)
                0x080005f8                __aeabi_dmul
                0x080005f8                __muldf3
                0x0800084c                __divdf3
                0x0800084c                __aeabi_ddiv
 .text          0x08000a1c      0x110 E:/ST/STM32CubeIDE_1.16.1/STM32CubeIDE/plugins/com.st.stm32cube.ide.mcu.externaltools.gnu-tools-for-stm32.12.3.rel1.win32_1.0.200.202406191623/tools/bin/../lib/gcc/arm-none-eabi/12.3.1/thumb/v7e-m+fp/hard\libgcc.a(_arm_cmpdf2.o)
                0x08000a1c                __gtdf2
                0x08000a1c                __gedf2
                0x08000a24                __ltdf2
                0x08000a24                __ledf2
                0x08000a2c                __nedf2
                0x08000a2c                __eqdf2
                0x08000a2c                __cmpdf2
                0x08000aa8                __aeabi_cdrcmple
                0x08000ab8                __aeabi_cdcmpeq
                0x08000ab8                __aeabi_cdcmple
                0x08000ac8                __aeabi_dcmpeq
                0x08000adc                __aeabi_dcmplt
                0x08000af0                __aeabi_dcmple
                0x08000b04                __aeabi_dcmpge
                0x08000b18                __aeabi_dcmpgt
 .text          0x08000b2c       0x2c E:/ST/STM32CubeIDE_1.16.1/STM32CubeIDE/plugins/com.st.stm32cube.ide.mcu.externaltools.gnu-tools-for-stm32.12.3.rel1.win32_1.0.200.202406191623/tools/bin/../lib/gcc/arm-none-eabi/12.3.1/thumb/v7e-m+fp/hard\libgcc.a(_arm_unorddf2.o)
                0x08000b2c                __unorddf2
                0x08000b2c                __aeabi_dcmpun
 .text          0x08000b58       0x50 E:/ST/STM32CubeIDE_1.16.1/STM32CubeIDE/plugins/com.st.stm32cube.ide.mcu.externaltools.gnu-tools-for-stm32.12.3.rel1.win32_1.0.200.202406191623/tools/bin/../lib/gcc/arm-none-eabi/12.3.1/thumb/v7e-m+fp/hard\libgcc.a(_arm_fixdfsi.o)
                0x08000b58                __aeabi_d2iz
                0x08000b58                __fixdfsi
 .text          0x08000ba8       0xa0 E:/ST/STM32CubeIDE_1.16.1/STM32CubeIDE/plugins/com.st.stm32cube.ide.mcu.externaltools.gnu-tools-for-stm32.12.3.rel1.win32_1.0.200.202406191623/tools/bin/../lib/gcc/arm-none-eabi/12.3.1/thumb/v7e-m+fp/hard\libgcc.a(_arm_truncdfsf2.o)
                0x08000ba8                __truncdfsf2
                0x08000ba8                __aeabi_d2f
 .text          0x08000c48       0x30 E:/ST/STM32CubeIDE_1.16.1/STM32CubeIDE/plugins/com.st.stm32cube.ide.mcu.externaltools.gnu-tools-for-stm32.12.3.rel1.win32_1.0.200.202406191623/tools/bin/../lib/gcc/arm-none-eabi/12.3.1/thumb/v7e-m+fp/hard\libgcc.a(_aeabi_uldivmod.o)
                0x08000c48                __aeabi_uldivmod
 .text          0x08000c78      0x2bc E:/ST/STM32CubeIDE_1.16.1/STM32CubeIDE/plugins/com.st.stm32cube.ide.mcu.externaltools.gnu-tools-for-stm32.12.3.rel1.win32_1.0.200.202406191623/tools/bin/../lib/gcc/arm-none-eabi/12.3.1/thumb/v7e-m+fp/hard\libgcc.a(_udivmoddi4.o)
                0x08000c78                __udivmoddi4
 .text          0x08000f34        0x4 E:/ST/STM32CubeIDE_1.16.1/STM32CubeIDE/plugins/com.st.stm32cube.ide.mcu.externaltools.gnu-tools-for-stm32.12.3.rel1.win32_1.0.200.202406191623/tools/bin/../lib/gcc/arm-none-eabi/12.3.1/thumb/v7e-m+fp/hard\libgcc.a(_dvmd_tls.o)
                0x08000f34                __aeabi_idiv0
                0x08000f34                __aeabi_ldiv0
 *(.text*)
 .text.hallState
                0x08000f38       0xe6 ./Core/Src/BLDC.o
                0x08000f38                hallState
 *fill*         0x0800101e        0x2 
 .text.commutator
                0x08001020      0x210 ./Core/Src/BLDC.o
                0x08001020                commutator
 .text.initBLDC
                0x08001230       0x64 ./Core/Src/BLDC.o
                0x08001230                initBLDC
 .text.map      0x08001294       0x4a ./Core/Src/Mymath.o
                0x08001294                map
 *fill*         0x080012de        0x2 
 .text.adc_volt
                0x080012e0       0x9c ./Core/Src/Mymath.o
                0x080012e0                adc_volt
 .text.rpm_tokmh
                0x0800137c       0x58 ./Core/Src/Mymath.o
                0x0800137c                rpm_tokmh
 .text.HD44780_Init
                0x080013d4      0x108 ./Core/Src/liquidcrystal_i2c.o
                0x080013d4                HD44780_Init
 .text.HD44780_Clear
                0x080014dc       0x16 ./Core/Src/liquidcrystal_i2c.o
                0x080014dc                HD44780_Clear
 .text.HD44780_Home
                0x080014f2       0x16 ./Core/Src/liquidcrystal_i2c.o
                0x080014f2                HD44780_Home
 .text.HD44780_SetCursor
                0x08001508       0x64 ./Core/Src/liquidcrystal_i2c.o
                0x08001508                HD44780_SetCursor
 .text.HD44780_Display
                0x0800156c       0x2c ./Core/Src/liquidcrystal_i2c.o
                0x0800156c                HD44780_Display
 .text.HD44780_CreateSpecialChar
                0x08001598       0x52 ./Core/Src/liquidcrystal_i2c.o
                0x08001598                HD44780_CreateSpecialChar
 .text.HD44780_PrintStr
                0x080015ea       0x2a ./Core/Src/liquidcrystal_i2c.o
                0x080015ea                HD44780_PrintStr
 .text.SendCommand
                0x08001614       0x1c ./Core/Src/liquidcrystal_i2c.o
 .text.SendChar
                0x08001630       0x1c ./Core/Src/liquidcrystal_i2c.o
 .text.Send     0x0800164c       0x42 ./Core/Src/liquidcrystal_i2c.o
 .text.Write4Bits
                0x0800168e       0x22 ./Core/Src/liquidcrystal_i2c.o
 .text.ExpanderWrite
                0x080016b0       0x38 ./Core/Src/liquidcrystal_i2c.o
 .text.PulseEnable
                0x080016e8       0x3a ./Core/Src/liquidcrystal_i2c.o
 *fill*         0x08001722        0x2 
 .text.DelayInit
                0x08001724       0x54 ./Core/Src/liquidcrystal_i2c.o
 .text.DelayUS  0x08001778       0x50 ./Core/Src/liquidcrystal_i2c.o
 .text.Init_lcd_ar
                0x080017c8       0xb4 ./Core/Src/liquidcrystal_i2c.o
                0x080017c8                Init_lcd_ar
 .text.update_lcd_val
                0x0800187c      0x150 ./Core/Src/liquidcrystal_i2c.o
                0x0800187c                update_lcd_val
 .text.main     0x080019cc      0x1c0 ./Core/Src/main.o
                0x080019cc                main
 .text.SystemClock_Config
                0x08001b8c       0xd8 ./Core/Src/main.o
                0x08001b8c                SystemClock_Config
 .text.MX_ADC1_Init
                0x08001c64       0xa4 ./Core/Src/main.o
 .text.MX_ADC2_Init
                0x08001d08       0xa4 ./Core/Src/main.o
 .text.MX_ADC3_Init
                0x08001dac       0xdc ./Core/Src/main.o
 .text.MX_I2C1_Init
                0x08001e88       0x5c ./Core/Src/main.o
 .text.MX_TIM1_Init
                0x08001ee4      0x170 ./Core/Src/main.o
 .text.MX_TIM2_Init
                0x08002054       0x98 ./Core/Src/main.o
 .text.MX_TIM3_Init
                0x080020ec      0x104 ./Core/Src/main.o
 .text.MX_USART2_UART_Init
                0x080021f0       0x54 ./Core/Src/main.o
 .text.MX_GPIO_Init
                0x08002244      0x150 ./Core/Src/main.o
 .text.HAL_GPIO_EXTI_Callback
                0x08002394       0x64 ./Core/Src/main.o
                0x08002394                HAL_GPIO_EXTI_Callback
 .text.handleBreakInterrupt
                0x080023f8       0x8c ./Core/Src/main.o
                0x080023f8                handleBreakInterrupt
 .text.handleHardwareFaultInterrupt
                0x08002484       0x18 ./Core/Src/main.o
                0x08002484                handleHardwareFaultInterrupt
 .text.handleHallSensorInterrupt
                0x0800249c       0x88 ./Core/Src/main.o
                0x0800249c                handleHallSensorInterrupt
 *fill*         0x08002524        0x4 
 .text.readADCs
                0x08002528      0x1a0 ./Core/Src/main.o
                0x08002528                readADCs
 .text.doADCs   0x080026c8      0x14c ./Core/Src/main.o
                0x080026c8                doADCs
 .text.setFaultState
                0x08002814       0x28 ./Core/Src/main.o
                0x08002814                setFaultState
 .text.writeState
                0x0800283c       0x90 ./Core/Src/main.o
                0x0800283c                writeState
 .text.readDI   0x080028cc       0x94 ./Core/Src/main.o
                0x080028cc                readDI
 .text.setDO    0x08002960       0x78 ./Core/Src/main.o
                0x08002960                setDO
 .text.resetDO  0x080029d8       0x2c ./Core/Src/main.o
                0x080029d8                resetDO
 .text.ready    0x08002a04       0x9c ./Core/Src/main.o
                0x08002a04                ready
 .text.drive    0x08002aa0       0x70 ./Core/Src/main.o
                0x08002aa0                drive
 .text.breaking
                0x08002b10       0x6c ./Core/Src/main.o
                0x08002b10                breaking
 .text.swfault  0x08002b7c       0x24 ./Core/Src/main.o
                0x08002b7c                swfault
 .text.hwfault  0x08002ba0       0x2c ./Core/Src/main.o
                0x08002ba0                hwfault
 .text.debug    0x08002bcc       0x6c ./Core/Src/main.o
                0x08002bcc                debug
 .text.ADC3_Select_CH
                0x08002c38       0x9c ./Core/Src/main.o
                0x08002c38                ADC3_Select_CH
 .text.Error_Handler
                0x08002cd4        0xc ./Core/Src/main.o
                0x08002cd4                Error_Handler
 .text.HAL_MspInit
                0x08002ce0       0x50 ./Core/Src/stm32f4xx_hal_msp.o
                0x08002ce0                HAL_MspInit
 .text.HAL_ADC_MspInit
                0x08002d30      0x1b0 ./Core/Src/stm32f4xx_hal_msp.o
                0x08002d30                HAL_ADC_MspInit
 .text.HAL_I2C_MspInit
                0x08002ee0       0x90 ./Core/Src/stm32f4xx_hal_msp.o
                0x08002ee0                HAL_I2C_MspInit
 .text.HAL_TIM_Base_MspInit
                0x08002f70       0xa4 ./Core/Src/stm32f4xx_hal_msp.o
                0x08002f70                HAL_TIM_Base_MspInit
 .text.HAL_TIM_MspPostInit
                0x08003014       0xc0 ./Core/Src/stm32f4xx_hal_msp.o
                0x08003014                HAL_TIM_MspPostInit
 .text.HAL_UART_MspInit
                0x080030d4       0xa0 ./Core/Src/stm32f4xx_hal_msp.o
                0x080030d4                HAL_UART_MspInit
 .text.NMI_Handler
                0x08003174        0x8 ./Core/Src/stm32f4xx_it.o
                0x08003174                NMI_Handler
 .text.HardFault_Handler
                0x0800317c        0x8 ./Core/Src/stm32f4xx_it.o
                0x0800317c                HardFault_Handler
 .text.MemManage_Handler
                0x08003184        0x8 ./Core/Src/stm32f4xx_it.o
                0x08003184                MemManage_Handler
 .text.BusFault_Handler
                0x0800318c        0x8 ./Core/Src/stm32f4xx_it.o
                0x0800318c                BusFault_Handler
 .text.UsageFault_Handler
                0x08003194        0x8 ./Core/Src/stm32f4xx_it.o
                0x08003194                UsageFault_Handler
 .text.SVC_Handler
                0x0800319c        0xe ./Core/Src/stm32f4xx_it.o
                0x0800319c                SVC_Handler
 .text.DebugMon_Handler
                0x080031aa        0xe ./Core/Src/stm32f4xx_it.o
                0x080031aa                DebugMon_Handler
 .text.PendSV_Handler
                0x080031b8        0xe ./Core/Src/stm32f4xx_it.o
                0x080031b8                PendSV_Handler
 .text.SysTick_Handler
                0x080031c6        0xc ./Core/Src/stm32f4xx_it.o
                0x080031c6                SysTick_Handler
 *fill*         0x080031d2        0x2 
 .text.ADC_IRQHandler
                0x080031d4       0x28 ./Core/Src/stm32f4xx_it.o
                0x080031d4                ADC_IRQHandler
 .text.EXTI9_5_IRQHandler
                0x080031fc       0x2a ./Core/Src/stm32f4xx_it.o
                0x080031fc                EXTI9_5_IRQHandler
 *fill*         0x08003226        0x2 
 .text.TIM2_IRQHandler
                0x08003228       0xc4 ./Core/Src/stm32f4xx_it.o
                0x08003228                TIM2_IRQHandler
 .text.USART2_IRQHandler
                0x080032ec       0x14 ./Core/Src/stm32f4xx_it.o
                0x080032ec                USART2_IRQHandler
 .text.OTG_FS_IRQHandler
                0x08003300       0x14 ./Core/Src/stm32f4xx_it.o
                0x08003300                OTG_FS_IRQHandler
 .text._getpid  0x08003314       0x10 ./Core/Src/syscalls.o
                0x08003314                _getpid
 .text._kill    0x08003324       0x20 ./Core/Src/syscalls.o
                0x08003324                _kill
 .text._exit    0x08003344       0x16 ./Core/Src/syscalls.o
                0x08003344                _exit
 .text._read    0x0800335a       0x3a ./Core/Src/syscalls.o
                0x0800335a                _read
 .text._write   0x08003394       0x38 ./Core/Src/syscalls.o
                0x08003394                _write
 .text._close   0x080033cc       0x18 ./Core/Src/syscalls.o
                0x080033cc                _close
 .text._fstat   0x080033e4       0x20 ./Core/Src/syscalls.o
                0x080033e4                _fstat
 .text._isatty  0x08003404       0x16 ./Core/Src/syscalls.o
                0x08003404                _isatty
 .text._lseek   0x0800341a       0x1a ./Core/Src/syscalls.o
                0x0800341a                _lseek
 .text._sbrk    0x08003434       0x6c ./Core/Src/sysmem.o
                0x08003434                _sbrk
 .text.SystemInit
                0x080034a0       0x24 ./Core/Src/system_stm32f4xx.o
                0x080034a0                SystemInit
 .text.Reset_Handler
                0x080034c4       0x50 ./Core/Startup/startup_stm32f405rgtx.o
                0x080034c4                Reset_Handler
 .text.Default_Handler
                0x08003514        0x2 ./Core/Startup/startup_stm32f405rgtx.o
                0x08003514                RTC_Alarm_IRQHandler
                0x08003514                HASH_RNG_IRQHandler
                0x08003514                EXTI2_IRQHandler
                0x08003514                TIM8_CC_IRQHandler
                0x08003514                TIM1_CC_IRQHandler
                0x08003514                DMA2_Stream5_IRQHandler
                0x08003514                DMA1_Stream5_IRQHandler
                0x08003514                PVD_IRQHandler
                0x08003514                SDIO_IRQHandler
                0x08003514                TAMP_STAMP_IRQHandler
                0x08003514                CAN2_RX1_IRQHandler
                0x08003514                EXTI3_IRQHandler
                0x08003514                TIM8_TRG_COM_TIM14_IRQHandler
                0x08003514                TIM1_UP_TIM10_IRQHandler
                0x08003514                TIM8_UP_TIM13_IRQHandler
                0x08003514                I2C3_ER_IRQHandler
                0x08003514                EXTI0_IRQHandler
                0x08003514                I2C2_EV_IRQHandler
                0x08003514                DMA1_Stream2_IRQHandler
                0x08003514                CAN1_RX0_IRQHandler
                0x08003514                FPU_IRQHandler
                0x08003514                OTG_HS_WKUP_IRQHandler
                0x08003514                CAN2_SCE_IRQHandler
                0x08003514                DMA2_Stream2_IRQHandler
                0x08003514                SPI1_IRQHandler
                0x08003514                TIM6_DAC_IRQHandler
                0x08003514                TIM1_BRK_TIM9_IRQHandler
                0x08003514                CAN2_RX0_IRQHandler
                0x08003514                DMA2_Stream3_IRQHandler
                0x08003514                USART6_IRQHandler
                0x08003514                USART3_IRQHandler
                0x08003514                CAN1_RX1_IRQHandler
                0x08003514                UART5_IRQHandler
                0x08003514                DMA2_Stream0_IRQHandler
                0x08003514                TIM4_IRQHandler
                0x08003514                I2C1_EV_IRQHandler
                0x08003514                DMA1_Stream6_IRQHandler
                0x08003514                DMA1_Stream1_IRQHandler
                0x08003514                UART4_IRQHandler
                0x08003514                TIM3_IRQHandler
                0x08003514                RCC_IRQHandler
                0x08003514                TIM8_BRK_TIM12_IRQHandler
                0x08003514                Default_Handler
                0x08003514                EXTI15_10_IRQHandler
                0x08003514                DMA1_Stream7_IRQHandler
                0x08003514                TIM7_IRQHandler
                0x08003514                CAN2_TX_IRQHandler
                0x08003514                TIM5_IRQHandler
                0x08003514                DMA2_Stream7_IRQHandler
                0x08003514                I2C3_EV_IRQHandler
                0x08003514                RTC_WKUP_IRQHandler
                0x08003514                SPI2_IRQHandler
                0x08003514                OTG_HS_EP1_IN_IRQHandler
                0x08003514                DMA1_Stream0_IRQHandler
                0x08003514                CAN1_TX_IRQHandler
                0x08003514                EXTI4_IRQHandler
                0x08003514                FSMC_IRQHandler
                0x08003514                OTG_HS_EP1_OUT_IRQHandler
                0x08003514                WWDG_IRQHandler
                0x08003514                OTG_FS_WKUP_IRQHandler
                0x08003514                TIM1_TRG_COM_TIM11_IRQHandler
                0x08003514                OTG_HS_IRQHandler
                0x08003514                EXTI1_IRQHandler
                0x08003514                I2C2_ER_IRQHandler
                0x08003514                DMA2_Stream1_IRQHandler
                0x08003514                CAN1_SCE_IRQHandler
                0x08003514                FLASH_IRQHandler
                0x08003514                DMA2_Stream4_IRQHandler
                0x08003514                USART1_IRQHandler
                0x08003514                SPI3_IRQHandler
                0x08003514                DMA1_Stream4_IRQHandler
                0x08003514                I2C1_ER_IRQHandler
                0x08003514                DMA2_Stream6_IRQHandler
                0x08003514                DMA1_Stream3_IRQHandler
 *fill*         0x08003516        0x2 
 .text.HAL_Init
                0x08003518       0x44 ./Drivers/STM32F4xx_HAL_Driver/Src/stm32f4xx_hal.o
                0x08003518                HAL_Init
 .text.HAL_InitTick
                0x0800355c       0x60 ./Drivers/STM32F4xx_HAL_Driver/Src/stm32f4xx_hal.o
                0x0800355c                HAL_InitTick
 .text.HAL_IncTick
                0x080035bc       0x28 ./Drivers/STM32F4xx_HAL_Driver/Src/stm32f4xx_hal.o
                0x080035bc                HAL_IncTick
 .text.HAL_GetTick
                0x080035e4       0x18 ./Drivers/STM32F4xx_HAL_Driver/Src/stm32f4xx_hal.o
                0x080035e4                HAL_GetTick
 .text.HAL_Delay
                0x080035fc       0x48 ./Drivers/STM32F4xx_HAL_Driver/Src/stm32f4xx_hal.o
                0x080035fc                HAL_Delay
 .text.HAL_ADC_Init
                0x08003644       0x86 ./Drivers/STM32F4xx_HAL_Driver/Src/stm32f4xx_hal_adc.o
                0x08003644                HAL_ADC_Init
 *fill*         0x080036ca        0x2 
 .text.HAL_ADC_Start
                0x080036cc      0x1a4 ./Drivers/STM32F4xx_HAL_Driver/Src/stm32f4xx_hal_adc.o
                0x080036cc                HAL_ADC_Start
 .text.HAL_ADC_Stop
                0x08003870       0x66 ./Drivers/STM32F4xx_HAL_Driver/Src/stm32f4xx_hal_adc.o
                0x08003870                HAL_ADC_Stop
 .text.HAL_ADC_PollForConversion
                0x080038d6      0x116 ./Drivers/STM32F4xx_HAL_Driver/Src/stm32f4xx_hal_adc.o
                0x080038d6                HAL_ADC_PollForConversion
 .text.HAL_ADC_IRQHandler
                0x080039ec      0x220 ./Drivers/STM32F4xx_HAL_Driver/Src/stm32f4xx_hal_adc.o
                0x080039ec                HAL_ADC_IRQHandler
 .text.HAL_ADC_GetValue
                0x08003c0c       0x1a ./Drivers/STM32F4xx_HAL_Driver/Src/stm32f4xx_hal_adc.o
                0x08003c0c                HAL_ADC_GetValue
 .text.HAL_ADC_ConvCpltCallback
                0x08003c26       0x14 ./Drivers/STM32F4xx_HAL_Driver/Src/stm32f4xx_hal_adc.o
                0x08003c26                HAL_ADC_ConvCpltCallback
 .text.HAL_ADC_LevelOutOfWindowCallback
                0x08003c3a       0x14 ./Drivers/STM32F4xx_HAL_Driver/Src/stm32f4xx_hal_adc.o
                0x08003c3a                HAL_ADC_LevelOutOfWindowCallback
 .text.HAL_ADC_ErrorCallback
                0x08003c4e       0x14 ./Drivers/STM32F4xx_HAL_Driver/Src/stm32f4xx_hal_adc.o
                0x08003c4e                HAL_ADC_ErrorCallback
 *fill*         0x08003c62        0x2 
 .text.HAL_ADC_ConfigChannel
                0x08003c64      0x244 ./Drivers/STM32F4xx_HAL_Driver/Src/stm32f4xx_hal_adc.o
                0x08003c64                HAL_ADC_ConfigChannel
 .text.ADC_Init
                0x08003ea8      0x1f8 ./Drivers/STM32F4xx_HAL_Driver/Src/stm32f4xx_hal_adc.o
 .text.HAL_ADCEx_InjectedConvCpltCallback
                0x080040a0       0x14 ./Drivers/STM32F4xx_HAL_Driver/Src/stm32f4xx_hal_adc_ex.o
                0x080040a0                HAL_ADCEx_InjectedConvCpltCallback
 .text.__NVIC_SetPriorityGrouping
                0x080040b4       0x48 ./Drivers/STM32F4xx_HAL_Driver/Src/stm32f4xx_hal_cortex.o
 .text.__NVIC_GetPriorityGrouping
                0x080040fc       0x1c ./Drivers/STM32F4xx_HAL_Driver/Src/stm32f4xx_hal_cortex.o
 .text.__NVIC_EnableIRQ
                0x08004118       0x3c ./Drivers/STM32F4xx_HAL_Driver/Src/stm32f4xx_hal_cortex.o
 .text.__NVIC_SetPriority
                0x08004154       0x54 ./Drivers/STM32F4xx_HAL_Driver/Src/stm32f4xx_hal_cortex.o
 .text.NVIC_EncodePriority
                0x080041a8       0x66 ./Drivers/STM32F4xx_HAL_Driver/Src/stm32f4xx_hal_cortex.o
 *fill*         0x0800420e        0x2 
 .text.SysTick_Config
                0x08004210       0x44 ./Drivers/STM32F4xx_HAL_Driver/Src/stm32f4xx_hal_cortex.o
 .text.HAL_NVIC_SetPriorityGrouping
                0x08004254       0x16 ./Drivers/STM32F4xx_HAL_Driver/Src/stm32f4xx_hal_cortex.o
                0x08004254                HAL_NVIC_SetPriorityGrouping
 .text.HAL_NVIC_SetPriority
                0x0800426a       0x38 ./Drivers/STM32F4xx_HAL_Driver/Src/stm32f4xx_hal_cortex.o
                0x0800426a                HAL_NVIC_SetPriority
 .text.HAL_NVIC_EnableIRQ
                0x080042a2       0x1c ./Drivers/STM32F4xx_HAL_Driver/Src/stm32f4xx_hal_cortex.o
                0x080042a2                HAL_NVIC_EnableIRQ
 .text.HAL_SYSTICK_Config
                0x080042be       0x18 ./Drivers/STM32F4xx_HAL_Driver/Src/stm32f4xx_hal_cortex.o
                0x080042be                HAL_SYSTICK_Config
 .text.HAL_DMA_Abort
                0x080042d6       0xe0 ./Drivers/STM32F4xx_HAL_Driver/Src/stm32f4xx_hal_dma.o
                0x080042d6                HAL_DMA_Abort
 .text.HAL_DMA_Abort_IT
                0x080043b6       0x44 ./Drivers/STM32F4xx_HAL_Driver/Src/stm32f4xx_hal_dma.o
                0x080043b6                HAL_DMA_Abort_IT
 *fill*         0x080043fa        0x2 
 .text.HAL_GPIO_Init
                0x080043fc      0x338 ./Drivers/STM32F4xx_HAL_Driver/Src/stm32f4xx_hal_gpio.o
                0x080043fc                HAL_GPIO_Init
 .text.HAL_GPIO_WritePin
                0x08004734       0x32 ./Drivers/STM32F4xx_HAL_Driver/Src/stm32f4xx_hal_gpio.o
                0x08004734                HAL_GPIO_WritePin
 .text.HAL_GPIO_TogglePin
                0x08004766       0x34 ./Drivers/STM32F4xx_HAL_Driver/Src/stm32f4xx_hal_gpio.o
                0x08004766                HAL_GPIO_TogglePin
 *fill*         0x0800479a        0x2 
 .text.HAL_GPIO_EXTI_IRQHandler
                0x0800479c       0x30 ./Drivers/STM32F4xx_HAL_Driver/Src/stm32f4xx_hal_gpio.o
                0x0800479c                HAL_GPIO_EXTI_IRQHandler
 .text.HAL_I2C_Init
                0x080047cc      0x288 ./Drivers/STM32F4xx_HAL_Driver/Src/stm32f4xx_hal_i2c.o
                0x080047cc                HAL_I2C_Init
 .text.HAL_I2C_Master_Transmit
                0x08004a54      0x1fc ./Drivers/STM32F4xx_HAL_Driver/Src/stm32f4xx_hal_i2c.o
                0x08004a54                HAL_I2C_Master_Transmit
 .text.I2C_MasterRequestWrite
                0x08004c50      0x104 ./Drivers/STM32F4xx_HAL_Driver/Src/stm32f4xx_hal_i2c.o
 .text.I2C_WaitOnFlagUntilTimeout
                0x08004d54       0xf4 ./Drivers/STM32F4xx_HAL_Driver/Src/stm32f4xx_hal_i2c.o
 .text.I2C_WaitOnMasterAddressFlagUntilTimeout
                0x08004e48      0x140 ./Drivers/STM32F4xx_HAL_Driver/Src/stm32f4xx_hal_i2c.o
 .text.I2C_WaitOnTXEFlagUntilTimeout
                0x08004f88       0x90 ./Drivers/STM32F4xx_HAL_Driver/Src/stm32f4xx_hal_i2c.o
 .text.I2C_WaitOnBTFFlagUntilTimeout
                0x08005018       0x90 ./Drivers/STM32F4xx_HAL_Driver/Src/stm32f4xx_hal_i2c.o
 .text.I2C_IsAcknowledgeFailed
                0x080050a8       0x5e ./Drivers/STM32F4xx_HAL_Driver/Src/stm32f4xx_hal_i2c.o
 .text.HAL_PCD_Init
                0x08005106      0x21e ./Drivers/STM32F4xx_HAL_Driver/Src/stm32f4xx_hal_pcd.o
                0x08005106                HAL_PCD_Init
 .text.HAL_PCD_Start
                0x08005324       0x6a ./Drivers/STM32F4xx_HAL_Driver/Src/stm32f4xx_hal_pcd.o
                0x08005324                HAL_PCD_Start
 .text.HAL_PCD_IRQHandler
                0x0800538e      0x942 ./Drivers/STM32F4xx_HAL_Driver/Src/stm32f4xx_hal_pcd.o
                0x0800538e                HAL_PCD_IRQHandler
 .text.HAL_PCD_SetAddress
                0x08005cd0       0x48 ./Drivers/STM32F4xx_HAL_Driver/Src/stm32f4xx_hal_pcd.o
                0x08005cd0                HAL_PCD_SetAddress
 .text.HAL_PCD_EP_Open
                0x08005d18       0xd4 ./Drivers/STM32F4xx_HAL_Driver/Src/stm32f4xx_hal_pcd.o
                0x08005d18                HAL_PCD_EP_Open
 .text.HAL_PCD_EP_Close
                0x08005dec       0x94 ./Drivers/STM32F4xx_HAL_Driver/Src/stm32f4xx_hal_pcd.o
                0x08005dec                HAL_PCD_EP_Close
 .text.HAL_PCD_EP_Receive
                0x08005e80       0x76 ./Drivers/STM32F4xx_HAL_Driver/Src/stm32f4xx_hal_pcd.o
                0x08005e80                HAL_PCD_EP_Receive
 .text.HAL_PCD_EP_GetRxCount
                0x08005ef6       0x30 ./Drivers/STM32F4xx_HAL_Driver/Src/stm32f4xx_hal_pcd.o
                0x08005ef6                HAL_PCD_EP_GetRxCount
 .text.HAL_PCD_EP_Transmit
                0x08005f26       0x74 ./Drivers/STM32F4xx_HAL_Driver/Src/stm32f4xx_hal_pcd.o
                0x08005f26                HAL_PCD_EP_Transmit
 .text.HAL_PCD_EP_SetStall
                0x08005f9a       0xc6 ./Drivers/STM32F4xx_HAL_Driver/Src/stm32f4xx_hal_pcd.o
                0x08005f9a                HAL_PCD_EP_SetStall
 .text.HAL_PCD_EP_ClrStall
                0x08006060       0xac ./Drivers/STM32F4xx_HAL_Driver/Src/stm32f4xx_hal_pcd.o
                0x08006060                HAL_PCD_EP_ClrStall
 .text.HAL_PCD_EP_Abort
                0x0800610c       0x62 ./Drivers/STM32F4xx_HAL_Driver/Src/stm32f4xx_hal_pcd.o
                0x0800610c                HAL_PCD_EP_Abort
 .text.PCD_WriteEmptyTxFifo
                0x0800616e      0x118 ./Drivers/STM32F4xx_HAL_Driver/Src/stm32f4xx_hal_pcd.o
 *fill*         0x08006286        0x2 
 .text.PCD_EP_OutXfrComplete_int
                0x08006288      0x1d0 ./Drivers/STM32F4xx_HAL_Driver/Src/stm32f4xx_hal_pcd.o
 .text.PCD_EP_OutSetupPacket_int
                0x08006458       0x8c ./Drivers/STM32F4xx_HAL_Driver/Src/stm32f4xx_hal_pcd.o
 .text.HAL_PCDEx_SetTxFiFo
                0x080064e4       0x8e ./Drivers/STM32F4xx_HAL_Driver/Src/stm32f4xx_hal_pcd_ex.o
                0x080064e4                HAL_PCDEx_SetTxFiFo
 .text.HAL_PCDEx_SetRxFiFo
                0x08006572       0x22 ./Drivers/STM32F4xx_HAL_Driver/Src/stm32f4xx_hal_pcd_ex.o
                0x08006572                HAL_PCDEx_SetRxFiFo
 .text.HAL_PCDEx_LPM_Callback
                0x08006594       0x18 ./Drivers/STM32F4xx_HAL_Driver/Src/stm32f4xx_hal_pcd_ex.o
                0x08006594                HAL_PCDEx_LPM_Callback
 .text.HAL_RCC_OscConfig
                0x080065ac      0x4f0 ./Drivers/STM32F4xx_HAL_Driver/Src/stm32f4xx_hal_rcc.o
                0x080065ac                HAL_RCC_OscConfig
 .text.HAL_RCC_ClockConfig
                0x08006a9c      0x1cc ./Drivers/STM32F4xx_HAL_Driver/Src/stm32f4xx_hal_rcc.o
                0x08006a9c                HAL_RCC_ClockConfig
 .text.HAL_RCC_GetSysClockFreq
                0x08006c68      0x20c ./Drivers/STM32F4xx_HAL_Driver/Src/stm32f4xx_hal_rcc.o
                0x08006c68                HAL_RCC_GetSysClockFreq
 .text.HAL_RCC_GetHCLKFreq
                0x08006e74       0x18 ./Drivers/STM32F4xx_HAL_Driver/Src/stm32f4xx_hal_rcc.o
                0x08006e74                HAL_RCC_GetHCLKFreq
 .text.HAL_RCC_GetPCLK1Freq
                0x08006e8c       0x28 ./Drivers/STM32F4xx_HAL_Driver/Src/stm32f4xx_hal_rcc.o
                0x08006e8c                HAL_RCC_GetPCLK1Freq
 .text.HAL_RCC_GetPCLK2Freq
                0x08006eb4       0x28 ./Drivers/STM32F4xx_HAL_Driver/Src/stm32f4xx_hal_rcc.o
                0x08006eb4                HAL_RCC_GetPCLK2Freq
 .text.HAL_TIM_Base_Init
                0x08006edc       0x9e ./Drivers/STM32F4xx_HAL_Driver/Src/stm32f4xx_hal_tim.o
                0x08006edc                HAL_TIM_Base_Init
 *fill*         0x08006f7a        0x2 
 .text.HAL_TIM_Base_Start_IT
                0x08006f7c       0xe0 ./Drivers/STM32F4xx_HAL_Driver/Src/stm32f4xx_hal_tim.o
                0x08006f7c                HAL_TIM_Base_Start_IT
 .text.HAL_TIM_PWM_Init
                0x0800705c       0x9e ./Drivers/STM32F4xx_HAL_Driver/Src/stm32f4xx_hal_tim.o
                0x0800705c                HAL_TIM_PWM_Init
 .text.HAL_TIM_PWM_MspInit
                0x080070fa       0x14 ./Drivers/STM32F4xx_HAL_Driver/Src/stm32f4xx_hal_tim.o
                0x080070fa                HAL_TIM_PWM_MspInit
 *fill*         0x0800710e        0x2 
 .text.HAL_TIM_PWM_Start
                0x08007110      0x190 ./Drivers/STM32F4xx_HAL_Driver/Src/stm32f4xx_hal_tim.o
                0x08007110                HAL_TIM_PWM_Start
 .text.HAL_TIM_PWM_Stop
                0x080072a0       0xe0 ./Drivers/STM32F4xx_HAL_Driver/Src/stm32f4xx_hal_tim.o
                0x080072a0                HAL_TIM_PWM_Stop
 .text.HAL_TIM_IRQHandler
                0x08007380      0x1e0 ./Drivers/STM32F4xx_HAL_Driver/Src/stm32f4xx_hal_tim.o
                0x08007380                HAL_TIM_IRQHandler
 .text.HAL_TIM_PWM_ConfigChannel
                0x08007560      0x184 ./Drivers/STM32F4xx_HAL_Driver/Src/stm32f4xx_hal_tim.o
                0x08007560                HAL_TIM_PWM_ConfigChannel
 .text.HAL_TIM_ConfigClockSource
                0x080076e4      0x18e ./Drivers/STM32F4xx_HAL_Driver/Src/stm32f4xx_hal_tim.o
                0x080076e4                HAL_TIM_ConfigClockSource
 .text.HAL_TIM_PeriodElapsedCallback
                0x08007872       0x14 ./Drivers/STM32F4xx_HAL_Driver/Src/stm32f4xx_hal_tim.o
                0x08007872                HAL_TIM_PeriodElapsedCallback
 .text.HAL_TIM_OC_DelayElapsedCallback
                0x08007886       0x14 ./Drivers/STM32F4xx_HAL_Driver/Src/stm32f4xx_hal_tim.o
                0x08007886                HAL_TIM_OC_DelayElapsedCallback
 .text.HAL_TIM_IC_CaptureCallback
                0x0800789a       0x14 ./Drivers/STM32F4xx_HAL_Driver/Src/stm32f4xx_hal_tim.o
                0x0800789a                HAL_TIM_IC_CaptureCallback
 .text.HAL_TIM_PWM_PulseFinishedCallback
                0x080078ae       0x14 ./Drivers/STM32F4xx_HAL_Driver/Src/stm32f4xx_hal_tim.o
                0x080078ae                HAL_TIM_PWM_PulseFinishedCallback
 .text.HAL_TIM_TriggerCallback
                0x080078c2       0x14 ./Drivers/STM32F4xx_HAL_Driver/Src/stm32f4xx_hal_tim.o
                0x080078c2                HAL_TIM_TriggerCallback
 *fill*         0x080078d6        0x2 
 .text.TIM_Base_SetConfig
                0x080078d8      0x158 ./Drivers/STM32F4xx_HAL_Driver/Src/stm32f4xx_hal_tim.o
                0x080078d8                TIM_Base_SetConfig
 .text.TIM_OC1_SetConfig
                0x08007a30       0xe0 ./Drivers/STM32F4xx_HAL_Driver/Src/stm32f4xx_hal_tim.o
 .text.TIM_OC2_SetConfig
                0x08007b10       0xec ./Drivers/STM32F4xx_HAL_Driver/Src/stm32f4xx_hal_tim.o
                0x08007b10                TIM_OC2_SetConfig
 .text.TIM_OC3_SetConfig
                0x08007bfc       0xe8 ./Drivers/STM32F4xx_HAL_Driver/Src/stm32f4xx_hal_tim.o
 .text.TIM_OC4_SetConfig
                0x08007ce4       0xac ./Drivers/STM32F4xx_HAL_Driver/Src/stm32f4xx_hal_tim.o
 .text.TIM_TI1_ConfigInputStage
                0x08007d90       0x5e ./Drivers/STM32F4xx_HAL_Driver/Src/stm32f4xx_hal_tim.o
 .text.TIM_TI2_ConfigInputStage
                0x08007dee       0x60 ./Drivers/STM32F4xx_HAL_Driver/Src/stm32f4xx_hal_tim.o
 .text.TIM_ITRx_SetConfig
                0x08007e4e       0x36 ./Drivers/STM32F4xx_HAL_Driver/Src/stm32f4xx_hal_tim.o
 .text.TIM_ETR_SetConfig
                0x08007e84       0x40 ./Drivers/STM32F4xx_HAL_Driver/Src/stm32f4xx_hal_tim.o
                0x08007e84                TIM_ETR_SetConfig
 .text.TIM_CCxChannelCmd
                0x08007ec4       0x4a ./Drivers/STM32F4xx_HAL_Driver/Src/stm32f4xx_hal_tim.o
                0x08007ec4                TIM_CCxChannelCmd
 *fill*         0x08007f0e        0x2 
 .text.HAL_TIMEx_MasterConfigSynchronization
                0x08007f10       0xf8 ./Drivers/STM32F4xx_HAL_Driver/Src/stm32f4xx_hal_tim_ex.o
                0x08007f10                HAL_TIMEx_MasterConfigSynchronization
 .text.HAL_TIMEx_ConfigBreakDeadTime
                0x08008008       0xa4 ./Drivers/STM32F4xx_HAL_Driver/Src/stm32f4xx_hal_tim_ex.o
                0x08008008                HAL_TIMEx_ConfigBreakDeadTime
 .text.HAL_TIMEx_CommutCallback
                0x080080ac       0x14 ./Drivers/STM32F4xx_HAL_Driver/Src/stm32f4xx_hal_tim_ex.o
                0x080080ac                HAL_TIMEx_CommutCallback
 .text.HAL_TIMEx_BreakCallback
                0x080080c0       0x14 ./Drivers/STM32F4xx_HAL_Driver/Src/stm32f4xx_hal_tim_ex.o
                0x080080c0                HAL_TIMEx_BreakCallback
 .text.HAL_UART_Init
                0x080080d4       0xa0 ./Drivers/STM32F4xx_HAL_Driver/Src/stm32f4xx_hal_uart.o
                0x080080d4                HAL_UART_Init
 .text.HAL_UART_IRQHandler
                0x08008174      0x524 ./Drivers/STM32F4xx_HAL_Driver/Src/stm32f4xx_hal_uart.o
                0x08008174                HAL_UART_IRQHandler
 .text.HAL_UART_TxCpltCallback
                0x08008698       0x14 ./Drivers/STM32F4xx_HAL_Driver/Src/stm32f4xx_hal_uart.o
                0x08008698                HAL_UART_TxCpltCallback
 .text.HAL_UART_RxCpltCallback
                0x080086ac       0x14 ./Drivers/STM32F4xx_HAL_Driver/Src/stm32f4xx_hal_uart.o
                0x080086ac                HAL_UART_RxCpltCallback
 .text.HAL_UART_ErrorCallback
                0x080086c0       0x14 ./Drivers/STM32F4xx_HAL_Driver/Src/stm32f4xx_hal_uart.o
                0x080086c0                HAL_UART_ErrorCallback
 .text.HAL_UARTEx_RxEventCallback
                0x080086d4       0x18 ./Drivers/STM32F4xx_HAL_Driver/Src/stm32f4xx_hal_uart.o
                0x080086d4                HAL_UARTEx_RxEventCallback
 .text.UART_EndRxTransfer
                0x080086ec       0xc6 ./Drivers/STM32F4xx_HAL_Driver/Src/stm32f4xx_hal_uart.o
 .text.UART_DMAAbortOnError
                0x080087b2       0x28 ./Drivers/STM32F4xx_HAL_Driver/Src/stm32f4xx_hal_uart.o
 .text.UART_Transmit_IT
                0x080087da       0xa0 ./Drivers/STM32F4xx_HAL_Driver/Src/stm32f4xx_hal_uart.o
 .text.UART_EndTransmit_IT
                0x0800887a       0x30 ./Drivers/STM32F4xx_HAL_Driver/Src/stm32f4xx_hal_uart.o
 .text.UART_Receive_IT
                0x080088aa      0x17c ./Drivers/STM32F4xx_HAL_Driver/Src/stm32f4xx_hal_uart.o
 *fill*         0x08008a26        0x2 
 .text.UART_SetConfig
                0x08008a28      0x4e8 ./Drivers/STM32F4xx_HAL_Driver/Src/stm32f4xx_hal_uart.o
 .text.USB_CoreInit
                0x08008f10       0xc8 ./Drivers/STM32F4xx_HAL_Driver/Src/stm32f4xx_ll_usb.o
                0x08008f10                USB_CoreInit
 .text.USB_SetTurnaroundTime
                0x08008fd8      0x144 ./Drivers/STM32F4xx_HAL_Driver/Src/stm32f4xx_ll_usb.o
                0x08008fd8                USB_SetTurnaroundTime
 .text.USB_EnableGlobalInt
                0x0800911c       0x22 ./Drivers/STM32F4xx_HAL_Driver/Src/stm32f4xx_ll_usb.o
                0x0800911c                USB_EnableGlobalInt
 .text.USB_DisableGlobalInt
                0x0800913e       0x22 ./Drivers/STM32F4xx_HAL_Driver/Src/stm32f4xx_ll_usb.o
                0x0800913e                USB_DisableGlobalInt
 .text.USB_SetCurrentMode
                0x08009160       0x98 ./Drivers/STM32F4xx_HAL_Driver/Src/stm32f4xx_ll_usb.o
                0x08009160                USB_SetCurrentMode
 .text.USB_DevInit
                0x080091f8      0x2c8 ./Drivers/STM32F4xx_HAL_Driver/Src/stm32f4xx_ll_usb.o
                0x080091f8                USB_DevInit
 .text.USB_FlushTxFifo
                0x080094c0       0x64 ./Drivers/STM32F4xx_HAL_Driver/Src/stm32f4xx_ll_usb.o
                0x080094c0                USB_FlushTxFifo
 .text.USB_FlushRxFifo
                0x08009524       0x5c ./Drivers/STM32F4xx_HAL_Driver/Src/stm32f4xx_ll_usb.o
                0x08009524                USB_FlushRxFifo
 .text.USB_SetDevSpeed
                0x08009580       0x32 ./Drivers/STM32F4xx_HAL_Driver/Src/stm32f4xx_ll_usb.o
                0x08009580                USB_SetDevSpeed
 .text.USB_GetDevSpeed
                0x080095b2       0x4a ./Drivers/STM32F4xx_HAL_Driver/Src/stm32f4xx_ll_usb.o
                0x080095b2                USB_GetDevSpeed
 .text.USB_ActivateEndpoint
                0x080095fc      0x10e ./Drivers/STM32F4xx_HAL_Driver/Src/stm32f4xx_ll_usb.o
                0x080095fc                USB_ActivateEndpoint
 *fill*         0x0800970a        0x2 
 .text.USB_DeactivateEndpoint
                0x0800970c      0x1b8 ./Drivers/STM32F4xx_HAL_Driver/Src/stm32f4xx_ll_usb.o
                0x0800970c                USB_DeactivateEndpoint
 .text.USB_EPStartXfer
                0x080098c4      0x53c ./Drivers/STM32F4xx_HAL_Driver/Src/stm32f4xx_ll_usb.o
                0x080098c4                USB_EPStartXfer
 .text.USB_EPStopXfer
                0x08009e00      0x154 ./Drivers/STM32F4xx_HAL_Driver/Src/stm32f4xx_ll_usb.o
                0x08009e00                USB_EPStopXfer
 .text.USB_WritePacket
                0x08009f54       0x7c ./Drivers/STM32F4xx_HAL_Driver/Src/stm32f4xx_ll_usb.o
                0x08009f54                USB_WritePacket
 .text.USB_ReadPacket
                0x08009fd0       0xb0 ./Drivers/STM32F4xx_HAL_Driver/Src/stm32f4xx_ll_usb.o
                0x08009fd0                USB_ReadPacket
 .text.USB_EPSetStall
                0x0800a080       0xdc ./Drivers/STM32F4xx_HAL_Driver/Src/stm32f4xx_ll_usb.o
                0x0800a080                USB_EPSetStall
 .text.USB_EPClearStall
                0x0800a15c       0xcc ./Drivers/STM32F4xx_HAL_Driver/Src/stm32f4xx_ll_usb.o
                0x0800a15c                USB_EPClearStall
 .text.USB_SetDevAddress
                0x0800a228       0x4c ./Drivers/STM32F4xx_HAL_Driver/Src/stm32f4xx_ll_usb.o
                0x0800a228                USB_SetDevAddress
 .text.USB_DevConnect
                0x0800a274       0x42 ./Drivers/STM32F4xx_HAL_Driver/Src/stm32f4xx_ll_usb.o
                0x0800a274                USB_DevConnect
 .text.USB_DevDisconnect
                0x0800a2b6       0x42 ./Drivers/STM32F4xx_HAL_Driver/Src/stm32f4xx_ll_usb.o
                0x0800a2b6                USB_DevDisconnect
 .text.USB_ReadInterrupts
                0x0800a2f8       0x26 ./Drivers/STM32F4xx_HAL_Driver/Src/stm32f4xx_ll_usb.o
                0x0800a2f8                USB_ReadInterrupts
 .text.USB_ReadDevAllOutEpInterrupt
                0x0800a31e       0x34 ./Drivers/STM32F4xx_HAL_Driver/Src/stm32f4xx_ll_usb.o
                0x0800a31e                USB_ReadDevAllOutEpInterrupt
 .text.USB_ReadDevAllInEpInterrupt
                0x0800a352       0x34 ./Drivers/STM32F4xx_HAL_Driver/Src/stm32f4xx_ll_usb.o
                0x0800a352                USB_ReadDevAllInEpInterrupt
 .text.USB_ReadDevOutEPInterrupt
                0x0800a386       0x3c ./Drivers/STM32F4xx_HAL_Driver/Src/stm32f4xx_ll_usb.o
                0x0800a386                USB_ReadDevOutEPInterrupt
 .text.USB_ReadDevInEPInterrupt
                0x0800a3c2       0x5c ./Drivers/STM32F4xx_HAL_Driver/Src/stm32f4xx_ll_usb.o
                0x0800a3c2                USB_ReadDevInEPInterrupt
 .text.USB_GetMode
                0x0800a41e       0x1c ./Drivers/STM32F4xx_HAL_Driver/Src/stm32f4xx_ll_usb.o
                0x0800a41e                USB_GetMode
 .text.USB_ActivateSetup
                0x0800a43a       0x46 ./Drivers/STM32F4xx_HAL_Driver/Src/stm32f4xx_ll_usb.o
                0x0800a43a                USB_ActivateSetup
 .text.USB_EP0_OutStart
                0x0800a480       0xbc ./Drivers/STM32F4xx_HAL_Driver/Src/stm32f4xx_ll_usb.o
                0x0800a480                USB_EP0_OutStart
 .text.USB_CoreReset
                0x0800a53c       0x62 ./Drivers/STM32F4xx_HAL_Driver/Src/stm32f4xx_ll_usb.o
 *fill*         0x0800a59e        0x2 
 .text.USBD_CDC_Init
                0x0800a5a0      0x1f0 ./Middlewares/ST/STM32_USB_Device_Library/Class/CDC/Src/usbd_cdc.o
 .text.USBD_CDC_DeInit
                0x0800a790      0x104 ./Middlewares/ST/STM32_USB_Device_Library/Class/CDC/Src/usbd_cdc.o
 .text.USBD_CDC_Setup
                0x0800a894      0x1b8 ./Middlewares/ST/STM32_USB_Device_Library/Class/CDC/Src/usbd_cdc.o
 .text.USBD_CDC_DataIn
                0x0800aa4c       0xfe ./Middlewares/ST/STM32_USB_Device_Library/Class/CDC/Src/usbd_cdc.o
 .text.USBD_CDC_DataOut
                0x0800ab4a       0x70 ./Middlewares/ST/STM32_USB_Device_Library/Class/CDC/Src/usbd_cdc.o
 .text.USBD_CDC_EP0_RxReady
                0x0800abba       0x74 ./Middlewares/ST/STM32_USB_Device_Library/Class/CDC/Src/usbd_cdc.o
 *fill*         0x0800ac2e        0x2 
 .text.USBD_CDC_GetFSCfgDesc
                0x0800ac30       0x70 ./Middlewares/ST/STM32_USB_Device_Library/Class/CDC/Src/usbd_cdc.o
 .text.USBD_CDC_GetHSCfgDesc
                0x0800aca0       0x70 ./Middlewares/ST/STM32_USB_Device_Library/Class/CDC/Src/usbd_cdc.o
 .text.USBD_CDC_GetOtherSpeedCfgDesc
                0x0800ad10       0x70 ./Middlewares/ST/STM32_USB_Device_Library/Class/CDC/Src/usbd_cdc.o
 .text.USBD_CDC_GetDeviceQualifierDescriptor
                0x0800ad80       0x20 ./Middlewares/ST/STM32_USB_Device_Library/Class/CDC/Src/usbd_cdc.o
                0x0800ad80                USBD_CDC_GetDeviceQualifierDescriptor
 .text.USBD_CDC_RegisterInterface
                0x0800ada0       0x34 ./Middlewares/ST/STM32_USB_Device_Library/Class/CDC/Src/usbd_cdc.o
                0x0800ada0                USBD_CDC_RegisterInterface
 .text.USBD_CDC_SetTxBuffer
                0x0800add4       0x44 ./Middlewares/ST/STM32_USB_Device_Library/Class/CDC/Src/usbd_cdc.o
                0x0800add4                USBD_CDC_SetTxBuffer
 .text.USBD_CDC_SetRxBuffer
                0x0800ae18       0x3a ./Middlewares/ST/STM32_USB_Device_Library/Class/CDC/Src/usbd_cdc.o
                0x0800ae18                USBD_CDC_SetRxBuffer
 *fill*         0x0800ae52        0x2 
 .text.USBD_CDC_ReceivePacket
                0x0800ae54       0x6c ./Middlewares/ST/STM32_USB_Device_Library/Class/CDC/Src/usbd_cdc.o
                0x0800ae54                USBD_CDC_ReceivePacket
 .text.USBD_Init
                0x0800aec0       0x60 ./Middlewares/ST/STM32_USB_Device_Library/Core/Src/usbd_core.o
                0x0800aec0                USBD_Init
 .text.USBD_RegisterClass
                0x0800af20       0x6c ./Middlewares/ST/STM32_USB_Device_Library/Core/Src/usbd_core.o
                0x0800af20                USBD_RegisterClass
 .text.USBD_Start
                0x0800af8c       0x18 ./Middlewares/ST/STM32_USB_Device_Library/Core/Src/usbd_core.o
                0x0800af8c                USBD_Start
 .text.USBD_RunTestMode
                0x0800afa4       0x16 ./Middlewares/ST/STM32_USB_Device_Library/Core/Src/usbd_core.o
                0x0800afa4                USBD_RunTestMode
 .text.USBD_SetClassConfig
                0x0800afba       0x38 ./Middlewares/ST/STM32_USB_Device_Library/Core/Src/usbd_core.o
                0x0800afba                USBD_SetClassConfig
 .text.USBD_ClrClassConfig
                0x0800aff2       0x34 ./Middlewares/ST/STM32_USB_Device_Library/Core/Src/usbd_core.o
                0x0800aff2                USBD_ClrClassConfig
 .text.USBD_LL_SetupStage
                0x0800b026       0xaa ./Middlewares/ST/STM32_USB_Device_Library/Core/Src/usbd_core.o
                0x0800b026                USBD_LL_SetupStage
 .text.USBD_LL_DataOutStage
                0x0800b0d0      0x166 ./Middlewares/ST/STM32_USB_Device_Library/Core/Src/usbd_core.o
                0x0800b0d0                USBD_LL_DataOutStage
 .text.USBD_LL_DataInStage
                0x0800b236      0x164 ./Middlewares/ST/STM32_USB_Device_Library/Core/Src/usbd_core.o
                0x0800b236                USBD_LL_DataInStage
 .text.USBD_LL_Reset
                0x0800b39a       0xa4 ./Middlewares/ST/STM32_USB_Device_Library/Core/Src/usbd_core.o
                0x0800b39a                USBD_LL_Reset
 .text.USBD_LL_SetSpeed
                0x0800b43e       0x20 ./Middlewares/ST/STM32_USB_Device_Library/Core/Src/usbd_core.o
                0x0800b43e                USBD_LL_SetSpeed
 .text.USBD_LL_Suspend
                0x0800b45e       0x38 ./Middlewares/ST/STM32_USB_Device_Library/Core/Src/usbd_core.o
                0x0800b45e                USBD_LL_Suspend
 .text.USBD_LL_Resume
                0x0800b496       0x30 ./Middlewares/ST/STM32_USB_Device_Library/Core/Src/usbd_core.o
                0x0800b496                USBD_LL_Resume
 .text.USBD_LL_SOF
                0x0800b4c6       0x40 ./Middlewares/ST/STM32_USB_Device_Library/Core/Src/usbd_core.o
                0x0800b4c6                USBD_LL_SOF
 .text.USBD_LL_IsoINIncomplete
                0x0800b506       0x64 ./Middlewares/ST/STM32_USB_Device_Library/Core/Src/usbd_core.o
                0x0800b506                USBD_LL_IsoINIncomplete
 .text.USBD_LL_IsoOUTIncomplete
                0x0800b56a       0x64 ./Middlewares/ST/STM32_USB_Device_Library/Core/Src/usbd_core.o
                0x0800b56a                USBD_LL_IsoOUTIncomplete
 .text.USBD_LL_DevConnected
                0x0800b5ce       0x16 ./Middlewares/ST/STM32_USB_Device_Library/Core/Src/usbd_core.o
                0x0800b5ce                USBD_LL_DevConnected
 .text.USBD_LL_DevDisconnected
                0x0800b5e4       0x46 ./Middlewares/ST/STM32_USB_Device_Library/Core/Src/usbd_core.o
                0x0800b5e4                USBD_LL_DevDisconnected
 .text.USBD_CoreFindIF
                0x0800b62a       0x1a ./Middlewares/ST/STM32_USB_Device_Library/Core/Src/usbd_core.o
                0x0800b62a                USBD_CoreFindIF
 .text.USBD_CoreFindEP
                0x0800b644       0x1a ./Middlewares/ST/STM32_USB_Device_Library/Core/Src/usbd_core.o
                0x0800b644                USBD_CoreFindEP
 .text.USBD_GetEpDesc
                0x0800b65e       0x70 ./Middlewares/ST/STM32_USB_Device_Library/Core/Src/usbd_core.o
                0x0800b65e                USBD_GetEpDesc
 .text.USBD_GetNextDesc
                0x0800b6ce       0x38 ./Middlewares/ST/STM32_USB_Device_Library/Core/Src/usbd_core.o
                0x0800b6ce                USBD_GetNextDesc
 .text.SWAPBYTE
                0x0800b706       0x3c ./Middlewares/ST/STM32_USB_Device_Library/Core/Src/usbd_ctlreq.o
 *fill*         0x0800b742        0x2 
 .text.USBD_StdDevReq
                0x0800b744       0xe4 ./Middlewares/ST/STM32_USB_Device_Library/Core/Src/usbd_ctlreq.o
                0x0800b744                USBD_StdDevReq
 .text.USBD_StdItfReq
                0x0800b828       0xd8 ./Middlewares/ST/STM32_USB_Device_Library/Core/Src/usbd_ctlreq.o
                0x0800b828                USBD_StdItfReq
 .text.USBD_StdEPReq
                0x0800b900      0x33a ./Middlewares/ST/STM32_USB_Device_Library/Core/Src/usbd_ctlreq.o
                0x0800b900                USBD_StdEPReq
 *fill*         0x0800bc3a        0x2 
 .text.USBD_GetDescriptor
                0x0800bc3c      0x2d4 ./Middlewares/ST/STM32_USB_Device_Library/Core/Src/usbd_ctlreq.o
 .text.USBD_SetAddress
                0x0800bf10       0x88 ./Middlewares/ST/STM32_USB_Device_Library/Core/Src/usbd_ctlreq.o
 .text.USBD_SetConfig
                0x0800bf98      0x154 ./Middlewares/ST/STM32_USB_Device_Library/Core/Src/usbd_ctlreq.o
 .text.USBD_GetConfig
                0x0800c0ec       0x6c ./Middlewares/ST/STM32_USB_Device_Library/Core/Src/usbd_ctlreq.o
 .text.USBD_GetStatus
                0x0800c158       0x68 ./Middlewares/ST/STM32_USB_Device_Library/Core/Src/usbd_ctlreq.o
 .text.USBD_SetFeature
                0x0800c1c0       0x52 ./Middlewares/ST/STM32_USB_Device_Library/Core/Src/usbd_ctlreq.o
 .text.USBD_ClrFeature
                0x0800c212       0x44 ./Middlewares/ST/STM32_USB_Device_Library/Core/Src/usbd_ctlreq.o
 .text.USBD_ParseSetupRequest
                0x0800c256       0x74 ./Middlewares/ST/STM32_USB_Device_Library/Core/Src/usbd_ctlreq.o
                0x0800c256                USBD_ParseSetupRequest
 .text.USBD_CtlError
                0x0800c2ca       0x22 ./Middlewares/ST/STM32_USB_Device_Library/Core/Src/usbd_ctlreq.o
                0x0800c2ca                USBD_CtlError
 .text.USBD_GetString
                0x0800c2ec       0xa4 ./Middlewares/ST/STM32_USB_Device_Library/Core/Src/usbd_ctlreq.o
                0x0800c2ec                USBD_GetString
 .text.USBD_GetLen
                0x0800c390       0x34 ./Middlewares/ST/STM32_USB_Device_Library/Core/Src/usbd_ctlreq.o
 .text.USBD_CtlSendData
                0x0800c3c4       0x36 ./Middlewares/ST/STM32_USB_Device_Library/Core/Src/usbd_ioreq.o
                0x0800c3c4                USBD_CtlSendData
 .text.USBD_CtlContinueSendData
                0x0800c3fa       0x22 ./Middlewares/ST/STM32_USB_Device_Library/Core/Src/usbd_ioreq.o
                0x0800c3fa                USBD_CtlContinueSendData
 .text.USBD_CtlPrepareRx
                0x0800c41c       0x3a ./Middlewares/ST/STM32_USB_Device_Library/Core/Src/usbd_ioreq.o
                0x0800c41c                USBD_CtlPrepareRx
 .text.USBD_CtlContinueRx
                0x0800c456       0x22 ./Middlewares/ST/STM32_USB_Device_Library/Core/Src/usbd_ioreq.o
                0x0800c456                USBD_CtlContinueRx
 .text.USBD_CtlSendStatus
                0x0800c478       0x26 ./Middlewares/ST/STM32_USB_Device_Library/Core/Src/usbd_ioreq.o
                0x0800c478                USBD_CtlSendStatus
 .text.USBD_CtlReceiveStatus
                0x0800c49e       0x26 ./Middlewares/ST/STM32_USB_Device_Library/Core/Src/usbd_ioreq.o
                0x0800c49e                USBD_CtlReceiveStatus
 .text.MX_USB_DEVICE_Init
                0x0800c4c4       0x60 ./USB_DEVICE/App/usb_device.o
                0x0800c4c4                MX_USB_DEVICE_Init
 .text.CDC_Init_FS
                0x0800c524       0x28 ./USB_DEVICE/App/usbd_cdc_if.o
 .text.CDC_DeInit_FS
                0x0800c54c       0x10 ./USB_DEVICE/App/usbd_cdc_if.o
 .text.CDC_Control_FS
                0x0800c55c       0xbc ./USB_DEVICE/App/usbd_cdc_if.o
 .text.CDC_Receive_FS
                0x0800c618       0x28 ./USB_DEVICE/App/usbd_cdc_if.o
 .text.CDC_TransmitCplt_FS
                0x0800c640       0x22 ./USB_DEVICE/App/usbd_cdc_if.o
 *fill*         0x0800c662        0x2 
 .text.USBD_FS_DeviceDescriptor
                0x0800c664       0x24 ./USB_DEVICE/App/usbd_desc.o
                0x0800c664                USBD_FS_DeviceDescriptor
 .text.USBD_FS_LangIDStrDescriptor
                0x0800c688       0x24 ./USB_DEVICE/App/usbd_desc.o
                0x0800c688                USBD_FS_LangIDStrDescriptor
 .text.USBD_FS_ProductStrDescriptor
                0x0800c6ac       0x3c ./USB_DEVICE/App/usbd_desc.o
                0x0800c6ac                USBD_FS_ProductStrDescriptor
 .text.USBD_FS_ManufacturerStrDescriptor
                0x0800c6e8       0x28 ./USB_DEVICE/App/usbd_desc.o
                0x0800c6e8                USBD_FS_ManufacturerStrDescriptor
 .text.USBD_FS_SerialStrDescriptor
                0x0800c710       0x24 ./USB_DEVICE/App/usbd_desc.o
                0x0800c710                USBD_FS_SerialStrDescriptor
 .text.USBD_FS_ConfigStrDescriptor
                0x0800c734       0x3c ./USB_DEVICE/App/usbd_desc.o
                0x0800c734                USBD_FS_ConfigStrDescriptor
 .text.USBD_FS_InterfaceStrDescriptor
                0x0800c770       0x3c ./USB_DEVICE/App/usbd_desc.o
                0x0800c770                USBD_FS_InterfaceStrDescriptor
 .text.Get_SerialNum
                0x0800c7ac       0x58 ./USB_DEVICE/App/usbd_desc.o
 .text.IntToUnicode
                0x0800c804       0x7e ./USB_DEVICE/App/usbd_desc.o
 *fill*         0x0800c882        0x2 
 .text.HAL_PCD_MspInit
                0x0800c884       0xa8 ./USB_DEVICE/Target/usbd_conf.o
                0x0800c884                HAL_PCD_MspInit
 .text.HAL_PCD_SetupStageCallback
                0x0800c92c       0x24 ./USB_DEVICE/Target/usbd_conf.o
                0x0800c92c                HAL_PCD_SetupStageCallback
 .text.HAL_PCD_DataOutStageCallback
                0x0800c950       0x36 ./USB_DEVICE/Target/usbd_conf.o
                0x0800c950                HAL_PCD_DataOutStageCallback
 .text.HAL_PCD_DataInStageCallback
                0x0800c986       0x34 ./USB_DEVICE/Target/usbd_conf.o
                0x0800c986                HAL_PCD_DataInStageCallback
 .text.HAL_PCD_SOFCallback
                0x0800c9ba       0x1c ./USB_DEVICE/Target/usbd_conf.o
                0x0800c9ba                HAL_PCD_SOFCallback
 .text.HAL_PCD_ResetCallback
                0x0800c9d6       0x50 ./USB_DEVICE/Target/usbd_conf.o
                0x0800c9d6                HAL_PCD_ResetCallback
 *fill*         0x0800ca26        0x2 
 .text.HAL_PCD_SuspendCallback
                0x0800ca28       0x4c ./USB_DEVICE/Target/usbd_conf.o
                0x0800ca28                HAL_PCD_SuspendCallback
 .text.HAL_PCD_ResumeCallback
                0x0800ca74       0x1c ./USB_DEVICE/Target/usbd_conf.o
                0x0800ca74                HAL_PCD_ResumeCallback
 .text.HAL_PCD_ISOOUTIncompleteCallback
                0x0800ca90       0x24 ./USB_DEVICE/Target/usbd_conf.o
                0x0800ca90                HAL_PCD_ISOOUTIncompleteCallback
 .text.HAL_PCD_ISOINIncompleteCallback
                0x0800cab4       0x24 ./USB_DEVICE/Target/usbd_conf.o
                0x0800cab4                HAL_PCD_ISOINIncompleteCallback
 .text.HAL_PCD_ConnectCallback
                0x0800cad8       0x1c ./USB_DEVICE/Target/usbd_conf.o
                0x0800cad8                HAL_PCD_ConnectCallback
 .text.HAL_PCD_DisconnectCallback
                0x0800caf4       0x1c ./USB_DEVICE/Target/usbd_conf.o
                0x0800caf4                HAL_PCD_DisconnectCallback
 .text.USBD_LL_Init
                0x0800cb10       0x98 ./USB_DEVICE/Target/usbd_conf.o
                0x0800cb10                USBD_LL_Init
 .text.USBD_LL_Start
                0x0800cba8       0x36 ./USB_DEVICE/Target/usbd_conf.o
                0x0800cba8                USBD_LL_Start
 .text.USBD_LL_OpenEP
                0x0800cbde       0x4c ./USB_DEVICE/Target/usbd_conf.o
                0x0800cbde                USBD_LL_OpenEP
 .text.USBD_LL_CloseEP
                0x0800cc2a       0x3e ./USB_DEVICE/Target/usbd_conf.o
                0x0800cc2a                USBD_LL_CloseEP
 .text.USBD_LL_StallEP
                0x0800cc68       0x3e ./USB_DEVICE/Target/usbd_conf.o
                0x0800cc68                USBD_LL_StallEP
 .text.USBD_LL_ClearStallEP
                0x0800cca6       0x3e ./USB_DEVICE/Target/usbd_conf.o
                0x0800cca6                USBD_LL_ClearStallEP
 .text.USBD_LL_IsStallEP
                0x0800cce4       0x58 ./USB_DEVICE/Target/usbd_conf.o
                0x0800cce4                USBD_LL_IsStallEP
 .text.USBD_LL_SetUSBAddress
                0x0800cd3c       0x3e ./USB_DEVICE/Target/usbd_conf.o
                0x0800cd3c                USBD_LL_SetUSBAddress
 .text.USBD_LL_Transmit
                0x0800cd7a       0x42 ./USB_DEVICE/Target/usbd_conf.o
                0x0800cd7a                USBD_LL_Transmit
 .text.USBD_LL_PrepareReceive
                0x0800cdbc       0x42 ./USB_DEVICE/Target/usbd_conf.o
                0x0800cdbc                USBD_LL_PrepareReceive
 .text.USBD_LL_GetRxDataSize
                0x0800cdfe       0x26 ./USB_DEVICE/Target/usbd_conf.o
                0x0800cdfe                USBD_LL_GetRxDataSize
 .text.USBD_static_malloc
                0x0800ce24       0x1c ./USB_DEVICE/Target/usbd_conf.o
                0x0800ce24                USBD_static_malloc
 .text.USBD_static_free
                0x0800ce40       0x14 ./USB_DEVICE/Target/usbd_conf.o
                0x0800ce40                USBD_static_free
 .text.USBD_Get_USB_Status
                0x0800ce54       0x58 ./USB_DEVICE/Target/usbd_conf.o
                0x0800ce54                USBD_Get_USB_Status
 .text.__cvt    0x0800ceac       0xca E:/ST/STM32CubeIDE_1.16.1/STM32CubeIDE/plugins/com.st.stm32cube.ide.mcu.externaltools.gnu-tools-for-stm32.12.3.rel1.win32_1.0.200.202406191623/tools/bin/../lib/gcc/arm-none-eabi/12.3.1/../../../../arm-none-eabi/lib/thumb/v7e-m+fp/hard\libc_nano.a(libc_a-nano-vfprintf_float.o)
                0x0800ceac                __cvt
 .text.__exponent
                0x0800cf76       0x74 E:/ST/STM32CubeIDE_1.16.1/STM32CubeIDE/plugins/com.st.stm32cube.ide.mcu.externaltools.gnu-tools-for-stm32.12.3.rel1.win32_1.0.200.202406191623/tools/bin/../lib/gcc/arm-none-eabi/12.3.1/../../../../arm-none-eabi/lib/thumb/v7e-m+fp/hard\libc_nano.a(libc_a-nano-vfprintf_float.o)
                0x0800cf76                __exponent
 *fill*         0x0800cfea        0x2 
 .text._printf_float
                0x0800cfec      0x454 E:/ST/STM32CubeIDE_1.16.1/STM32CubeIDE/plugins/com.st.stm32cube.ide.mcu.externaltools.gnu-tools-for-stm32.12.3.rel1.win32_1.0.200.202406191623/tools/bin/../lib/gcc/arm-none-eabi/12.3.1/../../../../arm-none-eabi/lib/thumb/v7e-m+fp/hard\libc_nano.a(libc_a-nano-vfprintf_float.o)
                0x0800cfec                _printf_float
 .text._printf_common
                0x0800d440       0xda E:/ST/STM32CubeIDE_1.16.1/STM32CubeIDE/plugins/com.st.stm32cube.ide.mcu.externaltools.gnu-tools-for-stm32.12.3.rel1.win32_1.0.200.202406191623/tools/bin/../lib/gcc/arm-none-eabi/12.3.1/../../../../arm-none-eabi/lib/thumb/v7e-m+fp/hard\libc_nano.a(libc_a-nano-vfprintf_i.o)
                0x0800d440                _printf_common
 *fill*         0x0800d51a        0x2 
 .text._printf_i
                0x0800d51c      0x240 E:/ST/STM32CubeIDE_1.16.1/STM32CubeIDE/plugins/com.st.stm32cube.ide.mcu.externaltools.gnu-tools-for-stm32.12.3.rel1.win32_1.0.200.202406191623/tools/bin/../lib/gcc/arm-none-eabi/12.3.1/../../../../arm-none-eabi/lib/thumb/v7e-m+fp/hard\libc_nano.a(libc_a-nano-vfprintf_i.o)
                0x0800d51c                _printf_i
 .text.std      0x0800d75c       0x6c E:/ST/STM32CubeIDE_1.16.1/STM32CubeIDE/plugins/com.st.stm32cube.ide.mcu.externaltools.gnu-tools-for-stm32.12.3.rel1.win32_1.0.200.202406191623/tools/bin/../lib/gcc/arm-none-eabi/12.3.1/../../../../arm-none-eabi/lib/thumb/v7e-m+fp/hard\libc_nano.a(libc_a-findfp.o)
 .text.stdio_exit_handler
                0x0800d7c8       0x18 E:/ST/STM32CubeIDE_1.16.1/STM32CubeIDE/plugins/com.st.stm32cube.ide.mcu.externaltools.gnu-tools-for-stm32.12.3.rel1.win32_1.0.200.202406191623/tools/bin/../lib/gcc/arm-none-eabi/12.3.1/../../../../arm-none-eabi/lib/thumb/v7e-m+fp/hard\libc_nano.a(libc_a-findfp.o)
 .text.cleanup_stdio
                0x0800d7e0       0x40 E:/ST/STM32CubeIDE_1.16.1/STM32CubeIDE/plugins/com.st.stm32cube.ide.mcu.externaltools.gnu-tools-for-stm32.12.3.rel1.win32_1.0.200.202406191623/tools/bin/../lib/gcc/arm-none-eabi/12.3.1/../../../../arm-none-eabi/lib/thumb/v7e-m+fp/hard\libc_nano.a(libc_a-findfp.o)
 .text.global_stdio_init.part.0
                0x0800d820       0x3c E:/ST/STM32CubeIDE_1.16.1/STM32CubeIDE/plugins/com.st.stm32cube.ide.mcu.externaltools.gnu-tools-for-stm32.12.3.rel1.win32_1.0.200.202406191623/tools/bin/../lib/gcc/arm-none-eabi/12.3.1/../../../../arm-none-eabi/lib/thumb/v7e-m+fp/hard\libc_nano.a(libc_a-findfp.o)
 .text.__sfp_lock_acquire
                0x0800d85c        0xc E:/ST/STM32CubeIDE_1.16.1/STM32CubeIDE/plugins/com.st.stm32cube.ide.mcu.externaltools.gnu-tools-for-stm32.12.3.rel1.win32_1.0.200.202406191623/tools/bin/../lib/gcc/arm-none-eabi/12.3.1/../../../../arm-none-eabi/lib/thumb/v7e-m+fp/hard\libc_nano.a(libc_a-findfp.o)
                0x0800d85c                __sfp_lock_acquire
 .text.__sfp_lock_release
                0x0800d868        0xc E:/ST/STM32CubeIDE_1.16.1/STM32CubeIDE/plugins/com.st.stm32cube.ide.mcu.externaltools.gnu-tools-for-stm32.12.3.rel1.win32_1.0.200.202406191623/tools/bin/../lib/gcc/arm-none-eabi/12.3.1/../../../../arm-none-eabi/lib/thumb/v7e-m+fp/hard\libc_nano.a(libc_a-findfp.o)
                0x0800d868                __sfp_lock_release
 .text.__sinit  0x0800d874       0x30 E:/ST/STM32CubeIDE_1.16.1/STM32CubeIDE/plugins/com.st.stm32cube.ide.mcu.externaltools.gnu-tools-for-stm32.12.3.rel1.win32_1.0.200.202406191623/tools/bin/../lib/gcc/arm-none-eabi/12.3.1/../../../../arm-none-eabi/lib/thumb/v7e-m+fp/hard\libc_nano.a(libc_a-findfp.o)
                0x0800d874                __sinit
 .text._fwalk_sglue
                0x0800d8a4       0x3c E:/ST/STM32CubeIDE_1.16.1/STM32CubeIDE/plugins/com.st.stm32cube.ide.mcu.externaltools.gnu-tools-for-stm32.12.3.rel1.win32_1.0.200.202406191623/tools/bin/../lib/gcc/arm-none-eabi/12.3.1/../../../../arm-none-eabi/lib/thumb/v7e-m+fp/hard\libc_nano.a(libc_a-fwalk.o)
                0x0800d8a4                _fwalk_sglue
 .text.snprintf
                0x0800d8e0       0x68 E:/ST/STM32CubeIDE_1.16.1/STM32CubeIDE/plugins/com.st.stm32cube.ide.mcu.externaltools.gnu-tools-for-stm32.12.3.rel1.win32_1.0.200.202406191623/tools/bin/../lib/gcc/arm-none-eabi/12.3.1/../../../../arm-none-eabi/lib/thumb/v7e-m+fp/hard\libc_nano.a(libc_a-snprintf.o)
                0x0800d8e0                sniprintf
                0x0800d8e0                snprintf
 .text.__sread  0x0800d948       0x22 E:/ST/STM32CubeIDE_1.16.1/STM32CubeIDE/plugins/com.st.stm32cube.ide.mcu.externaltools.gnu-tools-for-stm32.12.3.rel1.win32_1.0.200.202406191623/tools/bin/../lib/gcc/arm-none-eabi/12.3.1/../../../../arm-none-eabi/lib/thumb/v7e-m+fp/hard\libc_nano.a(libc_a-stdio.o)
                0x0800d948                __sread
 .text.__swrite
                0x0800d96a       0x38 E:/ST/STM32CubeIDE_1.16.1/STM32CubeIDE/plugins/com.st.stm32cube.ide.mcu.externaltools.gnu-tools-for-stm32.12.3.rel1.win32_1.0.200.202406191623/tools/bin/../lib/gcc/arm-none-eabi/12.3.1/../../../../arm-none-eabi/lib/thumb/v7e-m+fp/hard\libc_nano.a(libc_a-stdio.o)
                0x0800d96a                __swrite
 .text.__sseek  0x0800d9a2       0x24 E:/ST/STM32CubeIDE_1.16.1/STM32CubeIDE/plugins/com.st.stm32cube.ide.mcu.externaltools.gnu-tools-for-stm32.12.3.rel1.win32_1.0.200.202406191623/tools/bin/../lib/gcc/arm-none-eabi/12.3.1/../../../../arm-none-eabi/lib/thumb/v7e-m+fp/hard\libc_nano.a(libc_a-stdio.o)
                0x0800d9a2                __sseek
 .text.__sclose
                0x0800d9c6        0x8 E:/ST/STM32CubeIDE_1.16.1/STM32CubeIDE/plugins/com.st.stm32cube.ide.mcu.externaltools.gnu-tools-for-stm32.12.3.rel1.win32_1.0.200.202406191623/tools/bin/../lib/gcc/arm-none-eabi/12.3.1/../../../../arm-none-eabi/lib/thumb/v7e-m+fp/hard\libc_nano.a(libc_a-stdio.o)
                0x0800d9c6                __sclose
 .text.memset   0x0800d9ce       0x10 E:/ST/STM32CubeIDE_1.16.1/STM32CubeIDE/plugins/com.st.stm32cube.ide.mcu.externaltools.gnu-tools-for-stm32.12.3.rel1.win32_1.0.200.202406191623/tools/bin/../lib/gcc/arm-none-eabi/12.3.1/../../../../arm-none-eabi/lib/thumb/v7e-m+fp/hard\libc_nano.a(libc_a-memset.o)
                0x0800d9ce                memset
 *fill*         0x0800d9de        0x2 
 .text._localeconv_r
                0x0800d9e0        0x8 E:/ST/STM32CubeIDE_1.16.1/STM32CubeIDE/plugins/com.st.stm32cube.ide.mcu.externaltools.gnu-tools-for-stm32.12.3.rel1.win32_1.0.200.202406191623/tools/bin/../lib/gcc/arm-none-eabi/12.3.1/../../../../arm-none-eabi/lib/thumb/v7e-m+fp/hard\libc_nano.a(libc_a-localeconv.o)
                0x0800d9e0                _localeconv_r
 .text._close_r
                0x0800d9e8       0x20 E:/ST/STM32CubeIDE_1.16.1/STM32CubeIDE/plugins/com.st.stm32cube.ide.mcu.externaltools.gnu-tools-for-stm32.12.3.rel1.win32_1.0.200.202406191623/tools/bin/../lib/gcc/arm-none-eabi/12.3.1/../../../../arm-none-eabi/lib/thumb/v7e-m+fp/hard\libc_nano.a(libc_a-closer.o)
                0x0800d9e8                _close_r
 .text._lseek_r
                0x0800da08       0x24 E:/ST/STM32CubeIDE_1.16.1/STM32CubeIDE/plugins/com.st.stm32cube.ide.mcu.externaltools.gnu-tools-for-stm32.12.3.rel1.win32_1.0.200.202406191623/tools/bin/../lib/gcc/arm-none-eabi/12.3.1/../../../../arm-none-eabi/lib/thumb/v7e-m+fp/hard\libc_nano.a(libc_a-lseekr.o)
                0x0800da08                _lseek_r
 .text._read_r  0x0800da2c       0x24 E:/ST/STM32CubeIDE_1.16.1/STM32CubeIDE/plugins/com.st.stm32cube.ide.mcu.externaltools.gnu-tools-for-stm32.12.3.rel1.win32_1.0.200.202406191623/tools/bin/../lib/gcc/arm-none-eabi/12.3.1/../../../../arm-none-eabi/lib/thumb/v7e-m+fp/hard\libc_nano.a(libc_a-readr.o)
                0x0800da2c                _read_r
 .text._write_r
                0x0800da50       0x24 E:/ST/STM32CubeIDE_1.16.1/STM32CubeIDE/plugins/com.st.stm32cube.ide.mcu.externaltools.gnu-tools-for-stm32.12.3.rel1.win32_1.0.200.202406191623/tools/bin/../lib/gcc/arm-none-eabi/12.3.1/../../../../arm-none-eabi/lib/thumb/v7e-m+fp/hard\libc_nano.a(libc_a-writer.o)
                0x0800da50                _write_r
 .text.__errno  0x0800da74        0xc E:/ST/STM32CubeIDE_1.16.1/STM32CubeIDE/plugins/com.st.stm32cube.ide.mcu.externaltools.gnu-tools-for-stm32.12.3.rel1.win32_1.0.200.202406191623/tools/bin/../lib/gcc/arm-none-eabi/12.3.1/../../../../arm-none-eabi/lib/thumb/v7e-m+fp/hard\libc_nano.a(libc_a-errno.o)
                0x0800da74                __errno
 .text.__libc_init_array
                0x0800da80       0x48 E:/ST/STM32CubeIDE_1.16.1/STM32CubeIDE/plugins/com.st.stm32cube.ide.mcu.externaltools.gnu-tools-for-stm32.12.3.rel1.win32_1.0.200.202406191623/tools/bin/../lib/gcc/arm-none-eabi/12.3.1/../../../../arm-none-eabi/lib/thumb/v7e-m+fp/hard\libc_nano.a(libc_a-init.o)
                0x0800da80                __libc_init_array
 .text.__retarget_lock_init_recursive
                0x0800dac8        0x2 E:/ST/STM32CubeIDE_1.16.1/STM32CubeIDE/plugins/com.st.stm32cube.ide.mcu.externaltools.gnu-tools-for-stm32.12.3.rel1.win32_1.0.200.202406191623/tools/bin/../lib/gcc/arm-none-eabi/12.3.1/../../../../arm-none-eabi/lib/thumb/v7e-m+fp/hard\libc_nano.a(libc_a-lock.o)
                0x0800dac8                __retarget_lock_init_recursive
 .text.__retarget_lock_acquire_recursive
                0x0800daca        0x2 E:/ST/STM32CubeIDE_1.16.1/STM32CubeIDE/plugins/com.st.stm32cube.ide.mcu.externaltools.gnu-tools-for-stm32.12.3.rel1.win32_1.0.200.202406191623/tools/bin/../lib/gcc/arm-none-eabi/12.3.1/../../../../arm-none-eabi/lib/thumb/v7e-m+fp/hard\libc_nano.a(libc_a-lock.o)
                0x0800daca                __retarget_lock_acquire_recursive
 .text.__retarget_lock_release_recursive
                0x0800dacc        0x2 E:/ST/STM32CubeIDE_1.16.1/STM32CubeIDE/plugins/com.st.stm32cube.ide.mcu.externaltools.gnu-tools-for-stm32.12.3.rel1.win32_1.0.200.202406191623/tools/bin/../lib/gcc/arm-none-eabi/12.3.1/../../../../arm-none-eabi/lib/thumb/v7e-m+fp/hard\libc_nano.a(libc_a-lock.o)
                0x0800dacc                __retarget_lock_release_recursive
 .text.quorem   0x0800dace      0x110 E:/ST/STM32CubeIDE_1.16.1/STM32CubeIDE/plugins/com.st.stm32cube.ide.mcu.externaltools.gnu-tools-for-stm32.12.3.rel1.win32_1.0.200.202406191623/tools/bin/../lib/gcc/arm-none-eabi/12.3.1/../../../../arm-none-eabi/lib/thumb/v7e-m+fp/hard\libc_nano.a(libc_a-dtoa.o)
 *fill*         0x0800dbde        0x2 
 .text._dtoa_r  0x0800dbe0      0xb88 E:/ST/STM32CubeIDE_1.16.1/STM32CubeIDE/plugins/com.st.stm32cube.ide.mcu.externaltools.gnu-tools-for-stm32.12.3.rel1.win32_1.0.200.202406191623/tools/bin/../lib/gcc/arm-none-eabi/12.3.1/../../../../arm-none-eabi/lib/thumb/v7e-m+fp/hard\libc_nano.a(libc_a-dtoa.o)
                0x0800dbe0                _dtoa_r
 .text._free_r  0x0800e768       0x94 E:/ST/STM32CubeIDE_1.16.1/STM32CubeIDE/plugins/com.st.stm32cube.ide.mcu.externaltools.gnu-tools-for-stm32.12.3.rel1.win32_1.0.200.202406191623/tools/bin/../lib/gcc/arm-none-eabi/12.3.1/../../../../arm-none-eabi/lib/thumb/v7e-m+fp/hard\libc_nano.a(libc_a-freer.o)
                0x0800e768                _free_r
 .text.malloc   0x0800e7fc       0x10 E:/ST/STM32CubeIDE_1.16.1/STM32CubeIDE/plugins/com.st.stm32cube.ide.mcu.externaltools.gnu-tools-for-stm32.12.3.rel1.win32_1.0.200.202406191623/tools/bin/../lib/gcc/arm-none-eabi/12.3.1/../../../../arm-none-eabi/lib/thumb/v7e-m+fp/hard\libc_nano.a(libc_a-malloc.o)
                0x0800e7fc                malloc
 .text.sbrk_aligned
                0x0800e80c       0x44 E:/ST/STM32CubeIDE_1.16.1/STM32CubeIDE/plugins/com.st.stm32cube.ide.mcu.externaltools.gnu-tools-for-stm32.12.3.rel1.win32_1.0.200.202406191623/tools/bin/../lib/gcc/arm-none-eabi/12.3.1/../../../../arm-none-eabi/lib/thumb/v7e-m+fp/hard\libc_nano.a(libc_a-mallocr.o)
 .text._malloc_r
                0x0800e850      0x100 E:/ST/STM32CubeIDE_1.16.1/STM32CubeIDE/plugins/com.st.stm32cube.ide.mcu.externaltools.gnu-tools-for-stm32.12.3.rel1.win32_1.0.200.202406191623/tools/bin/../lib/gcc/arm-none-eabi/12.3.1/../../../../arm-none-eabi/lib/thumb/v7e-m+fp/hard\libc_nano.a(libc_a-mallocr.o)
                0x0800e850                _malloc_r
 .text.__malloc_lock
                0x0800e950        0xc E:/ST/STM32CubeIDE_1.16.1/STM32CubeIDE/plugins/com.st.stm32cube.ide.mcu.externaltools.gnu-tools-for-stm32.12.3.rel1.win32_1.0.200.202406191623/tools/bin/../lib/gcc/arm-none-eabi/12.3.1/../../../../arm-none-eabi/lib/thumb/v7e-m+fp/hard\libc_nano.a(libc_a-mlock.o)
                0x0800e950                __malloc_lock
 .text.__malloc_unlock
                0x0800e95c        0xc E:/ST/STM32CubeIDE_1.16.1/STM32CubeIDE/plugins/com.st.stm32cube.ide.mcu.externaltools.gnu-tools-for-stm32.12.3.rel1.win32_1.0.200.202406191623/tools/bin/../lib/gcc/arm-none-eabi/12.3.1/../../../../arm-none-eabi/lib/thumb/v7e-m+fp/hard\libc_nano.a(libc_a-mlock.o)
                0x0800e95c                __malloc_unlock
 .text._Balloc  0x0800e968       0x80 E:/ST/STM32CubeIDE_1.16.1/STM32CubeIDE/plugins/com.st.stm32cube.ide.mcu.externaltools.gnu-tools-for-stm32.12.3.rel1.win32_1.0.200.202406191623/tools/bin/../lib/gcc/arm-none-eabi/12.3.1/../../../../arm-none-eabi/lib/thumb/v7e-m+fp/hard\libc_nano.a(libc_a-mprec.o)
                0x0800e968                _Balloc
 .text._Bfree   0x0800e9e8       0x44 E:/ST/STM32CubeIDE_1.16.1/STM32CubeIDE/plugins/com.st.stm32cube.ide.mcu.externaltools.gnu-tools-for-stm32.12.3.rel1.win32_1.0.200.202406191623/tools/bin/../lib/gcc/arm-none-eabi/12.3.1/../../../../arm-none-eabi/lib/thumb/v7e-m+fp/hard\libc_nano.a(libc_a-mprec.o)
                0x0800e9e8                _Bfree
 .text.__multadd
                0x0800ea2c       0x8c E:/ST/STM32CubeIDE_1.16.1/STM32CubeIDE/plugins/com.st.stm32cube.ide.mcu.externaltools.gnu-tools-for-stm32.12.3.rel1.win32_1.0.200.202406191623/tools/bin/../lib/gcc/arm-none-eabi/12.3.1/../../../../arm-none-eabi/lib/thumb/v7e-m+fp/hard\libc_nano.a(libc_a-mprec.o)
                0x0800ea2c                __multadd
 .text.__hi0bits
                0x0800eab8       0x3e E:/ST/STM32CubeIDE_1.16.1/STM32CubeIDE/plugins/com.st.stm32cube.ide.mcu.externaltools.gnu-tools-for-stm32.12.3.rel1.win32_1.0.200.202406191623/tools/bin/../lib/gcc/arm-none-eabi/12.3.1/../../../../arm-none-eabi/lib/thumb/v7e-m+fp/hard\libc_nano.a(libc_a-mprec.o)
                0x0800eab8                __hi0bits
 .text.__lo0bits
                0x0800eaf6       0x5a E:/ST/STM32CubeIDE_1.16.1/STM32CubeIDE/plugins/com.st.stm32cube.ide.mcu.externaltools.gnu-tools-for-stm32.12.3.rel1.win32_1.0.200.202406191623/tools/bin/../lib/gcc/arm-none-eabi/12.3.1/../../../../arm-none-eabi/lib/thumb/v7e-m+fp/hard\libc_nano.a(libc_a-mprec.o)
                0x0800eaf6                __lo0bits
 .text.__i2b    0x0800eb50       0x2c E:/ST/STM32CubeIDE_1.16.1/STM32CubeIDE/plugins/com.st.stm32cube.ide.mcu.externaltools.gnu-tools-for-stm32.12.3.rel1.win32_1.0.200.202406191623/tools/bin/../lib/gcc/arm-none-eabi/12.3.1/../../../../arm-none-eabi/lib/thumb/v7e-m+fp/hard\libc_nano.a(libc_a-mprec.o)
                0x0800eb50                __i2b
 .text.__multiply
                0x0800eb7c      0x154 E:/ST/STM32CubeIDE_1.16.1/STM32CubeIDE/plugins/com.st.stm32cube.ide.mcu.externaltools.gnu-tools-for-stm32.12.3.rel1.win32_1.0.200.202406191623/tools/bin/../lib/gcc/arm-none-eabi/12.3.1/../../../../arm-none-eabi/lib/thumb/v7e-m+fp/hard\libc_nano.a(libc_a-mprec.o)
                0x0800eb7c                __multiply
 .text.__pow5mult
                0x0800ecd0       0xb4 E:/ST/STM32CubeIDE_1.16.1/STM32CubeIDE/plugins/com.st.stm32cube.ide.mcu.externaltools.gnu-tools-for-stm32.12.3.rel1.win32_1.0.200.202406191623/tools/bin/../lib/gcc/arm-none-eabi/12.3.1/../../../../arm-none-eabi/lib/thumb/v7e-m+fp/hard\libc_nano.a(libc_a-mprec.o)
                0x0800ecd0                __pow5mult
 .text.__lshift
                0x0800ed84       0xd8 E:/ST/STM32CubeIDE_1.16.1/STM32CubeIDE/plugins/com.st.stm32cube.ide.mcu.externaltools.gnu-tools-for-stm32.12.3.rel1.win32_1.0.200.202406191623/tools/bin/../lib/gcc/arm-none-eabi/12.3.1/../../../../arm-none-eabi/lib/thumb/v7e-m+fp/hard\libc_nano.a(libc_a-mprec.o)
                0x0800ed84                __lshift
 .text.__mcmp   0x0800ee5c       0x36 E:/ST/STM32CubeIDE_1.16.1/STM32CubeIDE/plugins/com.st.stm32cube.ide.mcu.externaltools.gnu-tools-for-stm32.12.3.rel1.win32_1.0.200.202406191623/tools/bin/../lib/gcc/arm-none-eabi/12.3.1/../../../../arm-none-eabi/lib/thumb/v7e-m+fp/hard\libc_nano.a(libc_a-mprec.o)
                0x0800ee5c                __mcmp
 *fill*         0x0800ee92        0x2 
 .text.__mdiff  0x0800ee94      0x128 E:/ST/STM32CubeIDE_1.16.1/STM32CubeIDE/plugins/com.st.stm32cube.ide.mcu.externaltools.gnu-tools-for-stm32.12.3.rel1.win32_1.0.200.202406191623/tools/bin/../lib/gcc/arm-none-eabi/12.3.1/../../../../arm-none-eabi/lib/thumb/v7e-m+fp/hard\libc_nano.a(libc_a-mprec.o)
                0x0800ee94                __mdiff
 .text.__d2b    0x0800efbc       0xb0 E:/ST/STM32CubeIDE_1.16.1/STM32CubeIDE/plugins/com.st.stm32cube.ide.mcu.externaltools.gnu-tools-for-stm32.12.3.rel1.win32_1.0.200.202406191623/tools/bin/../lib/gcc/arm-none-eabi/12.3.1/../../../../arm-none-eabi/lib/thumb/v7e-m+fp/hard\libc_nano.a(libc_a-mprec.o)
                0x0800efbc                __d2b
 .text.__ssputs_r
                0x0800f06c       0xb6 E:/ST/STM32CubeIDE_1.16.1/STM32CubeIDE/plugins/com.st.stm32cube.ide.mcu.externaltools.gnu-tools-for-stm32.12.3.rel1.win32_1.0.200.202406191623/tools/bin/../lib/gcc/arm-none-eabi/12.3.1/../../../../arm-none-eabi/lib/thumb/v7e-m+fp/hard\libc_nano.a(libc_a-nano-svfprintf.o)
                0x0800f06c                __ssputs_r
 *fill*         0x0800f122        0x2 
 .text._svfprintf_r
                0x0800f124      0x1f8 E:/ST/STM32CubeIDE_1.16.1/STM32CubeIDE/plugins/com.st.stm32cube.ide.mcu.externaltools.gnu-tools-for-stm32.12.3.rel1.win32_1.0.200.202406191623/tools/bin/../lib/gcc/arm-none-eabi/12.3.1/../../../../arm-none-eabi/lib/thumb/v7e-m+fp/hard\libc_nano.a(libc_a-nano-svfprintf.o)
                0x0800f124                _svfiprintf_r
                0x0800f124                _svfprintf_r
 .text.__sflush_r
                0x0800f31c      0x108 E:/ST/STM32CubeIDE_1.16.1/STM32CubeIDE/plugins/com.st.stm32cube.ide.mcu.externaltools.gnu-tools-for-stm32.12.3.rel1.win32_1.0.200.202406191623/tools/bin/../lib/gcc/arm-none-eabi/12.3.1/../../../../arm-none-eabi/lib/thumb/v7e-m+fp/hard\libc_nano.a(libc_a-fflush.o)
                0x0800f31c                __sflush_r
 .text._fflush_r
                0x0800f424       0x50 E:/ST/STM32CubeIDE_1.16.1/STM32CubeIDE/plugins/com.st.stm32cube.ide.mcu.externaltools.gnu-tools-for-stm32.12.3.rel1.win32_1.0.200.202406191623/tools/bin/../lib/gcc/arm-none-eabi/12.3.1/../../../../arm-none-eabi/lib/thumb/v7e-m+fp/hard\libc_nano.a(libc_a-fflush.o)
                0x0800f424                _fflush_r
 .text.memmove  0x0800f474       0x34 E:/ST/STM32CubeIDE_1.16.1/STM32CubeIDE/plugins/com.st.stm32cube.ide.mcu.externaltools.gnu-tools-for-stm32.12.3.rel1.win32_1.0.200.202406191623/tools/bin/../lib/gcc/arm-none-eabi/12.3.1/../../../../arm-none-eabi/lib/thumb/v7e-m+fp/hard\libc_nano.a(libc_a-memmove.o)
                0x0800f474                memmove
 .text._sbrk_r  0x0800f4a8       0x20 E:/ST/STM32CubeIDE_1.16.1/STM32CubeIDE/plugins/com.st.stm32cube.ide.mcu.externaltools.gnu-tools-for-stm32.12.3.rel1.win32_1.0.200.202406191623/tools/bin/../lib/gcc/arm-none-eabi/12.3.1/../../../../arm-none-eabi/lib/thumb/v7e-m+fp/hard\libc_nano.a(libc_a-sbrkr.o)
                0x0800f4a8                _sbrk_r
 .text.memcpy   0x0800f4c8       0x1c E:/ST/STM32CubeIDE_1.16.1/STM32CubeIDE/plugins/com.st.stm32cube.ide.mcu.externaltools.gnu-tools-for-stm32.12.3.rel1.win32_1.0.200.202406191623/tools/bin/../lib/gcc/arm-none-eabi/12.3.1/../../../../arm-none-eabi/lib/thumb/v7e-m+fp/hard\libc_nano.a(libc_a-memcpy-stub.o)
                0x0800f4c8                memcpy
 .text.__assert_func
                0x0800f4e4       0x3c E:/ST/STM32CubeIDE_1.16.1/STM32CubeIDE/plugins/com.st.stm32cube.ide.mcu.externaltools.gnu-tools-for-stm32.12.3.rel1.win32_1.0.200.202406191623/tools/bin/../lib/gcc/arm-none-eabi/12.3.1/../../../../arm-none-eabi/lib/thumb/v7e-m+fp/hard\libc_nano.a(libc_a-assert.o)
                0x0800f4e4                __assert_func
 .text._calloc_r
                0x0800f520       0x28 E:/ST/STM32CubeIDE_1.16.1/STM32CubeIDE/plugins/com.st.stm32cube.ide.mcu.externaltools.gnu-tools-for-stm32.12.3.rel1.win32_1.0.200.202406191623/tools/bin/../lib/gcc/arm-none-eabi/12.3.1/../../../../arm-none-eabi/lib/thumb/v7e-m+fp/hard\libc_nano.a(libc_a-callocr.o)
                0x0800f520                _calloc_r
 .text.__ascii_mbtowc
                0x0800f548       0x24 E:/ST/STM32CubeIDE_1.16.1/STM32CubeIDE/plugins/com.st.stm32cube.ide.mcu.externaltools.gnu-tools-for-stm32.12.3.rel1.win32_1.0.200.202406191623/tools/bin/../lib/gcc/arm-none-eabi/12.3.1/../../../../arm-none-eabi/lib/thumb/v7e-m+fp/hard\libc_nano.a(libc_a-mbtowc_r.o)
                0x0800f548                __ascii_mbtowc
 .text._realloc_r
                0x0800f56c       0x5c E:/ST/STM32CubeIDE_1.16.1/STM32CubeIDE/plugins/com.st.stm32cube.ide.mcu.externaltools.gnu-tools-for-stm32.12.3.rel1.win32_1.0.200.202406191623/tools/bin/../lib/gcc/arm-none-eabi/12.3.1/../../../../arm-none-eabi/lib/thumb/v7e-m+fp/hard\libc_nano.a(libc_a-reallocr.o)
                0x0800f56c                _realloc_r
 .text.__ascii_wctomb
                0x0800f5c8       0x1a E:/ST/STM32CubeIDE_1.16.1/STM32CubeIDE/plugins/com.st.stm32cube.ide.mcu.externaltools.gnu-tools-for-stm32.12.3.rel1.win32_1.0.200.202406191623/tools/bin/../lib/gcc/arm-none-eabi/12.3.1/../../../../arm-none-eabi/lib/thumb/v7e-m+fp/hard\libc_nano.a(libc_a-wctomb_r.o)
                0x0800f5c8                __ascii_wctomb
 *fill*         0x0800f5e2        0x2 
 .text.fprintf  0x0800f5e4       0x24 E:/ST/STM32CubeIDE_1.16.1/STM32CubeIDE/plugins/com.st.stm32cube.ide.mcu.externaltools.gnu-tools-for-stm32.12.3.rel1.win32_1.0.200.202406191623/tools/bin/../lib/gcc/arm-none-eabi/12.3.1/../../../../arm-none-eabi/lib/thumb/v7e-m+fp/hard\libc_nano.a(libc_a-fprintf.o)
                0x0800f5e4                fiprintf
                0x0800f5e4                fprintf
 .text.abort    0x0800f608        0xe E:/ST/STM32CubeIDE_1.16.1/STM32CubeIDE/plugins/com.st.stm32cube.ide.mcu.externaltools.gnu-tools-for-stm32.12.3.rel1.win32_1.0.200.202406191623/tools/bin/../lib/gcc/arm-none-eabi/12.3.1/../../../../arm-none-eabi/lib/thumb/v7e-m+fp/hard\libc_nano.a(libc_a-abort.o)
                0x0800f608                abort
 .text._malloc_usable_size_r
                0x0800f616       0x10 E:/ST/STM32CubeIDE_1.16.1/STM32CubeIDE/plugins/com.st.stm32cube.ide.mcu.externaltools.gnu-tools-for-stm32.12.3.rel1.win32_1.0.200.202406191623/tools/bin/../lib/gcc/arm-none-eabi/12.3.1/../../../../arm-none-eabi/lib/thumb/v7e-m+fp/hard\libc_nano.a(libc_a-msizer.o)
                0x0800f616                _malloc_usable_size_r
 .text.__sfputc_r
                0x0800f626       0x2e E:/ST/STM32CubeIDE_1.16.1/STM32CubeIDE/plugins/com.st.stm32cube.ide.mcu.externaltools.gnu-tools-for-stm32.12.3.rel1.win32_1.0.200.202406191623/tools/bin/../lib/gcc/arm-none-eabi/12.3.1/../../../../arm-none-eabi/lib/thumb/v7e-m+fp/hard\libc_nano.a(libc_a-nano-vfprintf.o)
 .text.__sfputs_r
                0x0800f654       0x24 E:/ST/STM32CubeIDE_1.16.1/STM32CubeIDE/plugins/com.st.stm32cube.ide.mcu.externaltools.gnu-tools-for-stm32.12.3.rel1.win32_1.0.200.202406191623/tools/bin/../lib/gcc/arm-none-eabi/12.3.1/../../../../arm-none-eabi/lib/thumb/v7e-m+fp/hard\libc_nano.a(libc_a-nano-vfprintf.o)
                0x0800f654                __sfputs_r
 .text._vfprintf_r
                0x0800f678      0x230 E:/ST/STM32CubeIDE_1.16.1/STM32CubeIDE/plugins/com.st.stm32cube.ide.mcu.externaltools.gnu-tools-for-stm32.12.3.rel1.win32_1.0.200.202406191623/tools/bin/../lib/gcc/arm-none-eabi/12.3.1/../../../../arm-none-eabi/lib/thumb/v7e-m+fp/hard\libc_nano.a(libc_a-nano-vfprintf.o)
                0x0800f678                _vfprintf_r
                0x0800f678                _vfiprintf_r
 .text.__swbuf_r
                0x0800f8a8       0x7c E:/ST/STM32CubeIDE_1.16.1/STM32CubeIDE/plugins/com.st.stm32cube.ide.mcu.externaltools.gnu-tools-for-stm32.12.3.rel1.win32_1.0.200.202406191623/tools/bin/../lib/gcc/arm-none-eabi/12.3.1/../../../../arm-none-eabi/lib/thumb/v7e-m+fp/hard\libc_nano.a(libc_a-wbuf.o)
                0x0800f8a8                __swbuf_r
 .text.__swsetup_r
                0x0800f924       0xac E:/ST/STM32CubeIDE_1.16.1/STM32CubeIDE/plugins/com.st.stm32cube.ide.mcu.externaltools.gnu-tools-for-stm32.12.3.rel1.win32_1.0.200.202406191623/tools/bin/../lib/gcc/arm-none-eabi/12.3.1/../../../../arm-none-eabi/lib/thumb/v7e-m+fp/hard\libc_nano.a(libc_a-wsetup.o)
                0x0800f924                __swsetup_r
 .text._raise_r
                0x0800f9d0       0x50 E:/ST/STM32CubeIDE_1.16.1/STM32CubeIDE/plugins/com.st.stm32cube.ide.mcu.externaltools.gnu-tools-for-stm32.12.3.rel1.win32_1.0.200.202406191623/tools/bin/../lib/gcc/arm-none-eabi/12.3.1/../../../../arm-none-eabi/lib/thumb/v7e-m+fp/hard\libc_nano.a(libc_a-signal.o)
                0x0800f9d0                _raise_r