../Core/Src/liquidcrystal_i2c.c:44:6:HD44780_Init	16	static
../Core/Src/liquidcrystal_i2c.c:99:6:HD44780_Clear	8	static
../Core/Src/liquidcrystal_i2c.c:105:6:HD44780_Home	8	static
../Core/Src/liquidcrystal_i2c.c:111:6:HD44780_SetCursor	40	static
../Core/Src/liquidcrystal_i2c.c:121:6:HD44780_NoDisplay	8	static
../Core/Src/liquidcrystal_i2c.c:127:6:HD44780_Display	8	static
../Core/Src/liquidcrystal_i2c.c:133:6:HD44780_NoCursor	8	static
../Core/Src/liquidcrystal_i2c.c:139:6:HD44780_Cursor	8	static
../Core/Src/liquidcrystal_i2c.c:145:6:HD44780_NoBlink	8	static
../Core/Src/liquidcrystal_i2c.c:151:6:HD44780_Blink	8	static
../Core/Src/liquidcrystal_i2c.c:157:6:HD44780_ScrollDisplayLeft	8	static
../Core/Src/liquidcrystal_i2c.c:162:6:HD44780_ScrollDisplayRight	8	static
../Core/Src/liquidcrystal_i2c.c:167:6:HD44780_LeftToRight	8	static
../Core/Src/liquidcrystal_i2c.c:173:6:HD44780_RightToLeft	8	static
../Core/Src/liquidcrystal_i2c.c:179:6:HD44780_AutoScroll	8	static
../Core/Src/liquidcrystal_i2c.c:185:6:HD44780_NoAutoScroll	8	static
../Core/Src/liquidcrystal_i2c.c:191:6:HD44780_CreateSpecialChar	24	static
../Core/Src/liquidcrystal_i2c.c:201:6:HD44780_PrintSpecialChar	16	static
../Core/Src/liquidcrystal_i2c.c:206:6:HD44780_LoadCustomCharacter	16	static
../Core/Src/liquidcrystal_i2c.c:211:6:HD44780_PrintStr	16	static
../Core/Src/liquidcrystal_i2c.c:216:6:HD44780_SetBacklight	16	static
../Core/Src/liquidcrystal_i2c.c:222:6:HD44780_NoBacklight	8	static
../Core/Src/liquidcrystal_i2c.c:228:6:HD44780_Backlight	8	static
../Core/Src/liquidcrystal_i2c.c:234:13:SendCommand	16	static
../Core/Src/liquidcrystal_i2c.c:239:13:SendChar	16	static
../Core/Src/liquidcrystal_i2c.c:244:13:Send	24	static
../Core/Src/liquidcrystal_i2c.c:252:13:Write4Bits	16	static
../Core/Src/liquidcrystal_i2c.c:258:13:ExpanderWrite	32	static
../Core/Src/liquidcrystal_i2c.c:264:13:PulseEnable	16	static
../Core/Src/liquidcrystal_i2c.c:273:13:DelayInit	4	static,ignoring_inline_asm
../Core/Src/liquidcrystal_i2c.c:289:13:DelayUS	32	static
../Core/Src/liquidcrystal_i2c.c:300:6:Init_lcd_ar	16	static
../Core/Src/liquidcrystal_i2c.c:341:6:update_lcd_val	32	static
