../Core/Src/main.c:123:5:main	8	static
../Core/Src/main.c:268:6:SystemClock_Config	88	static
../Core/Src/main.c:316:13:MX_ADC1_Init	24	static
../Core/Src/main.c:368:13:MX_ADC2_Init	24	static
../Core/Src/main.c:420:13:MX_ADC3_Init	24	static
../Core/Src/main.c:490:13:MX_I2C1_Init	8	static
../Core/Src/main.c:524:13:MX_TIM1_Init	96	static
../Core/Src/main.c:607:13:MX_TIM2_Init	32	static
../Core/Src/main.c:652:13:MX_TIM3_Init	64	static
../Core/Src/main.c:715:13:MX_USART2_UART_Init	8	static
../Core/Src/main.c:748:13:MX_GPIO_Init	48	static
../Core/Src/main.c:811:6:HAL_GPIO_EXTI_Callback	16	static,ignoring_inline_asm
../Core/Src/main.c:832:6:handleBreakInterrupt	16	static
../Core/Src/main.c:848:6:handleHardwareFaultInterrupt	4	static
../Core/Src/main.c:855:6:handleHallSensorInterrupt	24	static
../Core/Src/main.c:877:6:readADCs	16	static
../Core/Src/main.c:906:6:doADCs	8	static
../Core/Src/main.c:947:6:setFaultState	16	static
../Core/Src/main.c:953:6:readDI	24	static
../Core/Src/main.c:966:6:setDO	8	static
../Core/Src/main.c:998:6:ready	24	static
../Core/Src/main.c:1032:6:drive	24	static
../Core/Src/main.c:1054:6:breaking	8	static
../Core/Src/main.c:1071:6:swfault	8	static
../Core/Src/main.c:1082:6:hwfault	8	static
../Core/Src/main.c:1094:6:debug	8	static
../Core/Src/main.c:1110:6:ADC3_Select_CH	32	static
../Core/Src/main.c:1154:6:Error_Handler	4	static,ignoring_inline_asm
