../Core/Src/main.c:121:5:main	8	static
../Core/Src/main.c:265:6:SystemClock_Config	88	static
../Core/Src/main.c:313:13:MX_ADC1_Init	24	static
../Core/Src/main.c:365:13:MX_ADC2_Init	24	static
../Core/Src/main.c:417:13:MX_ADC3_Init	24	static
../Core/Src/main.c:487:13:MX_I2C1_Init	8	static
../Core/Src/main.c:521:13:MX_TIM1_Init	96	static
../Core/Src/main.c:604:13:MX_TIM2_Init	32	static
../Core/Src/main.c:649:13:MX_TIM3_Init	64	static
../Core/Src/main.c:712:13:MX_USART2_UART_Init	8	static
../Core/Src/main.c:745:13:MX_GPIO_Init	48	static
../Core/Src/main.c:808:6:HAL_GPIO_EXTI_Callback	32	static,ignoring_inline_asm
../Core/Src/main.c:859:6:readADCs	16	static
../Core/Src/main.c:888:6:doADCs	8	static
../Core/Src/main.c:927:6:readDI	24	static
../Core/Src/main.c:940:6:setDO	8	static
../Core/Src/main.c:975:6:ready	24	static
../Core/Src/main.c:1000:6:drive	24	static
../Core/Src/main.c:1010:6:breaking	8	static
../Core/Src/main.c:1023:6:swfault	8	static
../Core/Src/main.c:1048:6:hwfault	8	static
../Core/Src/main.c:1061:6:debug	8	static
../Core/Src/main.c:1077:6:ADC3_Select_CH	32	static
../Core/Src/main.c:1121:6:Error_Handler	4	static,ignoring_inline_asm
