Circuit: * C:\Users\Leon\Desktop\E-BIKE\Spice\Blinker\Draft1.asc

Limiting rise time of source v3 to 0.001
Limiting fall time of source v3 to 0.001
Limiting rise time of source v4 to 0.001
Limiting fall time of source v4 to 0.001
Direct Newton iteration for .op point succeeded.

Date: Wed Dec 25 14:18:57 2024
Total elapsed time: 0.066 seconds.

tnom = 27
temp = 27
method = modified trap
totiter = 5913
traniter = 5908
tranpoints = 2583
accept = 2202
rejected = 381
matrix size = 13
fillins = 0
solver = Normal
Avg thread counts: 1.2/1.5/1.5/1.2
Matrix Compiler1: off  [0.2]/0.2/0.2
Matrix Compiler2: off  [0.1]/0.2/0.2

